features.npz を読み込み: features_shirona_garchomp_ex_v251.npz
hand_card_vocab: 30種 [6, 20, 341, 342, 343, 379, 380, 381, 387, 1079, 1080, 1086, 1097, 1122, 1123, 1141, 1142, 1152, 1173, 1182, 1197, 1203, 1206, 1208, 1213, 1219, 1225, 1227, 1256, 1261]
card_id_max=1267  embedding table size=1268 x 8
train=24545 val=2641 test=2556 (全29742件)
option特徴の標準化元行列 shape=(185308, 65)

=== ベースライン: 線形モデル(選択肢特徴のみ、状態特徴・card embeddingなし) ===
    [baseline] epoch   1  train_loss=1.4894  val_nll=1.4424 (best=1.4424, no_improve=0)  val_top1=0.4987
    [baseline] epoch   5  train_loss=1.3831  val_nll=1.4115 (best=1.4115, no_improve=0)  val_top1=0.4949
    [baseline] epoch  10  train_loss=1.3776  val_nll=1.4069 (best=1.4067, no_improve=1)  val_top1=0.4934
    [baseline] epoch  15  train_loss=1.3764  val_nll=1.4051 (best=1.4045, no_improve=1)  val_top1=0.4930
    [baseline] epoch  20  train_loss=1.3740  val_nll=1.4068 (best=1.4039, no_improve=2)  val_top1=0.4888
    [baseline] epoch  25  train_loss=1.3736  val_nll=1.4045 (best=1.4035, no_improve=4)  val_top1=0.4926
    [baseline] epoch  30  train_loss=1.3728  val_nll=1.4037 (best=1.4029, no_improve=4)  val_top1=0.4915
    [baseline] epoch  35  train_loss=1.3726  val_nll=1.4029 (best=1.4021, no_improve=4)  val_top1=0.4934
    [baseline] epoch  40  train_loss=1.3722  val_nll=1.4053 (best=1.4017, no_improve=2)  val_top1=0.4907
    [baseline] epoch  45  train_loss=1.3712  val_nll=1.4023 (best=1.4017, no_improve=7)  val_top1=0.4919
    [baseline] 早期終了: epoch 48(val_nll が 10 epoch 改善せず)
  学習完了 (73.0s)
  val : top1=0.4938  nll=1.4017
  test: top1=0.4973  nll=1.4506

=== 本命: MLP(embedding(card_id) ++ Linear(in,32) -> ReLU -> Linear(32,1)) ===
    [main] epoch   1  train_loss=1.3181  val_nll=1.2570 (best=1.2570, no_improve=0)  val_top1=0.5100
    [main] epoch   5  train_loss=1.0600  val_nll=1.1703 (best=1.1703, no_improve=0)  val_top1=0.5464
    [main] epoch  10  train_loss=0.9802  val_nll=1.1818 (best=1.1604, no_improve=3)  val_top1=0.5521
    [main] epoch  15  train_loss=0.9329  val_nll=1.2058 (best=1.1604, no_improve=8)  val_top1=0.5426
    [main] 早期終了: epoch 17(val_nll が 10 epoch 改善せず)
  学習完了 (36.4s, 17 epochs)
  train: top1=0.6177  nll=0.9867
  val  : top1=0.5536  nll=1.1604
  test : top1=0.5802  nll=1.1281
  train-val gap: top1=+0.0641  nll=+0.1737(overfitting指標)
  param_counts: {'fc1': 10400, 'fc2': 33, 'embedding': 10144, 'mlp': 10433, 'total': 20577}

=== 本命 vs ベースライン(val split) ===
  ベースライン(option only): top1=0.4938  nll=1.4017
  本命(state ++ option ++ embed): top1=0.5536  nll=1.1604

=== select_type別 Top-1一致率(本命モデル, test split) ===
  select_type= 0  n=  1757  top1=0.5908  nll=1.1203
  select_type= 1  n=   706  top1=0.5042  nll=1.2766
  select_type= 4  n=    15  top1=1.0000  nll=0.0000
  select_type= 8  n=     5  top1=1.0000  nll=0.0467
  select_type= 9  n=    73  top1=0.9452  nll=0.1937

重みを書き出しました: policy_weights_shirona_garchomp_ex_v251.json (452.6 KB)

=== 自己検証: pure_python_forward(JSON再読込) vs PyTorchモデル出力(val split 50件, float64) ===
  検証件数=50  最大誤差=1.77635684e-15  許容=1e-06
  結果: PASS

============================================================
学習パイプライン完了サマリ
============================================================
  ベースライン(option only)      test: top1=0.4973 nll=1.4506
  本命(state ++ option ++ embed) test: top1=0.5802 nll=1.1281
  自己検証: 最大誤差=1.77635684e-15 -> PASS
  出力: policy_weights_shirona_garchomp_ex_v251.json
  offline指標を書き出しました: metrics_shirona_garchomp_ex_v251.json
