features.npz を読み込み: features_crustle_v251.npz
hand_card_vocab: 37種 [1, 6, 11, 14, 18, 20, 58, 343, 344, 345, 607, 756, 1086, 1087, 1121, 1122, 1123, 1142, 1147, 1152, 1153, 1159, 1182, 1185, 1186, 1190, 1194, 1197, 1204, 1212, 1219, 1225, 1227, 1247, 1257, 1264, 1267]
card_id_max=1267  embedding table size=1268 x 8
train=55730 val=7199 test=6853 (全69782件)
option特徴の標準化元行列 shape=(360915, 65)

=== ベースライン: 線形モデル(選択肢特徴のみ、状態特徴・card embeddingなし) ===
    [baseline] epoch   1  train_loss=1.4765  val_nll=1.4417 (best=1.4417, no_improve=0)  val_top1=0.4642
    [baseline] epoch   5  train_loss=1.4223  val_nll=1.4244 (best=1.4244, no_improve=0)  val_top1=0.4723
    [baseline] epoch  10  train_loss=1.4181  val_nll=1.4177 (best=1.4177, no_improve=0)  val_top1=0.4760
    [baseline] epoch  15  train_loss=1.4172  val_nll=1.4161 (best=1.4161, no_improve=0)  val_top1=0.4756
    [baseline] epoch  20  train_loss=1.4165  val_nll=1.4154 (best=1.4154, no_improve=0)  val_top1=0.4751
    [baseline] epoch  25  train_loss=1.4160  val_nll=1.4157 (best=1.4154, no_improve=5)  val_top1=0.4770
    [baseline] epoch  30  train_loss=1.4164  val_nll=1.4149 (best=1.4145, no_improve=3)  val_top1=0.4769
    [baseline] epoch  35  train_loss=1.4163  val_nll=1.4144 (best=1.4144, no_improve=0)  val_top1=0.4746
    [baseline] epoch  40  train_loss=1.4163  val_nll=1.4157 (best=1.4144, no_improve=5)  val_top1=0.4760
    [baseline] epoch  45  train_loss=1.4171  val_nll=1.4149 (best=1.4144, no_improve=10)  val_top1=0.4795
    [baseline] 早期終了: epoch 45(val_nll が 10 epoch 改善せず)
  学習完了 (264.9s)
  val : top1=0.4746  nll=1.4144
  test: top1=0.4556  nll=1.4476

=== 本命: MLP(embedding(card_id) ++ Linear(in,32) -> ReLU -> Linear(32,1)) ===
    [main] epoch   1  train_loss=1.2425  val_nll=1.1548 (best=1.1548, no_improve=0)  val_top1=0.5781
    [main] epoch   5  train_loss=0.9982  val_nll=1.0775 (best=1.0775, no_improve=0)  val_top1=0.5936
    [main] epoch  10  train_loss=0.9318  val_nll=1.0761 (best=1.0629, no_improve=2)  val_top1=0.5938
    [main] epoch  15  train_loss=0.8950  val_nll=1.1015 (best=1.0629, no_improve=7)  val_top1=0.5899
    [main] 早期終了: epoch 18(val_nll が 10 epoch 改善せず)
  学習完了 (144.8s, 18 epochs)
  train: top1=0.6348  nll=0.9181
  val  : top1=0.5961  nll=1.0629
  test : top1=0.5814  nll=1.0799
  train-val gap: top1=+0.0387  nll=+0.1448(overfitting指標)
  param_counts: {'fc1': 10400, 'fc2': 33, 'embedding': 10144, 'mlp': 10433, 'total': 20577}

=== 本命 vs ベースライン(val split) ===
  ベースライン(option only): top1=0.4746  nll=1.4144
  本命(state ++ option ++ embed): top1=0.5961  nll=1.0629

=== select_type別 Top-1一致率(本命モデル, test split) ===
  select_type= 0  n=  5037  top1=0.5370  nll=1.1444
  select_type= 1  n=  1645  top1=0.6827  nll=0.9671
  select_type= 4  n=    66  top1=0.7727  nll=0.6572
  select_type= 8  n=    35  top1=1.0000  nll=0.0634
  select_type= 9  n=    70  top1=1.0000  nll=0.0000

重みを書き出しました: policy_weights_crustle_v251.json (451.8 KB)

=== 自己検証: pure_python_forward(JSON再読込) vs PyTorchモデル出力(val split 50件, float64) ===
  検証件数=50  最大誤差=3.10862447e-15  許容=1e-06
  結果: PASS

============================================================
学習パイプライン完了サマリ
============================================================
  ベースライン(option only)      test: top1=0.4556 nll=1.4476
  本命(state ++ option ++ embed) test: top1=0.5814 nll=1.0799
  自己検証: 最大誤差=3.10862447e-15 -> PASS
  出力: policy_weights_crustle_v251.json
  offline指標を書き出しました: metrics_crustle_v251.json
