[info] running 120 games across 7 worker processes
[progress] 10/120 games done (36.9s)
[progress] 20/120 games done (66.6s)
[progress] 30/120 games done (93.5s)
[progress] 40/120 games done (115.7s)
[progress] 50/120 games done (142.1s)
[progress] 60/120 games done (163.4s)
[progress] 70/120 games done (182.9s)
[progress] 80/120 games done (209.7s)
[progress] 90/120 games done (236.8s)
[progress] 100/120 games done (263.1s)
[progress] 110/120 games done (291.7s)
[progress] 120/120 games done (321.9s)
=== hammer diagnostic: alakazam(ml_policy/abl_5_full) vs crustle, shirona_garchomp_ex ===
games: 120/120 valid (0 errors), elapsed 322.0s, workers=7

条件緩和内訳(階層的。cond2 ⊇ cond2&3 ⊇ cond2&3&4 ⊇ qualifying=cond2&3&4&5):
  cond2(Alakazamでハンマー先発可能なエネルギー)               2605 件
  cond2&3(+ いまは倒せない)                                   1623 件
  cond2&3&4(+ 特殊エネ1枚剥がせば倒せる)                       295 件
  qualifying = cond2&3&4&5(+ 手札にハンマーがありプレイ可能)    79 件

該当決定点            79 件（120 試合中）
  ハンマーを使った     31 件（39.2%）
  使わなかった        48 件（60.8%）
    代わりに選んだ手の内訳（OptionType 別、上位5件）
      PLAY: 24 件（50.0%）
      EVOLVE: 15 件（31.2%）
      ABILITY: 9 件（18.8%）

--- run2拡張: 経路 / pipeline未起動理由 / ハンマーの方策順位 ---
  [該当決定点 全体] 79 件
    行動を決めた経路
      lethal             0 件（0.0%）
      pipeline          74 件（93.7%）
      attack_hybrid      0 件（0.0%）
      policy 単体          5 件（6.3%）
    pipeline が深い探索(Step3-5)を行わなかった理由の内訳
      lethal が先に発火(pipeline未到達)                   0 件（0.0%）
      maxCount!=1 / 選択肢なし                         0 件（0.0%）
      自分の手番でない/決着済み                               0 件（0.0%）
      スコア取得失敗/選択肢数と不一致                            0 件（0.0%）
      top1集中でスキップ (prob >= top1_shortcut_prob)    1 件（1.3%）
      深い探索を実行したが結果を得られず(scored空/例外等)              5 件（6.3%）
      深い探索(Step3-5)が実際に走り、結果を採用                  73 件（92.4%）
    ハンマーの方策順位（Step2 再現）
      1位       31 件 / 2〜4位    46 件 / 5位以下     2 件（順位計算できたのは 79/79 件）
      top_k=4 に入っていた              77 件（97.5%）
      top1 確率の中央値                0.342

  [使わなかった48件のみ] 48 件
    行動を決めた経路
      lethal             0 件（0.0%）
      pipeline          45 件（93.8%）
      attack_hybrid      0 件（0.0%）
      policy 単体          3 件（6.2%）
    pipeline が深い探索(Step3-5)を行わなかった理由の内訳
      lethal が先に発火(pipeline未到達)                   0 件（0.0%）
      maxCount!=1 / 選択肢なし                         0 件（0.0%）
      自分の手番でない/決着済み                               0 件（0.0%）
      スコア取得失敗/選択肢数と不一致                            0 件（0.0%）
      top1集中でスキップ (prob >= top1_shortcut_prob)    1 件（2.1%）
      深い探索を実行したが結果を得られず(scored空/例外等)              3 件（6.2%）
      深い探索(Step3-5)が実際に走り、結果を採用                  44 件（91.7%）
    ハンマーの方策順位（Step2 再現）
      1位        5 件 / 2〜4位    41 件 / 5位以下     2 件（順位計算できたのは 48/48 件）
      top_k=4 に入っていた              46 件（95.8%）
      top1 確率の中央値                0.340

  [使った31件のみ(比較用)] 31 件
    行動を決めた経路
      lethal             0 件（0.0%）
      pipeline          29 件（93.5%）
      attack_hybrid      0 件（0.0%）
      policy 単体          2 件（6.5%）
    pipeline が深い探索(Step3-5)を行わなかった理由の内訳
      lethal が先に発火(pipeline未到達)                   0 件（0.0%）
      maxCount!=1 / 選択肢なし                         0 件（0.0%）
      自分の手番でない/決着済み                               0 件（0.0%）
      スコア取得失敗/選択肢数と不一致                            0 件（0.0%）
      top1集中でスキップ (prob >= top1_shortcut_prob)    0 件（0.0%）
      深い探索を実行したが結果を得られず(scored空/例外等)              2 件（6.5%）
      深い探索(Step3-5)が実際に走り、結果を採用                  29 件（93.5%）
    ハンマーの方策順位（Step2 再現）
      1位       26 件 / 2〜4位     5 件 / 5位以下     0 件（順位計算できたのは 31/31 件）
      top_k=4 に入っていた              31 件（100.0%）
      top1 確率の中央値                0.358

--- 相手アーキタイプ別 ---
  crustle                qualifying=  46  used=  17  (37.0%)
  shirona_garchomp_ex    qualifying=  33  used=  14  (42.4%)

--- 使わなかった事例（最大3件、全 48 件中）---
  [1] opponent=crustle game=4
      手札枚数: 15
      相手: Mega Kangaskhan ex  HP 300/300
      付いている特殊エネ: ['Mist Energy']
      現状の想定ダメージ: 0  (Mist Energy を剥がした場合: 300)
      実際に選んだ手: PLAY(Dunsparce)
  [2] opponent=crustle game=4
      手札枚数: 15
      相手: Mega Kangaskhan ex  HP 300/300
      付いている特殊エネ: ['Mist Energy']
      現状の想定ダメージ: 0  (Mist Energy を剥がした場合: 300)
      実際に選んだ手: ABILITY(Dudunsparce)
  [3] opponent=crustle game=4
      手札枚数: 18
      相手: Mega Kangaskhan ex  HP 300/300
      付いている特殊エネ: ['Mist Energy']
      現状の想定ダメージ: 0  (Mist Energy を剥がした場合: 360)
      実際に選んだ手: PLAY(Dunsparce)

=== 問い1: ハンマーの無駄打ちを測る ===
実際にプレイされた Enhanced Hammer  242 件
  ① そのターンに倒せるようになった                  30 件（12.4%）
  ② 自分の攻撃の無効化を解いた(倒せない)              16 件（6.6%）
  ③ 打点に無関係                          196 件（81.0%）
    ③の内訳(合計 196 件):
      その瞬間 Alakazam の Powerful Hand が使えない(未進化/エネ不足)   126 件
      アクティブ以外(ベンチ)から剥がした                            30 件
      上記以外(実際に打点計算しても無関係だった)                      40 件

「倒せたのにハンマー無し」が発生した試合数           17 件
  そのうち、それ以前に①以外のハンマーを撃っていた試合   13 件（76.5%）
  平均で、その時点までに撃っていた①以外の枚数        1.59 枚
  デッキのハンマーは4枚。使い切っていた試合            0 件（0.0%）

=== 問い2: 葉評価を値ネットに替えたら直りそうか ===
value 評価器に使った重み: C:\Users\USER\Documents\pokemon\pokemon-tcg-ai-battle\kaggle_replays\value_net\value_weights_wired_2026-08-07.json
逃した局面 48 件中、比較可能  45 件
  handcrafted  ハンマー後 > 選択手後 だった件数     33 (73.3%)   平均差 +0.016
  値ネット         ハンマー後 > 選択手後 だった件数     34 (75.6%)   平均差 +0.057

result written to: C:\Users\USER\Documents\pokemon\pokemon-tcg-ai-battle\kaggle_replays\rl\hammer_diagnostic_out\run3.json
