[info] running 120 games across 7 worker processes
[progress] 10/120 games done (28.5s)
[progress] 20/120 games done (54.0s)
[progress] 30/120 games done (82.6s)
[progress] 40/120 games done (120.5s)
[progress] 50/120 games done (151.2s)
[progress] 60/120 games done (181.8s)
[progress] 70/120 games done (203.2s)
[progress] 80/120 games done (239.5s)
[progress] 90/120 games done (273.1s)
[progress] 100/120 games done (304.0s)
[progress] 110/120 games done (331.1s)
[progress] 120/120 games done (358.1s)
=== hammer diagnostic: alakazam(ml_policy/abl_5_full) vs crustle, shirona_garchomp_ex ===
tie_eps(pipeline)=0.02 (config=abl_5_full; PTCG_AI_ML_CONFIG env override確認用)
games: 120/120 valid (0 errors), elapsed 358.2s, workers=7

条件緩和内訳(階層的。cond2 ⊇ cond2&3 ⊇ cond2&3&4 ⊇ qualifying=cond2&3&4&5):
  cond2(Alakazamでハンマー先発可能なエネルギー)               2637 件
  cond2&3(+ いまは倒せない)                                   1536 件
  cond2&3&4(+ 特殊エネ1枚剥がせば倒せる)                       230 件
  qualifying = cond2&3&4&5(+ 手札にハンマーがありプレイ可能)    62 件

該当決定点            62 件（120 試合中）
  ハンマーを使った     26 件（41.9%）
  使わなかった        36 件（58.1%）
    代わりに選んだ手の内訳（OptionType 別、上位5件）
      EVOLVE: 15 件（41.7%）
      PLAY: 11 件（30.6%）
      ABILITY: 9 件（25.0%）
      ATTACH: 1 件（2.8%）

--- run2拡張: 経路 / pipeline未起動理由 / ハンマーの方策順位 ---
  [該当決定点 全体] 62 件
    行動を決めた経路
      lethal             0 件（0.0%）
      pipeline          61 件（98.4%）
      attack_hybrid      0 件（0.0%）
      policy 単体          1 件（1.6%）
    pipeline が深い探索(Step3-5)を行わなかった理由の内訳
      lethal が先に発火(pipeline未到達)                   0 件（0.0%）
      maxCount!=1 / 選択肢なし                         0 件（0.0%）
      自分の手番でない/決着済み                               0 件（0.0%）
      スコア取得失敗/選択肢数と不一致                            0 件（0.0%）
      top1集中でスキップ (prob >= top1_shortcut_prob)    0 件（0.0%）
      深い探索を実行したが結果を得られず(scored空/例外等)              1 件（1.6%）
      深い探索(Step3-5)が実際に走り、結果を採用                  61 件（98.4%）
    ハンマーの方策順位（Step2 再現）
      1位       24 件 / 2〜4位    36 件 / 5位以下     2 件（順位計算できたのは 62/62 件）
      top_k=4 に入っていた              60 件（96.8%）
      top1 確率の中央値                0.350

  [使わなかった36件のみ] 36 件
    行動を決めた経路
      lethal             0 件（0.0%）
      pipeline          36 件（100.0%）
      attack_hybrid      0 件（0.0%）
      policy 単体          0 件（0.0%）
    pipeline が深い探索(Step3-5)を行わなかった理由の内訳
      lethal が先に発火(pipeline未到達)                   0 件（0.0%）
      maxCount!=1 / 選択肢なし                         0 件（0.0%）
      自分の手番でない/決着済み                               0 件（0.0%）
      スコア取得失敗/選択肢数と不一致                            0 件（0.0%）
      top1集中でスキップ (prob >= top1_shortcut_prob)    0 件（0.0%）
      深い探索を実行したが結果を得られず(scored空/例外等)              0 件（0.0%）
      深い探索(Step3-5)が実際に走り、結果を採用                  36 件（100.0%）
    ハンマーの方策順位（Step2 再現）
      1位        2 件 / 2〜4位    32 件 / 5位以下     2 件（順位計算できたのは 36/36 件）
      top_k=4 に入っていた              34 件（94.4%）
      top1 確率の中央値                0.307

  [使った26件のみ(比較用)] 26 件
    行動を決めた経路
      lethal             0 件（0.0%）
      pipeline          25 件（96.2%）
      attack_hybrid      0 件（0.0%）
      policy 単体          1 件（3.8%）
    pipeline が深い探索(Step3-5)を行わなかった理由の内訳
      lethal が先に発火(pipeline未到達)                   0 件（0.0%）
      maxCount!=1 / 選択肢なし                         0 件（0.0%）
      自分の手番でない/決着済み                               0 件（0.0%）
      スコア取得失敗/選択肢数と不一致                            0 件（0.0%）
      top1集中でスキップ (prob >= top1_shortcut_prob)    0 件（0.0%）
      深い探索を実行したが結果を得られず(scored空/例外等)              1 件（3.8%）
      深い探索(Step3-5)が実際に走り、結果を採用                  25 件（96.2%）
    ハンマーの方策順位（Step2 再現）
      1位       22 件 / 2〜4位     4 件 / 5位以下     0 件（順位計算できたのは 26/26 件）
      top_k=4 に入っていた              26 件（100.0%）
      top1 確率の中央値                0.390

--- 相手アーキタイプ別 ---
  crustle                qualifying=  42  used=  17  (40.5%)
  shirona_garchomp_ex    qualifying=  20  used=   9  (45.0%)

--- 使わなかった事例（最大3件、全 36 件中）---
  [1] opponent=crustle game=2
      手札枚数: 13
      相手: Crustle  HP 150/150
      付いている特殊エネ: ['Mist Energy']
      現状の想定ダメージ: 0  (Mist Energy を剥がした場合: 260)
      実際に選んだ手: EVOLVE(Kadabra)
  [2] opponent=crustle game=2
      手札枚数: 14
      相手: Crustle  HP 150/150
      付いている特殊エネ: ['Mist Energy']
      現状の想定ダメージ: 0  (Mist Energy を剥がした場合: 280)
      実際に選んだ手: EVOLVE(Dudunsparce)
  [3] opponent=crustle game=2
      手札枚数: 13
      相手: Crustle  HP 150/150
      付いている特殊エネ: ['Mist Energy']
      現状の想定ダメージ: 0  (Mist Energy を剥がした場合: 260)
      実際に選んだ手: ABILITY(Dudunsparce)

=== 問い1: ハンマーの無駄打ちを測る ===
実際にプレイされた Enhanced Hammer  271 件
  ① そのターンに倒せるようになった                  25 件（9.2%）
  ② 自分の攻撃の無効化を解いた(倒せない)              18 件（6.6%）
  ③ 打点に無関係                          228 件（84.1%）
    ③の内訳(合計 228 件):
      その瞬間 Alakazam の Powerful Hand が使えない(未進化/エネ不足)   153 件
      アクティブ以外(ベンチ)から剥がした                            43 件
      上記以外(実際に打点計算しても無関係だった)                      32 件

「倒せたのにハンマー無し」が発生した試合数           15 件
  そのうち、それ以前に①以外のハンマーを撃っていた試合   13 件（86.7%）
  平均で、その時点までに撃っていた①以外の枚数        1.87 枚
  デッキのハンマーは4枚。使い切っていた試合            2 件（13.3%）

=== 問い2: 葉評価を値ネットに替えたら直りそうか ===
value 評価器に使った重み: C:\Users\USER\Documents\pokemon\pokemon-tcg-ai-battle\kaggle_replays\value_net\value_weights_wired_2026-08-07.json
逃した局面 36 件中、比較可能  36 件
  handcrafted  ハンマー後 > 選択手後 だった件数     30 (83.3%)   平均差 +0.028
  値ネット         ハンマー後 > 選択手後 だった件数     29 (80.6%)   平均差 +0.064

result written to: C:\Users\USER\Documents\pokemon\pokemon-tcg-ai-battle\kaggle_replays\rl\hammer_diagnostic_out\sweep_tie0020_baseline.json
