card_id_max = 1267(all_card_data() から動的に計算)
読み込み開始: scale_data\policy_positions_scale_f0.125_s1.jsonl.gz
weight スキーム: concentrated
  5000 件処理済み(経過 2.1s、2389.6 rows/sec)
  10000 件処理済み(経過 4.0s、2477.4 rows/sec)
  15000 件処理済み(経過 6.0s、2519.5 rows/sec)
  20000 件処理済み(経過 7.9s、2544.8 rows/sec)
  25000 件処理済み(経過 9.8s、2550.7 rows/sec)
  30000 件処理済み(経過 11.9s、2523.5 rows/sec)
  35000 件処理済み(経過 13.8s、2530.5 rows/sec)
  40000 件処理済み(経過 15.9s、2523.5 rows/sec)
  45000 件処理済み(経過 17.9s、2513.1 rows/sec)
  50000 件処理済み(経過 19.9s、2511.4 rows/sec)
  55000 件処理済み(経過 21.9s、2514.9 rows/sec)
  60000 件処理済み(経過 23.9s、2514.3 rows/sec)
  65000 件処理済み(経過 25.9s、2514.3 rows/sec)
  70000 件処理済み(経過 27.9s、2513.0 rows/sec)
  75000 件処理済み(経過 29.9s、2511.6 rows/sec)
  80000 件処理済み(経過 31.9s、2510.2 rows/sec)
  85000 件処理済み(経過 33.9s、2510.6 rows/sec)
  90000 件処理済み(経過 35.9s、2505.4 rows/sec)
  95000 件処理済み(経過 38.0s、2501.3 rows/sec)
  100000 件処理済み(経過 40.0s、2501.6 rows/sec)
  105000 件処理済み(経過 41.9s、2503.1 rows/sec)
  110000 件処理済み(経過 43.9s、2506.3 rows/sec)
  115000 件処理済み(経過 45.9s、2507.6 rows/sec)
  120000 件処理済み(経過 47.9s、2507.4 rows/sec)
  125000 件処理済み(経過 49.9s、2506.9 rows/sec)
  130000 件処理済み(経過 51.9s、2506.8 rows/sec)
  135000 件処理済み(経過 53.9s、2506.7 rows/sec)
  140000 件処理済み(経過 55.9s、2506.1 rows/sec)
  145000 件処理済み(経過 58.1s、2496.3 rows/sec)
  150000 件処理済み(経過 60.0s、2498.6 rows/sec)
  155000 件処理済み(経過 62.0s、2499.9 rows/sec)
  160000 件処理済み(経過 64.0s、2500.6 rows/sec)
  165000 件処理済み(経過 66.0s、2500.6 rows/sec)
  170000 件処理済み(経過 68.0s、2501.4 rows/sec)
  175000 件処理済み(経過 70.0s、2499.4 rows/sec)
完了: 採用 178826 件(経過 71.5s)
state_features shape=(178826, 166) dtype=float32
split 内訳: train=81049 val=12559 test=85218
書き出し完了: scale_features\features_scale_f0.125_s1.npz (19.6 MB)
注意: option_features/option_card_ids は object 配列(ragged)。読み込みは np.load(path, allow_pickle=True) を使うこと。card_id_max はスカラー(data['card_id_max'].item() で取り出す)。
