card_id_max = 1267(all_card_data() から動的に計算)
読み込み開始: scale_data\policy_positions_scale_f0.125_s2.jsonl.gz
weight スキーム: concentrated
  5000 件処理済み(経過 2.1s、2409.4 rows/sec)
  10000 件処理済み(経過 4.0s、2506.2 rows/sec)
  15000 件処理済み(経過 5.9s、2528.0 rows/sec)
  20000 件処理済み(経過 7.9s、2525.0 rows/sec)
  25000 件処理済み(経過 9.9s、2525.0 rows/sec)
  30000 件処理済み(経過 12.0s、2509.7 rows/sec)
  35000 件処理済み(経過 14.0s、2499.8 rows/sec)
  40000 件処理済み(経過 16.0s、2506.1 rows/sec)
  45000 件処理済み(経過 17.9s、2507.0 rows/sec)
  50000 件処理済み(経過 20.0s、2496.8 rows/sec)
  55000 件処理済み(経過 22.0s、2500.1 rows/sec)
  60000 件処理済み(経過 23.9s、2506.4 rows/sec)
  65000 件処理済み(経過 25.9s、2511.6 rows/sec)
  70000 件処理済み(経過 27.9s、2504.8 rows/sec)
  75000 件処理済み(経過 29.9s、2511.5 rows/sec)
  80000 件処理済み(経過 31.9s、2509.0 rows/sec)
  85000 件処理済み(経過 33.8s、2514.0 rows/sec)
  90000 件処理済み(経過 36.0s、2501.9 rows/sec)
  95000 件処理済み(経過 37.9s、2503.4 rows/sec)
  100000 件処理済み(経過 39.9s、2503.7 rows/sec)
  105000 件処理済み(経過 41.9s、2503.4 rows/sec)
  110000 件処理済み(経過 43.9s、2504.6 rows/sec)
  115000 件処理済み(経過 45.9s、2504.4 rows/sec)
  120000 件処理済み(経過 47.9s、2504.3 rows/sec)
  125000 件処理済み(経過 49.9s、2504.3 rows/sec)
  130000 件処理済み(経過 51.9s、2505.0 rows/sec)
  135000 件処理済み(経過 53.9s、2505.7 rows/sec)
  140000 件処理済み(経過 55.9s、2505.2 rows/sec)
  145000 件処理済み(経過 58.1s、2496.8 rows/sec)
  150000 件処理済み(経過 60.0s、2499.9 rows/sec)
  155000 件処理済み(経過 62.0s、2498.5 rows/sec)
  160000 件処理済み(経過 64.0s、2499.1 rows/sec)
  165000 件処理済み(経過 66.0s、2501.1 rows/sec)
  170000 件処理済み(経過 68.0s、2501.6 rows/sec)
  175000 件処理済み(経過 69.9s、2502.9 rows/sec)
完了: 採用 176683 件(経過 70.6s)
state_features shape=(176683, 166) dtype=float32
split 内訳: train=80359 val=11106 test=85218
書き出し完了: scale_features\features_scale_f0.125_s2.npz (19.4 MB)
注意: option_features/option_card_ids は object 配列(ragged)。読み込みは np.load(path, allow_pickle=True) を使うこと。card_id_max はスカラー(data['card_id_max'].item() で取り出す)。
