pass1: episode_id を収集中: C:\Users\rinnz\Documents\pokemon\pokemon-tcg-ai-battle\kaggle_replays\training_data\policy_positions_marnie_grimmsnarl_ex.jsonl.gz
  pass1: 100000 行 (経過 5.7s)
  pass1: 200000 行 (経過 11.4s)
  pass1: 300000 行 (経過 17.1s)
  pass1: 400000 行 (経過 22.8s)
  pass1: 500000 行 (経過 28.4s)
  pass1: 600000 行 (経過 34.0s)
  pass1: 700000 行 (経過 39.6s)
  pass1: 800000 行 (経過 45.2s)
pass1完了: 818350 行 / 6228 エピソード (経過 46.2s)
train/valエピソード間引き: 5565 -> 696 (fraction=0.125, seed=2) / testエピソード 663 は全件保持
pass2: 出力中: scale_data\policy_positions_scale_f0.125_s2.jsonl.gz
  pass2: 100000 行走査済み (経過 7.4s)
  pass2: 200000 行走査済み (経過 14.9s)
  pass2: 300000 行走査済み (経過 22.3s)
  pass2: 400000 行走査済み (経過 29.6s)
  pass2: 500000 行走査済み (経過 37.2s)
  pass2: 600000 行走査済み (経過 44.8s)
  pass2: 700000 行走査済み (経過 52.1s)
  pass2: 800000 行走査済み (経過 59.7s)
pass2完了: 決定点数 818350 -> 176683 (経過 61.2s)
書き出し完了: scale_data\policy_positions_scale_f0.125_s2.jsonl.gz (39.5 MB)
元のエピソード数 6228 -> 残したエピソード数 1359
決定点数: 818350 -> 176683
