pass1: episode_id を収集中: C:\Users\USER\Documents\pokemon\pokemon-tcg-ai-battle\kaggle_replays\training_data\policy_positions_marnie_grimmsnarl_ex.jsonl.gz
  pass1: 100000 行 (経過 6.0s)
  pass1: 200000 行 (経過 12.0s)
  pass1: 300000 行 (経過 18.0s)
  pass1: 400000 行 (経過 24.0s)
  pass1: 500000 行 (経過 29.9s)
  pass1: 600000 行 (経過 35.8s)
  pass1: 700000 行 (経過 41.8s)
  pass1: 800000 行 (経過 47.8s)
pass1完了: 818350 行 / 6228 エピソード (経過 48.9s)
train/valエピソード間引き: 5565 -> 696 (fraction=0.125, seed=1) / testエピソード 663 は全件保持
pass2: 出力中: scale_data\policy_positions_scale_f0.125_s1.jsonl.gz
  pass2: 100000 行走査済み (経過 7.8s)
  pass2: 200000 行走査済み (経過 15.8s)
  pass2: 300000 行走査済み (経過 23.8s)
  pass2: 400000 行走査済み (経過 31.7s)
  pass2: 500000 行走査済み (経過 39.1s)
  pass2: 600000 行走査済み (経過 46.7s)
  pass2: 700000 行走査済み (経過 54.2s)
  pass2: 800000 行走査済み (経過 61.7s)
pass2完了: 決定点数 818350 -> 178826 (経過 63.1s)
書き出し完了: scale_data\policy_positions_scale_f0.125_s1.jsonl.gz (39.9 MB)
元のエピソード数 6228 -> 残したエピソード数 1359
決定点数: 818350 -> 178826
