pass1: episode_id を収集中: C:\Users\USER\Documents\pokemon\pokemon-tcg-ai-battle\kaggle_replays\training_data\policy_positions_marnie_grimmsnarl_ex.jsonl.gz
  pass1: 100000 行 (経過 5.6s)
  pass1: 200000 行 (経過 11.3s)
  pass1: 300000 行 (経過 16.9s)
  pass1: 400000 行 (経過 22.5s)
  pass1: 500000 行 (経過 28.0s)
  pass1: 600000 行 (経過 33.6s)
  pass1: 700000 行 (経過 39.1s)
  pass1: 800000 行 (経過 44.6s)
pass1完了: 818350 行 / 6228 エピソード (経過 45.7s)
train/valエピソード間引き: 5565 -> 2782 (fraction=0.5, seed=2) / testエピソード 663 は全件保持
pass2: 出力中: scale_data\policy_positions_scale_f0.5_s2.jsonl.gz
  pass2: 100000 行走査済み (経過 10.2s)
  pass2: 200000 行走査済み (経過 21.1s)
  pass2: 300000 行走査済み (経過 31.6s)
  pass2: 400000 行走査済み (経過 42.0s)
  pass2: 500000 行走査済み (経過 52.5s)
  pass2: 600000 行走査済み (経過 63.1s)
  pass2: 700000 行走査済み (経過 73.6s)
  pass2: 800000 行走査済み (経過 83.8s)
pass2完了: 決定点数 818350 -> 449460 (経過 85.8s)
書き出し完了: scale_data\policy_positions_scale_f0.5_s2.jsonl.gz (100.5 MB)
元のエピソード数 6228 -> 残したエピソード数 3445
決定点数: 818350 -> 449460
