features.npz を読み込み: scale_features\features_scale_f0.125_s1.npz
card_id_max=1267  embedding table size=1268 x 8
train=81049 val=12559 test=85218 (全178826件)
option特徴の標準化元行列 shape=(434455, 65)

=== ベースライン: 線形モデル(選択肢特徴のみ、状態特徴・card embeddingなし) ===
    [baseline] epoch   1  train_loss=1.1425  val_nll=1.0956 (best=1.0956, no_improve=0)  val_top1=0.5860
    [baseline] epoch   5  train_loss=1.0659  val_nll=1.0595 (best=1.0595, no_improve=0)  val_top1=0.5943
    [baseline] epoch  10  train_loss=1.0595  val_nll=1.0522 (best=1.0522, no_improve=0)  val_top1=0.5989
    [baseline] epoch  15  train_loss=1.0579  val_nll=1.0521 (best=1.0506, no_improve=2)  val_top1=0.5946
    [baseline] epoch  20  train_loss=1.0574  val_nll=1.0507 (best=1.0497, no_improve=1)  val_top1=0.6023
    [baseline] epoch  25  train_loss=1.0570  val_nll=1.0511 (best=1.0497, no_improve=6)  val_top1=0.6012
    [baseline] epoch  30  train_loss=1.0574  val_nll=1.0492 (best=1.0492, no_improve=0)  val_top1=0.6010
    [baseline] epoch  35  train_loss=1.0575  val_nll=1.0506 (best=1.0492, no_improve=5)  val_top1=0.5993
    [baseline] epoch  40  train_loss=1.0571  val_nll=1.0508 (best=1.0492, no_improve=10)  val_top1=0.6012
    [baseline] 早期終了: epoch 40(val_nll が 10 epoch 改善せず)
  学習完了 (280.3s)
  val : top1=0.6010  nll=1.0492
  test: top1=0.6052  nll=1.0573

=== 本命: MLP(embedding(card_id) ++ Linear(in,32) -> ReLU -> Linear(32,1)) ===
    [main] epoch   1  train_loss=0.9367  val_nll=0.8244 (best=0.8244, no_improve=0)  val_top1=0.7046
    [main] epoch   5  train_loss=0.7614  val_nll=0.7865 (best=0.7864, no_improve=1)  val_top1=0.7159
    [main] epoch  10  train_loss=0.7283  val_nll=0.7819 (best=0.7819, no_improve=0)  val_top1=0.7196
    [main] epoch  15  train_loss=0.7110  val_nll=0.7964 (best=0.7819, no_improve=5)  val_top1=0.7134
    [main] epoch  20  train_loss=0.6996  val_nll=0.7989 (best=0.7819, no_improve=10)  val_top1=0.7174
    [main] 早期終了: epoch 20(val_nll が 10 epoch 改善せず)
  学習完了 (168.0s, 20 epochs)
  train: top1=0.7357  nll=0.7094
  val  : top1=0.7196  nll=0.7819
  test : top1=0.7132  nll=0.8114
  train-val gap: top1=+0.0160  nll=+0.0725(overfitting指標)
  param_counts: {'fc1': 7680, 'fc2': 33, 'embedding': 10144, 'mlp': 7713, 'total': 17857}

=== 本命 vs ベースライン(val split) ===
  ベースライン(option only): top1=0.6010  nll=1.0492
  本命(state ++ option ++ embed): top1=0.7196  nll=0.7819

=== select_type別 Top-1一致率(本命モデル, test split) ===
  select_type= 0  n= 38915  top1=0.6394  nll=1.0142
  select_type= 1  n= 36309  top1=0.7206  nll=0.7881
  select_type= 2  n=    64  top1=1.0000  nll=0.0000
  select_type= 4  n=  1318  top1=0.8900  nll=0.3703
  select_type= 7  n=   818  top1=0.9719  nll=0.1387
  select_type= 8  n=  5278  top1=0.9898  nll=0.0772
  select_type= 9  n=  2516  top1=0.9825  nll=0.0817

重みを書き出しました: C:\Users\USER\Documents\pokemon\pokemon-tcg-ai-battle\sample_submission\ptcg_ai\learning\policy_weights_scale_f0.125_s1.json (388.8 KB)

=== 自己検証: pure_python_forward(JSON再読込) vs PyTorchモデル出力(val split 50件, float64) ===
  検証件数=50  最大誤差=7.10542736e-15  許容=1e-06
  結果: PASS

============================================================
学習パイプライン完了サマリ
============================================================
  ベースライン(option only)      test: top1=0.6052 nll=1.0573
  本命(state ++ option ++ embed) test: top1=0.7132 nll=0.8114
  自己検証: 最大誤差=7.10542736e-15 -> PASS
  出力: C:\Users\USER\Documents\pokemon\pokemon-tcg-ai-battle\sample_submission\ptcg_ai\learning\policy_weights_scale_f0.125_s1.json
  offline指標を書き出しました: scale_metrics\metrics_f0.125_s1.json
