features.npz を読み込み: scale_features\features_scale_f0.25_s1.npz
card_id_max=1267  embedding table size=1268 x 8
train=160168 val=22791 test=85218 (全268177件)
option特徴の標準化元行列 shape=(860603, 65)

=== ベースライン: 線形モデル(選択肢特徴のみ、状態特徴・card embeddingなし) ===
    [baseline] epoch   1  train_loss=1.1060  val_nll=1.0936 (best=1.0936, no_improve=0)  val_top1=0.5908
    [baseline] epoch   5  train_loss=1.0613  val_nll=1.0744 (best=1.0744, no_improve=0)  val_top1=0.5966
    [baseline] epoch  10  train_loss=1.0598  val_nll=1.0728 (best=1.0721, no_improve=2)  val_top1=0.5958
    [baseline] epoch  15  train_loss=1.0595  val_nll=1.0724 (best=1.0719, no_improve=1)  val_top1=0.5980
    [baseline] epoch  20  train_loss=1.0600  val_nll=1.0727 (best=1.0719, no_improve=6)  val_top1=0.5973
    [baseline] 早期終了: epoch 24(val_nll が 10 epoch 改善せず)
  学習完了 (327.1s)
  val : top1=0.5978  nll=1.0719
  test: top1=0.6074  nll=1.0564

=== 本命: MLP(embedding(card_id) ++ Linear(in,32) -> ReLU -> Linear(32,1)) ===
    [main] epoch   1  train_loss=0.8829  val_nll=0.8242 (best=0.8242, no_improve=0)  val_top1=0.7018
    [main] epoch   5  train_loss=0.7569  val_nll=0.7862 (best=0.7862, no_improve=0)  val_top1=0.7160
    [main] epoch  10  train_loss=0.7347  val_nll=0.7891 (best=0.7856, no_improve=4)  val_top1=0.7150
    [main] epoch  15  train_loss=0.7235  val_nll=0.7860 (best=0.7825, no_improve=1)  val_top1=0.7146
    [main] epoch  20  train_loss=0.7153  val_nll=0.7857 (best=0.7825, no_improve=6)  val_top1=0.7160
    [main] 早期終了: epoch 24(val_nll が 10 epoch 改善せず)
  学習完了 (426.0s, 24 epochs)
  train: top1=0.7362  nll=0.7114
  val  : top1=0.7171  nll=0.7825
  test : top1=0.7198  nll=0.7827
  train-val gap: top1=+0.0191  nll=+0.0711(overfitting指標)
  param_counts: {'fc1': 7680, 'fc2': 33, 'embedding': 10144, 'mlp': 7713, 'total': 17857}

=== 本命 vs ベースライン(val split) ===
  ベースライン(option only): top1=0.5978  nll=1.0719
  本命(state ++ option ++ embed): top1=0.7171  nll=0.7825

=== select_type別 Top-1一致率(本命モデル, test split) ===
  select_type= 0  n= 38915  top1=0.6482  nll=0.9737
  select_type= 1  n= 36309  top1=0.7268  nll=0.7639
  select_type= 2  n=    64  top1=1.0000  nll=0.0000
  select_type= 4  n=  1318  top1=0.8892  nll=0.3773
  select_type= 7  n=   818  top1=0.9682  nll=0.1408
  select_type= 8  n=  5278  top1=0.9898  nll=0.0735
  select_type= 9  n=  2516  top1=0.9837  nll=0.0837

重みを書き出しました: C:\Users\USER\Documents\pokemon\pokemon-tcg-ai-battle\sample_submission\ptcg_ai\learning\policy_weights_scale_f0.25_s1.json (387.8 KB)

=== 自己検証: pure_python_forward(JSON再読込) vs PyTorchモデル出力(val split 50件, float64) ===
  検証件数=50  最大誤差=2.66453526e-15  許容=1e-06
  結果: PASS

============================================================
学習パイプライン完了サマリ
============================================================
  ベースライン(option only)      test: top1=0.6074 nll=1.0564
  本命(state ++ option ++ embed) test: top1=0.7198 nll=0.7827
  自己検証: 最大誤差=2.66453526e-15 -> PASS
  出力: C:\Users\USER\Documents\pokemon\pokemon-tcg-ai-battle\sample_submission\ptcg_ai\learning\policy_weights_scale_f0.25_s1.json
  offline指標を書き出しました: scale_metrics\metrics_f0.25_s1.json
