features.npz を読み込み: C:\Users\USER\Documents\pokemon\pokemon-tcg-ai-battle\kaggle_replays\policy_net\features_marnie_grimmsnarl_ex.npz
card_id_max=1267  embedding table size=1268 x 8
train=649343 val=83789 test=85218 (全818350件)
option特徴の標準化元行列 shape=(3507301, 65)

=== ベースライン: 線形モデル(選択肢特徴のみ、状態特徴・card embeddingなし) ===
    [baseline] epoch   1  train_loss=1.0833  val_nll=1.0645 (best=1.0645, no_improve=0)  val_top1=0.6011
    [baseline] epoch   5  train_loss=1.0646  val_nll=1.0624 (best=1.0623, no_improve=1)  val_top1=0.6016
    [baseline] epoch  10  train_loss=1.0646  val_nll=1.0622 (best=1.0622, no_improve=0)  val_top1=0.6005
    [baseline] epoch  15  train_loss=1.0646  val_nll=1.0622 (best=1.0615, no_improve=2)  val_top1=0.6007
    [baseline] epoch  20  train_loss=1.0647  val_nll=1.0618 (best=1.0615, no_improve=7)  val_top1=0.6011
    [baseline] 早期終了: epoch 23(val_nll が 10 epoch 改善せず)
  学習完了 (1470.4s)
  val : top1=0.6000  nll=1.0615
  test: top1=0.6041  nll=1.0563

=== 本命: MLP(embedding(card_id) ++ Linear(in,32) -> ReLU -> Linear(32,1)) ===
    [main] epoch   1  train_loss=0.8154  val_nll=0.7824 (best=0.7824, no_improve=0)  val_top1=0.7188
    [main] epoch   5  train_loss=0.7396  val_nll=0.7502 (best=0.7502, no_improve=0)  val_top1=0.7278
    [main] epoch  10  train_loss=0.7240  val_nll=0.7408 (best=0.7408, no_improve=0)  val_top1=0.7291
    [main] epoch  15  train_loss=0.7166  val_nll=0.7370 (best=0.7367, no_improve=1)  val_top1=0.7301
    [main] epoch  20  train_loss=0.7121  val_nll=0.7340 (best=0.7329, no_improve=1)  val_top1=0.7317
    [main] epoch  25  train_loss=0.7087  val_nll=0.7313 (best=0.7307, no_improve=2)  val_top1=0.7329
    [main] epoch  30  train_loss=0.7068  val_nll=0.7297 (best=0.7287, no_improve=1)  val_top1=0.7307
    [main] epoch  35  train_loss=0.7047  val_nll=0.7307 (best=0.7285, no_improve=1)  val_top1=0.7342
    [main] epoch  40  train_loss=0.7032  val_nll=0.7269 (best=0.7261, no_improve=2)  val_top1=0.7324
    [main] epoch  45  train_loss=0.7023  val_nll=0.7256 (best=0.7247, no_improve=2)  val_top1=0.7335
    [main] epoch  50  train_loss=0.7012  val_nll=0.7248 (best=0.7247, no_improve=7)  val_top1=0.7336
    [main] 早期終了: epoch 53(val_nll が 10 epoch 改善せず)
  学習完了 (3976.1s, 53 epochs)
  train: top1=0.7441  nll=0.6973
  val  : top1=0.7340  nll=0.7247
  test : top1=0.7369  nll=0.7259
  train-val gap: top1=+0.0101  nll=+0.0274(overfitting指標)
  param_counts: {'fc1': 7680, 'fc2': 33, 'embedding': 10144, 'mlp': 7713, 'total': 17857}

=== 本命 vs ベースライン(val split) ===
  ベースライン(option only): top1=0.6000  nll=1.0615
  本命(state ++ option ++ embed): top1=0.7340  nll=0.7247

=== select_type別 Top-1一致率(本命モデル, test split) ===
  select_type= 0  n= 38915  top1=0.6733  nll=0.8890
  select_type= 1  n= 36309  top1=0.7400  nll=0.7239
  select_type= 2  n=    64  top1=1.0000  nll=0.0000
  select_type= 4  n=  1318  top1=0.8892  nll=0.3504
  select_type= 7  n=   818  top1=0.9719  nll=0.1374
  select_type= 8  n=  5278  top1=0.9898  nll=0.0683
  select_type= 9  n=  2516  top1=0.9821  nll=0.0711

重みを書き出しました: C:\Users\USER\Documents\pokemon\pokemon-tcg-ai-battle\sample_submission\ptcg_ai\learning\policy_weights_scale_f1.0_s2.json (384.8 KB)

=== 自己検証: pure_python_forward(JSON再読込) vs PyTorchモデル出力(val split 50件, float64) ===
  検証件数=50  最大誤差=1.42108547e-14  許容=1e-06
  結果: PASS

============================================================
学習パイプライン完了サマリ
============================================================
  ベースライン(option only)      test: top1=0.6041 nll=1.0563
  本命(state ++ option ++ embed) test: top1=0.7369 nll=0.7259
  自己検証: 最大誤差=1.42108547e-14 -> PASS
  出力: C:\Users\USER\Documents\pokemon\pokemon-tcg-ai-battle\sample_submission\ptcg_ai\learning\policy_weights_scale_f1.0_s2.json
  offline指標を書き出しました: scale_metrics\metrics_f1.0_s2.json
