features.npz を読み込み: scale_features\features_scale_f0.5_s2.npz
card_id_max=1267  embedding table size=1268 x 8
train=322315 val=41927 test=85218 (全449460件)
option特徴の標準化元行列 shape=(1737292, 65)

=== ベースライン: 線形モデル(選択肢特徴のみ、状態特徴・card embeddingなし) ===
    [baseline] epoch   1  train_loss=1.0931  val_nll=1.0750 (best=1.0750, no_improve=0)  val_top1=0.5973
    [baseline] epoch   5  train_loss=1.0622  val_nll=1.0629 (best=1.0629, no_improve=1)  val_top1=0.6021
    [baseline] epoch  10  train_loss=1.0618  val_nll=1.0633 (best=1.0620, no_improve=1)  val_top1=0.6021
    [baseline] epoch  15  train_loss=1.0617  val_nll=1.0627 (best=1.0620, no_improve=6)  val_top1=0.6016
    [baseline] epoch  20  train_loss=1.0617  val_nll=1.0631 (best=1.0619, no_improve=1)  val_top1=0.6011
    [baseline] epoch  25  train_loss=1.0619  val_nll=1.0635 (best=1.0619, no_improve=6)  val_top1=0.6017
    [baseline] epoch  30  train_loss=1.0620  val_nll=1.0634 (best=1.0617, no_improve=4)  val_top1=0.5981
    [baseline] epoch  35  train_loss=1.0616  val_nll=1.0617 (best=1.0617, no_improve=1)  val_top1=0.6071
    [baseline] epoch  40  train_loss=1.0616  val_nll=1.0633 (best=1.0617, no_improve=6)  val_top1=0.6041
    [baseline] epoch  45  train_loss=1.0619  val_nll=1.0633 (best=1.0615, no_improve=2)  val_top1=0.6053
    [baseline] epoch  50  train_loss=1.0617  val_nll=1.0623 (best=1.0615, no_improve=7)  val_top1=0.6004
    [baseline] 早期終了: epoch 53(val_nll が 10 epoch 改善せず)
  学習完了 (1877.7s)
  val : top1=0.6009  nll=1.0615
  test: top1=0.6040  nll=1.0559

=== 本命: MLP(embedding(card_id) ++ Linear(in,32) -> ReLU -> Linear(32,1)) ===
    [main] epoch   1  train_loss=0.8404  val_nll=0.8079 (best=0.8079, no_improve=0)  val_top1=0.7067
    [main] epoch   5  train_loss=0.7470  val_nll=0.7742 (best=0.7742, no_improve=0)  val_top1=0.7188
    [main] epoch  10  train_loss=0.7286  val_nll=0.7699 (best=0.7693, no_improve=1)  val_top1=0.7213
    [main] epoch  15  train_loss=0.7190  val_nll=0.7615 (best=0.7615, no_improve=0)  val_top1=0.7237
    [main] epoch  20  train_loss=0.7128  val_nll=0.7649 (best=0.7613, no_improve=1)  val_top1=0.7223
    [main] epoch  25  train_loss=0.7087  val_nll=0.7584 (best=0.7571, no_improve=2)  val_top1=0.7249
    [main] epoch  30  train_loss=0.7050  val_nll=0.7633 (best=0.7564, no_improve=1)  val_top1=0.7225
    [main] epoch  35  train_loss=0.7022  val_nll=0.7558 (best=0.7541, no_improve=1)  val_top1=0.7248
    [main] epoch  40  train_loss=0.6997  val_nll=0.7571 (best=0.7541, no_improve=6)  val_top1=0.7248
    [main] 早期終了: epoch 44(val_nll が 10 epoch 改善せず)
  学習完了 (2030.0s, 44 epochs)
  train: top1=0.7442  nll=0.6936
  val  : top1=0.7255  nll=0.7541
  test : top1=0.7300  nll=0.7493
  train-val gap: top1=+0.0187  nll=+0.0605(overfitting指標)
  param_counts: {'fc1': 7680, 'fc2': 33, 'embedding': 10144, 'mlp': 7713, 'total': 17857}

=== 本命 vs ベースライン(val split) ===
  ベースライン(option only): top1=0.6009  nll=1.0615
  本命(state ++ option ++ embed): top1=0.7255  nll=0.7541

=== select_type別 Top-1一致率(本命モデル, test split) ===
  select_type= 0  n= 38915  top1=0.6632  nll=0.9216
  select_type= 1  n= 36309  top1=0.7346  nll=0.7420
  select_type= 2  n=    64  top1=1.0000  nll=0.0000
  select_type= 4  n=  1318  top1=0.8900  nll=0.3626
  select_type= 7  n=   818  top1=0.9731  nll=0.1314
  select_type= 8  n=  5278  top1=0.9898  nll=0.0761
  select_type= 9  n=  2516  top1=0.9833  nll=0.0789

重みを書き出しました: C:\Users\rinnz\Documents\pokemon\pokemon-tcg-ai-battle\sample_submission\ptcg_ai\learning\policy_weights_scale_f0.5_s2.json (385.9 KB)

=== 自己検証: pure_python_forward(JSON再読込) vs PyTorchモデル出力(val split 50件, float64) ===
  検証件数=50  最大誤差=4.44089210e-15  許容=1e-06
  結果: PASS

============================================================
学習パイプライン完了サマリ
============================================================
  ベースライン(option only)      test: top1=0.6040 nll=1.0559
  本命(state ++ option ++ embed) test: top1=0.7300 nll=0.7493
  自己検証: 最大誤差=4.44089210e-15 -> PASS
  出力: C:\Users\rinnz\Documents\pokemon\pokemon-tcg-ai-battle\sample_submission\ptcg_ai\learning\policy_weights_scale_f0.5_s2.json
  offline指標を書き出しました: scale_metrics\metrics_f0.5_s2.json
