
written to: C:\Users\rinnz\Documents\pokemon\pokemon-tcg-ai-battle\scratchpad\runs\combined\shard4.json
{
  "games_run": 20,
  "valid_games": 20,
  "errors": 0,
  "error_details": [],
  "wins": 3,
  "losses": 17,
  "draws": 0,
  "win_rate": 0.15,
  "wilson_95ci": [
    0.05236874589621659,
    0.36041886474075696
  ],
  "avg_turns": 20.45,
  "our_attacks_total": 102,
  "zero_damage_attacks": 60,
  "zero_damage_rate": 0.5882352941176471,
  "ex_vs_wall_zero_damage": 58,
  "mean_prizes_taken": 2.3,
  "kangaskhan_ko_distribution": {
    "1": 9,
    "0": 8,
    "2+": 3
  },
  "loss_reason_breakdown": {
    "prizes_taken": 7,
    "deckout": 10
  },
  "board_dev": {
    "150": {
      "name": "hydrapple_ex",
      "n_reached": 12,
      "n_games": 20,
      "reach_rate": 0.6,
      "median_turn": 6.5,
      "turns": [
        7,
        4,
        6,
        5,
        14,
        7,
        4,
        6,
        3,
        8,
        7,
        8
      ]
    },
    "710": {
      "name": "meganium",
      "n_reached": 19,
      "n_games": 20,
      "reach_rate": 0.95,
      "median_turn": 9,
      "turns": [
        9,
        10,
        3,
        12,
        5,
        4,
        19,
        8,
        35,
        6,
        9,
        4,
        13,
        10,
        15,
        26,
        17,
        4,
        7
      ]
    },
    "93": {
      "name": "dipplin",
      "n_reached": 19,
      "n_games": 20,
      "reach_rate": 0.95,
      "median_turn": 6,
      "turns": [
        13,
        4,
        7,
        4,
        11,
        6,
        4,
        5,
        14,
        7,
        4,
        5,
        8,
        3,
        4,
        3,
        8,
        7,
        6
      ]
    },
    "96": {
      "name": "ogerpon_ex",
      "n_reached": 20,
      "n_games": 20,
      "reach_rate": 1.0,
      "median_turn": 1.0,
      "turns": [
        1,
        1,
        1,
        2,
        3,
        1,
        5,
        1,
        3,
        1,
        1,
        2,
        1,
        1,
        1,
        1,
        1,
        1,
        1,
        1
      ]
    }
  },
  "wall_guard_stats": {
    "guard_a_checks": 502,
    "guard_a_fired": 7,
    "guard_b_checks": 77,
    "guard_b_fired": 14,
    "pending_checks": 21,
    "pending_consumed": 21,
    "pending_dropped": 0
  },
  "elapsed_seconds": 468.5586681365967,
  "a_config_base": "abl_5_full_wallguard",
  "b_config_base": "abl_5_full",
  "deck_opp": "C:\\Users\\rinnz\\Documents\\pokemon\\pokemon-tcg-ai-battle\\kaggle_replays\\meta_analysis\\archetype_decks\\crustle\\06.csv",
  "deck_ours": "C:\\Users\\rinnz\\Documents\\pokemon\\pokemon-tcg-ai-battle\\kaggle_replays\\meta_analysis\\archetype_decks\\kamitsuorochi_ex\\06.csv",
  "weights_ours": "C:\\Users\\rinnz\\Documents\\pokemon\\pokemon-tcg-ai-battle\\sample_submission\\ptcg_ai\\learning\\policy_weights_kamitsuorochi_ex_multisel_s42.json",
  "weights_opp": "C:\\Users\\rinnz\\Documents\\pokemon\\pokemon-tcg-ai-battle\\sample_submission\\ptcg_ai\\learning\\policy_weights_crustle_v715b_s42.json"
}
