
written to: C:\Users\rinnz\Documents\pokemon\pokemon-tcg-ai-battle\scratchpad\runs\combined\shard0.json
{
  "games_run": 20,
  "valid_games": 20,
  "errors": 0,
  "error_details": [],
  "wins": 1,
  "losses": 19,
  "draws": 0,
  "win_rate": 0.05,
  "wilson_95ci": [
    0.008881448800795402,
    0.23613119344674208
  ],
  "avg_turns": 21.3,
  "our_attacks_total": 120,
  "zero_damage_attacks": 76,
  "zero_damage_rate": 0.6333333333333333,
  "ex_vs_wall_zero_damage": 74,
  "mean_prizes_taken": 1.55,
  "kangaskhan_ko_distribution": {
    "1": 6,
    "0": 13,
    "2+": 1
  },
  "loss_reason_breakdown": {
    "deckout": 13,
    "prizes_taken": 6
  },
  "board_dev": {
    "150": {
      "name": "hydrapple_ex",
      "n_reached": 11,
      "n_games": 20,
      "reach_rate": 0.55,
      "median_turn": 7,
      "turns": [
        11,
        3,
        7,
        4,
        10,
        8,
        4,
        11,
        16,
        6,
        6
      ]
    },
    "710": {
      "name": "meganium",
      "n_reached": 16,
      "n_games": 20,
      "reach_rate": 0.8,
      "median_turn": 9.5,
      "turns": [
        7,
        8,
        13,
        8,
        4,
        9,
        16,
        4,
        19,
        14,
        11,
        10,
        9,
        12,
        9,
        22
      ]
    },
    "93": {
      "name": "dipplin",
      "n_reached": 15,
      "n_games": 20,
      "reach_rate": 0.75,
      "median_turn": 4,
      "turns": [
        11,
        4,
        3,
        7,
        4,
        4,
        4,
        17,
        4,
        3,
        5,
        14,
        4,
        3,
        4
      ]
    },
    "96": {
      "name": "ogerpon_ex",
      "n_reached": 20,
      "n_games": 20,
      "reach_rate": 1.0,
      "median_turn": 1.0,
      "turns": [
        1,
        2,
        1,
        1,
        3,
        1,
        1,
        1,
        1,
        1,
        5,
        1,
        9,
        1,
        1,
        2,
        1,
        2,
        1,
        8
      ]
    }
  },
  "wall_guard_stats": {
    "guard_a_checks": 584,
    "guard_a_fired": 4,
    "guard_b_checks": 125,
    "guard_b_fired": 11,
    "pending_checks": 15,
    "pending_consumed": 15,
    "pending_dropped": 0
  },
  "elapsed_seconds": 457.46871304512024,
  "a_config_base": "abl_5_full_wallguard",
  "b_config_base": "abl_5_full",
  "deck_opp": "C:\\Users\\rinnz\\Documents\\pokemon\\pokemon-tcg-ai-battle\\kaggle_replays\\meta_analysis\\archetype_decks\\crustle\\06.csv",
  "deck_ours": "C:\\Users\\rinnz\\Documents\\pokemon\\pokemon-tcg-ai-battle\\kaggle_replays\\meta_analysis\\archetype_decks\\kamitsuorochi_ex\\06.csv",
  "weights_ours": "C:\\Users\\rinnz\\Documents\\pokemon\\pokemon-tcg-ai-battle\\sample_submission\\ptcg_ai\\learning\\policy_weights_kamitsuorochi_ex_multisel_s42.json",
  "weights_opp": "C:\\Users\\rinnz\\Documents\\pokemon\\pokemon-tcg-ai-battle\\sample_submission\\ptcg_ai\\learning\\policy_weights_crustle_v715b_s42.json"
}
