
written to: C:\Users\rinnz\Documents\pokemon\pokemon-tcg-ai-battle\scratchpad\runs\combined\shard3.json
{
  "games_run": 20,
  "valid_games": 20,
  "errors": 0,
  "error_details": [],
  "wins": 2,
  "losses": 18,
  "draws": 0,
  "win_rate": 0.1,
  "wilson_95ci": [
    0.02786648121376822,
    0.3010336452284873
  ],
  "avg_turns": 19.5,
  "our_attacks_total": 101,
  "zero_damage_attacks": 69,
  "zero_damage_rate": 0.6831683168316832,
  "ex_vs_wall_zero_damage": 61,
  "mean_prizes_taken": 1.15,
  "kangaskhan_ko_distribution": {
    "1": 3,
    "2+": 2,
    "0": 15
  },
  "loss_reason_breakdown": {
    "deckout": 13,
    "prizes_taken": 4,
    "no_active_pokemon": 1
  },
  "board_dev": {
    "150": {
      "name": "hydrapple_ex",
      "n_reached": 16,
      "n_games": 20,
      "reach_rate": 0.8,
      "median_turn": 6.0,
      "turns": [
        5,
        6,
        5,
        4,
        11,
        9,
        6,
        7,
        7,
        4,
        9,
        3,
        10,
        9,
        3,
        4
      ]
    },
    "710": {
      "name": "meganium",
      "n_reached": 18,
      "n_games": 20,
      "reach_rate": 0.9,
      "median_turn": 7.0,
      "turns": [
        7,
        6,
        5,
        8,
        3,
        13,
        12,
        7,
        6,
        7,
        4,
        13,
        8,
        15,
        10,
        11,
        6,
        4
      ]
    },
    "93": {
      "name": "dipplin",
      "n_reached": 19,
      "n_games": 20,
      "reach_rate": 0.95,
      "median_turn": 4,
      "turns": [
        5,
        6,
        3,
        4,
        3,
        5,
        4,
        7,
        8,
        7,
        4,
        3,
        6,
        3,
        10,
        3,
        4,
        3,
        4
      ]
    },
    "96": {
      "name": "ogerpon_ex",
      "n_reached": 19,
      "n_games": 20,
      "reach_rate": 0.95,
      "median_turn": 1,
      "turns": [
        1,
        1,
        1,
        1,
        1,
        1,
        1,
        2,
        1,
        2,
        3,
        2,
        1,
        1,
        1,
        5,
        1,
        1,
        1
      ]
    }
  },
  "wall_guard_stats": {
    "guard_a_checks": 578,
    "guard_a_fired": 9,
    "guard_b_checks": 94,
    "guard_b_fired": 9,
    "pending_checks": 18,
    "pending_consumed": 18,
    "pending_dropped": 0
  },
  "elapsed_seconds": 439.4104948043823,
  "a_config_base": "abl_5_full_wallguard",
  "b_config_base": "abl_5_full",
  "deck_opp": "C:\\Users\\rinnz\\Documents\\pokemon\\pokemon-tcg-ai-battle\\kaggle_replays\\meta_analysis\\archetype_decks\\crustle\\06.csv",
  "deck_ours": "C:\\Users\\rinnz\\Documents\\pokemon\\pokemon-tcg-ai-battle\\kaggle_replays\\meta_analysis\\archetype_decks\\kamitsuorochi_ex\\06.csv",
  "weights_ours": "C:\\Users\\rinnz\\Documents\\pokemon\\pokemon-tcg-ai-battle\\sample_submission\\ptcg_ai\\learning\\policy_weights_kamitsuorochi_ex_multisel_s42.json",
  "weights_opp": "C:\\Users\\rinnz\\Documents\\pokemon\\pokemon-tcg-ai-battle\\sample_submission\\ptcg_ai\\learning\\policy_weights_crustle_v715b_s42.json"
}
