
written to: C:\Users\rinnz\Documents\pokemon\pokemon-tcg-ai-battle\scratchpad\runs\combined\shard1.json
{
  "games_run": 20,
  "valid_games": 20,
  "errors": 0,
  "error_details": [],
  "wins": 0,
  "losses": 20,
  "draws": 0,
  "win_rate": 0.0,
  "wilson_95ci": [
    0.0,
    0.16112515805281938
  ],
  "avg_turns": 23.55,
  "our_attacks_total": 135,
  "zero_damage_attacks": 92,
  "zero_damage_rate": 0.6814814814814815,
  "ex_vs_wall_zero_damage": 91,
  "mean_prizes_taken": 1.7,
  "kangaskhan_ko_distribution": {
    "0": 10,
    "1": 10
  },
  "loss_reason_breakdown": {
    "prizes_taken": 9,
    "deckout": 11
  },
  "board_dev": {
    "150": {
      "name": "hydrapple_ex",
      "n_reached": 14,
      "n_games": 20,
      "reach_rate": 0.7,
      "median_turn": 8.0,
      "turns": [
        12,
        3,
        10,
        5,
        8,
        15,
        8,
        3,
        16,
        3,
        10,
        8,
        9,
        6
      ]
    },
    "710": {
      "name": "meganium",
      "n_reached": 14,
      "n_games": 20,
      "reach_rate": 0.7,
      "median_turn": 9.5,
      "turns": [
        6,
        10,
        11,
        3,
        14,
        4,
        9,
        4,
        3,
        19,
        22,
        5,
        14,
        16
      ]
    },
    "93": {
      "name": "dipplin",
      "n_reached": 17,
      "n_games": 20,
      "reach_rate": 0.85,
      "median_turn": 4,
      "turns": [
        4,
        4,
        3,
        6,
        3,
        4,
        4,
        5,
        4,
        3,
        16,
        3,
        6,
        17,
        6,
        3,
        6
      ]
    },
    "96": {
      "name": "ogerpon_ex",
      "n_reached": 20,
      "n_games": 20,
      "reach_rate": 1.0,
      "median_turn": 1.0,
      "turns": [
        1,
        1,
        1,
        1,
        1,
        2,
        1,
        1,
        9,
        2,
        7,
        2,
        9,
        1,
        1,
        1,
        1,
        1,
        1,
        10
      ]
    }
  },
  "wall_guard_stats": {
    "guard_a_checks": 507,
    "guard_a_fired": 9,
    "guard_b_checks": 103,
    "guard_b_fired": 12,
    "pending_checks": 21,
    "pending_consumed": 21,
    "pending_dropped": 0
  },
  "elapsed_seconds": 481.00902342796326,
  "a_config_base": "abl_5_full_wallguard",
  "b_config_base": "abl_5_full",
  "deck_opp": "C:\\Users\\rinnz\\Documents\\pokemon\\pokemon-tcg-ai-battle\\kaggle_replays\\meta_analysis\\archetype_decks\\crustle\\06.csv",
  "deck_ours": "C:\\Users\\rinnz\\Documents\\pokemon\\pokemon-tcg-ai-battle\\kaggle_replays\\meta_analysis\\archetype_decks\\kamitsuorochi_ex\\06.csv",
  "weights_ours": "C:\\Users\\rinnz\\Documents\\pokemon\\pokemon-tcg-ai-battle\\sample_submission\\ptcg_ai\\learning\\policy_weights_kamitsuorochi_ex_multisel_s42.json",
  "weights_opp": "C:\\Users\\rinnz\\Documents\\pokemon\\pokemon-tcg-ai-battle\\sample_submission\\ptcg_ai\\learning\\policy_weights_crustle_v715b_s42.json"
}
