
written to: C:\Users\rinnz\Documents\pokemon\pokemon-tcg-ai-battle\scratchpad\runs\combined\shard2.json
{
  "games_run": 20,
  "valid_games": 20,
  "errors": 0,
  "error_details": [],
  "wins": 2,
  "losses": 18,
  "draws": 0,
  "win_rate": 0.1,
  "wilson_95ci": [
    0.02786648121376822,
    0.3010336452284873
  ],
  "avg_turns": 19.45,
  "our_attacks_total": 109,
  "zero_damage_attacks": 60,
  "zero_damage_rate": 0.5504587155963303,
  "ex_vs_wall_zero_damage": 58,
  "mean_prizes_taken": 1.8,
  "kangaskhan_ko_distribution": {
    "1": 7,
    "2+": 2,
    "0": 11
  },
  "loss_reason_breakdown": {
    "prizes_taken": 8,
    "deckout": 9,
    "no_active_pokemon": 1
  },
  "board_dev": {
    "150": {
      "name": "hydrapple_ex",
      "n_reached": 12,
      "n_games": 20,
      "reach_rate": 0.6,
      "median_turn": 7.0,
      "turns": [
        7,
        3,
        4,
        11,
        3,
        6,
        11,
        8,
        14,
        4,
        7,
        8
      ]
    },
    "710": {
      "name": "meganium",
      "n_reached": 13,
      "n_games": 20,
      "reach_rate": 0.65,
      "median_turn": 8,
      "turns": [
        15,
        8,
        12,
        3,
        11,
        12,
        8,
        5,
        6,
        9,
        10,
        7,
        8
      ]
    },
    "93": {
      "name": "dipplin",
      "n_reached": 16,
      "n_games": 20,
      "reach_rate": 0.8,
      "median_turn": 6.0,
      "turns": [
        7,
        6,
        3,
        4,
        11,
        8,
        3,
        3,
        6,
        9,
        6,
        6,
        5,
        4,
        7,
        8
      ]
    },
    "96": {
      "name": "ogerpon_ex",
      "n_reached": 19,
      "n_games": 20,
      "reach_rate": 0.95,
      "median_turn": 1,
      "turns": [
        1,
        2,
        1,
        2,
        19,
        1,
        3,
        1,
        1,
        1,
        1,
        2,
        1,
        2,
        2,
        1,
        2,
        1,
        1
      ]
    }
  },
  "wall_guard_stats": {
    "guard_a_checks": 538,
    "guard_a_fired": 3,
    "guard_b_checks": 89,
    "guard_b_fired": 19,
    "pending_checks": 22,
    "pending_consumed": 22,
    "pending_dropped": 0
  },
  "elapsed_seconds": 456.2586238384247,
  "a_config_base": "abl_5_full_wallguard",
  "b_config_base": "abl_5_full",
  "deck_opp": "C:\\Users\\rinnz\\Documents\\pokemon\\pokemon-tcg-ai-battle\\kaggle_replays\\meta_analysis\\archetype_decks\\crustle\\06.csv",
  "deck_ours": "C:\\Users\\rinnz\\Documents\\pokemon\\pokemon-tcg-ai-battle\\kaggle_replays\\meta_analysis\\archetype_decks\\kamitsuorochi_ex\\06.csv",
  "weights_ours": "C:\\Users\\rinnz\\Documents\\pokemon\\pokemon-tcg-ai-battle\\sample_submission\\ptcg_ai\\learning\\policy_weights_kamitsuorochi_ex_multisel_s42.json",
  "weights_opp": "C:\\Users\\rinnz\\Documents\\pokemon\\pokemon-tcg-ai-battle\\sample_submission\\ptcg_ai\\learning\\policy_weights_crustle_v715b_s42.json"
}
