
written to: C:\Users\rinnz\Documents\pokemon\pokemon-tcg-ai-battle\scratchpad\runs\baseline_current\shard1.json
{
  "games_run": 20,
  "valid_games": 20,
  "errors": 0,
  "error_details": [],
  "wins": 0,
  "losses": 20,
  "draws": 0,
  "win_rate": 0.0,
  "wilson_95ci": [
    0.0,
    0.16112515805281938
  ],
  "avg_turns": 21.25,
  "our_attacks_total": 102,
  "zero_damage_attacks": 69,
  "zero_damage_rate": 0.6764705882352942,
  "ex_vs_wall_zero_damage": 67,
  "mean_prizes_taken": 1.05,
  "kangaskhan_ko_distribution": {
    "0": 14,
    "1": 6
  },
  "loss_reason_breakdown": {
    "prizes_taken": 11,
    "deckout": 7,
    "no_active_pokemon": 2
  },
  "board_dev": {
    "150": {
      "name": "hydrapple_ex",
      "n_reached": 13,
      "n_games": 20,
      "reach_rate": 0.65,
      "median_turn": 7,
      "turns": [
        9,
        4,
        4,
        7,
        16,
        5,
        4,
        12,
        12,
        5,
        11,
        8,
        5
      ]
    },
    "710": {
      "name": "meganium",
      "n_reached": 13,
      "n_games": 20,
      "reach_rate": 0.65,
      "median_turn": 7,
      "turns": [
        14,
        3,
        4,
        8,
        4,
        19,
        10,
        5,
        18,
        5,
        7,
        4,
        9
      ]
    },
    "93": {
      "name": "dipplin",
      "n_reached": 15,
      "n_games": 20,
      "reach_rate": 0.75,
      "median_turn": 5,
      "turns": [
        7,
        4,
        4,
        5,
        6,
        5,
        4,
        5,
        12,
        5,
        12,
        5,
        5,
        6,
        3
      ]
    },
    "96": {
      "name": "ogerpon_ex",
      "n_reached": 19,
      "n_games": 20,
      "reach_rate": 0.95,
      "median_turn": 2,
      "turns": [
        3,
        2,
        3,
        2,
        3,
        16,
        3,
        2,
        1,
        1,
        1,
        2,
        1,
        1,
        1,
        3,
        2,
        7,
        1
      ]
    }
  },
  "elapsed_seconds": 452.6263098716736,
  "config_base": "abl_5_full",
  "deck_opp": "C:\\Users\\rinnz\\Documents\\pokemon\\pokemon-tcg-ai-battle\\kaggle_replays\\meta_analysis\\archetype_decks\\crustle\\06.csv",
  "deck_ours": "C:\\Users\\rinnz\\Documents\\pokemon\\pokemon-tcg-ai-battle\\kaggle_replays\\meta_analysis\\archetype_decks\\kamitsuorochi_ex\\06.csv",
  "weights_ours": "C:\\Users\\rinnz\\Documents\\pokemon\\pokemon-tcg-ai-battle\\sample_submission\\ptcg_ai\\learning\\policy_weights.json",
  "weights_opp": "C:\\Users\\rinnz\\Documents\\pokemon\\pokemon-tcg-ai-battle\\sample_submission\\ptcg_ai\\learning\\policy_weights_crustle_v715b_s42.json"
}
