
written to: C:\Users\rinnz\Documents\pokemon\pokemon-tcg-ai-battle\scratchpad\runs\baseline_current\shard4.json
{
  "games_run": 20,
  "valid_games": 20,
  "errors": 0,
  "error_details": [],
  "wins": 1,
  "losses": 19,
  "draws": 0,
  "win_rate": 0.05,
  "wilson_95ci": [
    0.008881448800795402,
    0.23613119344674208
  ],
  "avg_turns": 23.45,
  "our_attacks_total": 139,
  "zero_damage_attacks": 93,
  "zero_damage_rate": 0.6690647482014388,
  "ex_vs_wall_zero_damage": 91,
  "mean_prizes_taken": 1.25,
  "kangaskhan_ko_distribution": {
    "0": 14,
    "1": 5,
    "2+": 1
  },
  "loss_reason_breakdown": {
    "deckout": 8,
    "prizes_taken": 11
  },
  "board_dev": {
    "150": {
      "name": "hydrapple_ex",
      "n_reached": 15,
      "n_games": 20,
      "reach_rate": 0.75,
      "median_turn": 7,
      "turns": [
        9,
        6,
        3,
        18,
        4,
        17,
        10,
        11,
        10,
        7,
        5,
        4,
        5,
        4,
        7
      ]
    },
    "710": {
      "name": "meganium",
      "n_reached": 12,
      "n_games": 20,
      "reach_rate": 0.6,
      "median_turn": 9.5,
      "turns": [
        17,
        7,
        16,
        8,
        3,
        14,
        13,
        8,
        11,
        6,
        11,
        4
      ]
    },
    "93": {
      "name": "dipplin",
      "n_reached": 18,
      "n_games": 20,
      "reach_rate": 0.9,
      "median_turn": 5.5,
      "turns": [
        9,
        6,
        3,
        16,
        4,
        11,
        10,
        11,
        10,
        7,
        5,
        4,
        5,
        4,
        3,
        6,
        5,
        4
      ]
    },
    "96": {
      "name": "ogerpon_ex",
      "n_reached": 20,
      "n_games": 20,
      "reach_rate": 1.0,
      "median_turn": 1.0,
      "turns": [
        1,
        1,
        3,
        1,
        1,
        2,
        1,
        1,
        7,
        1,
        1,
        2,
        1,
        2,
        1,
        1,
        1,
        2,
        1,
        1
      ]
    }
  },
  "elapsed_seconds": 469.1297161579132,
  "config_base": "abl_5_full",
  "deck_opp": "C:\\Users\\rinnz\\Documents\\pokemon\\pokemon-tcg-ai-battle\\kaggle_replays\\meta_analysis\\archetype_decks\\crustle\\06.csv",
  "deck_ours": "C:\\Users\\rinnz\\Documents\\pokemon\\pokemon-tcg-ai-battle\\kaggle_replays\\meta_analysis\\archetype_decks\\kamitsuorochi_ex\\06.csv",
  "weights_ours": "C:\\Users\\rinnz\\Documents\\pokemon\\pokemon-tcg-ai-battle\\sample_submission\\ptcg_ai\\learning\\policy_weights.json",
  "weights_opp": "C:\\Users\\rinnz\\Documents\\pokemon\\pokemon-tcg-ai-battle\\sample_submission\\ptcg_ai\\learning\\policy_weights_crustle_v715b_s42.json"
}
