
written to: C:\Users\rinnz\Documents\pokemon\pokemon-tcg-ai-battle\scratchpad\runs\baseline_current\shard3.json
{
  "games_run": 20,
  "valid_games": 20,
  "errors": 0,
  "error_details": [],
  "wins": 4,
  "losses": 16,
  "draws": 0,
  "win_rate": 0.2,
  "wilson_95ci": [
    0.08065766257979808,
    0.41601743225189364
  ],
  "avg_turns": 20.0,
  "our_attacks_total": 122,
  "zero_damage_attacks": 75,
  "zero_damage_rate": 0.6147540983606558,
  "ex_vs_wall_zero_damage": 61,
  "mean_prizes_taken": 1.5,
  "kangaskhan_ko_distribution": {
    "0": 14,
    "1": 3,
    "2+": 3
  },
  "loss_reason_breakdown": {
    "prizes_taken": 10,
    "deckout": 6
  },
  "board_dev": {
    "150": {
      "name": "hydrapple_ex",
      "n_reached": 11,
      "n_games": 20,
      "reach_rate": 0.55,
      "median_turn": 9,
      "turns": [
        6,
        3,
        17,
        4,
        12,
        13,
        8,
        3,
        20,
        13,
        9
      ]
    },
    "710": {
      "name": "meganium",
      "n_reached": 13,
      "n_games": 20,
      "reach_rate": 0.65,
      "median_turn": 8,
      "turns": [
        5,
        13,
        20,
        11,
        10,
        15,
        6,
        5,
        14,
        5,
        5,
        8,
        8
      ]
    },
    "93": {
      "name": "dipplin",
      "n_reached": 17,
      "n_games": 20,
      "reach_rate": 0.85,
      "median_turn": 5,
      "turns": [
        3,
        4,
        3,
        6,
        17,
        4,
        9,
        10,
        3,
        4,
        11,
        8,
        3,
        20,
        9,
        4,
        5
      ]
    },
    "96": {
      "name": "ogerpon_ex",
      "n_reached": 20,
      "n_games": 20,
      "reach_rate": 1.0,
      "median_turn": 1.0,
      "turns": [
        9,
        4,
        1,
        1,
        1,
        1,
        3,
        1,
        3,
        1,
        5,
        2,
        1,
        1,
        1,
        2,
        1,
        1,
        1,
        1
      ]
    }
  },
  "elapsed_seconds": 473.279420375824,
  "config_base": "abl_5_full",
  "deck_opp": "C:\\Users\\rinnz\\Documents\\pokemon\\pokemon-tcg-ai-battle\\kaggle_replays\\meta_analysis\\archetype_decks\\crustle\\06.csv",
  "deck_ours": "C:\\Users\\rinnz\\Documents\\pokemon\\pokemon-tcg-ai-battle\\kaggle_replays\\meta_analysis\\archetype_decks\\kamitsuorochi_ex\\06.csv",
  "weights_ours": "C:\\Users\\rinnz\\Documents\\pokemon\\pokemon-tcg-ai-battle\\sample_submission\\ptcg_ai\\learning\\policy_weights.json",
  "weights_opp": "C:\\Users\\rinnz\\Documents\\pokemon\\pokemon-tcg-ai-battle\\sample_submission\\ptcg_ai\\learning\\policy_weights_crustle_v715b_s42.json"
}
