card_id_max = 1267(all_card_data() から動的に計算)
読み込み開始: C:\Users\rinnz\Documents\pokemon\pokemon-tcg-ai-battle\kaggle_replays\training_data\policy_positions_alakazam.jsonl.gz
weight スキーム: concentrated
  5000 件処理済み(経過 2.0s、2460.3 rows/sec)
  10000 件処理済み(経過 3.9s、2532.8 rows/sec)
  15000 件処理済み(経過 5.9s、2529.5 rows/sec)
  20000 件処理済み(経過 7.9s、2532.4 rows/sec)
  25000 件処理済み(経過 9.9s、2522.8 rows/sec)
  30000 件処理済み(経過 12.1s、2477.3 rows/sec)
  35000 件処理済み(経過 14.3s、2446.1 rows/sec)
  40000 件処理済み(経過 16.4s、2432.9 rows/sec)
  45000 件処理済み(経過 18.5s、2427.2 rows/sec)
  50000 件処理済み(経過 20.6s、2428.5 rows/sec)
  55000 件処理済み(経過 22.7s、2422.4 rows/sec)
  60000 件処理済み(経過 24.7s、2432.1 rows/sec)
  65000 件処理済み(経過 26.7s、2437.3 rows/sec)
  70000 件処理済み(経過 28.8s、2433.3 rows/sec)
  75000 件処理済み(経過 30.7s、2439.1 rows/sec)
  80000 件処理済み(経過 32.8s、2437.9 rows/sec)
  85000 件処理済み(経過 34.8s、2440.4 rows/sec)
  90000 件処理済み(経過 37.0s、2433.8 rows/sec)
  95000 件処理済み(経過 38.9s、2440.4 rows/sec)
  100000 件処理済み(経過 41.0s、2438.4 rows/sec)
  105000 件処理済み(経過 43.0s、2440.4 rows/sec)
  110000 件処理済み(経過 45.1s、2441.3 rows/sec)
完了: 採用 110759 件(経過 45.4s)
state_features shape=(110759, 166) dtype=float32
split 内訳: train=89722 val=9537 test=11500
書き出し完了: C:\Users\rinnz\Documents\pokemon\pokemon-tcg-ai-battle\kaggle_replays\policy_net\features_alakazam.npz (15.9 MB)
注意: option_features/option_card_ids は object 配列(ragged)。読み込みは np.load(path, allow_pickle=True) を使うこと。card_id_max はスカラー(data['card_id_max'].item() で取り出す)。
