features.npz を読み込み: features_alakazam_enc2.npz
card_id_max=1267  embedding table size=1268 x 8
train=89722 val=9537 test=11500 (全110759件)
option特徴の標準化元行列 shape=(762128, 67)

=== ベースライン: 線形モデル(選択肢特徴のみ、状態特徴・card embeddingなし) ===
    [baseline] epoch   1  train_loss=1.4347  val_nll=1.3840 (best=1.3840, no_improve=0)  val_top1=0.5240
    [baseline] epoch   5  train_loss=1.3796  val_nll=1.3661 (best=1.3661, no_improve=0)  val_top1=0.5313
    [baseline] epoch  10  train_loss=1.3762  val_nll=1.3625 (best=1.3625, no_improve=0)  val_top1=0.5338
    [baseline] epoch  15  train_loss=1.3760  val_nll=1.3657 (best=1.3625, no_improve=5)  val_top1=0.5334
    [baseline] epoch  20  train_loss=1.3749  val_nll=1.3655 (best=1.3625, no_improve=10)  val_top1=0.5359
    [baseline] 早期終了: epoch 20(val_nll が 10 epoch 改善せず)
  学習完了 (291.1s)
  val : top1=0.5338  nll=1.3625
  test: top1=0.5462  nll=1.3405

=== 本命: MLP(embedding(card_id) ++ Linear(in,32) -> ReLU -> Linear(32,1)) ===
    [main] epoch   1  train_loss=1.1646  val_nll=1.0690 (best=1.0690, no_improve=0)  val_top1=0.6233
    [main] epoch   5  train_loss=0.9326  val_nll=0.9920 (best=0.9920, no_improve=0)  val_top1=0.6471
    [main] epoch  10  train_loss=0.8839  val_nll=0.9871 (best=0.9782, no_improve=2)  val_top1=0.6563
    [main] epoch  15  train_loss=0.8614  val_nll=0.9868 (best=0.9782, no_improve=7)  val_top1=0.6566
    [main] 早期終了: epoch 18(val_nll が 10 epoch 改善せず)
  学習完了 (322.3s, 18 epochs)
  train: top1=0.6893  nll=0.8713
  val  : top1=0.6548  nll=0.9782
  test : top1=0.6595  nll=0.9800
  train-val gap: top1=+0.0344  nll=+0.1070(overfitting指標)
  param_counts: {'fc1': 8512, 'fc2': 33, 'embedding': 10144, 'mlp': 8545, 'total': 18689}

=== 本命 vs ベースライン(val split) ===
  ベースライン(option only): top1=0.5338  nll=1.3625
  本命(state ++ option ++ embed): top1=0.6548  nll=0.9782

=== select_type別 Top-1一致率(本命モデル, test split) ===
  select_type= 0  n=  7035  top1=0.5775  nll=1.2326
  select_type= 1  n=  2987  top1=0.7084  nll=0.8069
  select_type= 4  n=   186  top1=0.9516  nll=0.1113
  select_type= 7  n=   173  top1=0.8960  nll=0.2994
  select_type= 8  n=    33  top1=0.9394  nll=0.1304
  select_type= 9  n=  1086  top1=0.9595  nll=0.1122

重みを書き出しました: ..\..\sample_submission\ptcg_ai\learning\policy_weights_alakazam_enc2.json (407.9 KB)

=== 自己検証: pure_python_forward(JSON再読込) vs PyTorchモデル出力(val split 50件, float64) ===
  検証件数=50  最大誤差=3.55271368e-15  許容=1e-06
  結果: PASS

============================================================
学習パイプライン完了サマリ
============================================================
  ベースライン(option only)      test: top1=0.5462 nll=1.3405
  本命(state ++ option ++ embed) test: top1=0.6595 nll=0.9800
  自己検証: 最大誤差=3.55271368e-15 -> PASS
  出力: ..\..\sample_submission\ptcg_ai\learning\policy_weights_alakazam_enc2.json
