features.npz を読み込み: features_alakazam_seq.npz
card_id_max=1267  embedding table size=1268 x 8
train=89722 val=9537 test=11500 (全110759件)
option特徴の標準化元行列 shape=(762128, 79)

=== ベースライン: 線形モデル(選択肢特徴のみ、状態特徴・card embeddingなし) ===
    [baseline] epoch   1  train_loss=1.4114  val_nll=1.3721 (best=1.3721, no_improve=0)  val_top1=0.5269
    [baseline] epoch   5  train_loss=1.3558  val_nll=1.3552 (best=1.3552, no_improve=0)  val_top1=0.5337
    [baseline] epoch  10  train_loss=1.3508  val_nll=1.3511 (best=1.3511, no_improve=0)  val_top1=0.5335
    [baseline] epoch  15  train_loss=1.3501  val_nll=1.3539 (best=1.3511, no_improve=2)  val_top1=0.5315
    [baseline] epoch  20  train_loss=1.3488  val_nll=1.3526 (best=1.3511, no_improve=7)  val_top1=0.5337
    [baseline] 早期終了: epoch 23(val_nll が 10 epoch 改善せず)
  学習完了 (205.5s)
  val : top1=0.5333  nll=1.3511
  test: top1=0.5433  nll=1.3185

=== 本命: MLP(embedding(card_id) ++ Linear(in,32) -> ReLU -> Linear(32,1)) ===
    [main] epoch   1  train_loss=1.1375  val_nll=1.0481 (best=1.0481, no_improve=0)  val_top1=0.6327
    [main] epoch   5  train_loss=0.9074  val_nll=0.9680 (best=0.9680, no_improve=0)  val_top1=0.6550
    [main] epoch  10  train_loss=0.8599  val_nll=0.9728 (best=0.9600, no_improve=4)  val_top1=0.6608
    [main] epoch  15  train_loss=0.8387  val_nll=0.9736 (best=0.9600, no_improve=9)  val_top1=0.6618
    [main] 早期終了: epoch 16(val_nll が 10 epoch 改善せず)
  学習完了 (180.6s, 16 epochs)
  train: top1=0.6919  nll=0.8699
  val  : top1=0.6567  nll=0.9600
  test : top1=0.6660  nll=0.9625
  train-val gap: top1=+0.0352  nll=+0.0901(overfitting指標)
  param_counts: {'fc1': 8128, 'fc2': 33, 'embedding': 10144, 'mlp': 8161, 'total': 18305}

=== 本命 vs ベースライン(val split) ===
  ベースライン(option only): top1=0.5333  nll=1.3511
  本命(state ++ option ++ embed): top1=0.6567  nll=0.9600

=== select_type別 Top-1一致率(本命モデル, test split) ===
  select_type= 0  n=  7035  top1=0.5865  nll=1.2085
  select_type= 1  n=  2987  top1=0.7077  nll=0.8046
  select_type= 4  n=   186  top1=0.9570  nll=0.0890
  select_type= 7  n=   173  top1=0.9191  nll=0.2766
  select_type= 8  n=    33  top1=0.8788  nll=0.1340
  select_type= 9  n=  1086  top1=0.9696  nll=0.0955

重みを書き出しました: ..\..\sample_submission\ptcg_ai\learning\policy_weights_alakazam_seq.json (399.4 KB)

=== 自己検証: pure_python_forward(JSON再読込) vs PyTorchモデル出力(val split 50件, float64) ===
  検証件数=50  最大誤差=1.77635684e-15  許容=1e-06
  結果: PASS

============================================================
学習パイプライン完了サマリ
============================================================
  ベースライン(option only)      test: top1=0.5433 nll=1.3185
  本命(state ++ option ++ embed) test: top1=0.6660 nll=0.9625
  自己検証: 最大誤差=1.77635684e-15 -> PASS
  出力: ..\..\sample_submission\ptcg_ai\learning\policy_weights_alakazam_seq.json
