features.npz を読み込み: features_alakazam_t1_deck06.npz
hand_card_vocab: 24種 [5, 13, 19, 65, 66, 140, 305, 343, 741, 742, 743, 1079, 1081, 1086, 1097, 1129, 1152, 1182, 1184, 1197, 1225, 1231, 1264, 1266]
opponent_card_vocab: 157種 [1, 2, 4, 5, 6, 7, 11, 12, 13, 14, 15, 16, 18, 19, 20, 31, 42, 44, 58, 63, 65, 66, 73, 74, 89, 90, 92, 93, 96, 100, 104, 108, 112, 117, 119, 120, 121, 131, 132, 133, 140, 149, 184, 230, 235, 240, 272, 305, 306, 318, 341, 342, 343, 344, 345, 379, 380, 381, 387, 400, 401, 414, 431, 432, 434, 463, 607, 646, 647, 648, 649, 687, 741, 742, 743, 756, 791, 860, 978, 1071, 1079, 1080, 1081, 1086, 1087, 1092, 1094, 1097, 1116, 1118, 1119, 1120, 1121, 1122, 1123, 1127, 1129, 1134, 1137, 1139, 1141, 1142, 1147, 1152, 1153, 1158, 1159, 1161, 1169, 1172, 1173, 1174, 1175, 1182, 1184, 1185, 1186, 1188, 1190, 1191, 1192, 1193, 1194, 1197, 1198, 1199, 1203, 1204, 1205, 1206, 1208, 1210, 1211, 1212, 1213, 1216, 1217, 1218, 1219, 1220, 1221, 1225, 1227, 1231, 1240, 1245, 1246, 1247, 1250, 1256, 1257, 1259, 1260, 1261, 1264, 1266, 1267]
  ablate: 状態側 464 次元 / 選択肢側 0 次元を 0 で潰した ['self_board_card_slot', 'self_discard_card_slot', 'opp_board_card_slot', 'opp_discard_card_slot']
card_id_max=1267  embedding table size=1268 x 8
train=89722 val=9537 test=11500 (全110759件)
option特徴の標準化元行列 shape=(762128, 65)
  ablate対策: 状態側 464 / 選択肢側 0 次元の std を 0 に修正(std<1e-6クリップの上書き。measurement-plan-2026-08-04.md §3.1)

=== ベースライン: 線形モデル(選択肢特徴のみ、状態特徴・card embeddingなし) ===
    [baseline] epoch   1  train_loss=1.4218  val_nll=1.3912 (best=1.3912, no_improve=0)  val_top1=0.5247
    [baseline] epoch   5  train_loss=1.3840  val_nll=1.3773 (best=1.3773, no_improve=0)  val_top1=0.5335
    [baseline] epoch  10  train_loss=1.3796  val_nll=1.3720 (best=1.3720, no_improve=0)  val_top1=0.5328
    [baseline] epoch  15  train_loss=1.3791  val_nll=1.3748 (best=1.3720, no_improve=5)  val_top1=0.5328
    [baseline] epoch  20  train_loss=1.3781  val_nll=1.3744 (best=1.3720, no_improve=10)  val_top1=0.5326
    [baseline] 早期終了: epoch 20(val_nll が 10 epoch 改善せず)
  学習完了 (164.2s)
  val : top1=0.5328  nll=1.3720
  test: top1=0.5472  nll=1.3460

=== 本命: MLP(PolicyScorer(T1), embedding(card_id) ++ Linear(in,32) -> ReLU -> Linear(32,1)) ===
    [main] epoch   1  train_loss=1.1416  val_nll=1.0532 (best=1.0532, no_improve=0)  val_top1=0.6309
    [main] epoch   5  train_loss=0.8993  val_nll=0.9884 (best=0.9884, no_improve=0)  val_top1=0.6523
    [main] epoch  10  train_loss=0.8469  val_nll=0.9878 (best=0.9773, no_improve=2)  val_top1=0.6593
    [main] epoch  15  train_loss=0.8208  val_nll=0.9918 (best=0.9773, no_improve=7)  val_top1=0.6589
    [main] 早期終了: epoch 18(val_nll が 10 epoch 改善せず)
  学習完了 (224.0s, 18 epochs)
  train: top1=0.7041  nll=0.8318
  val  : top1=0.6586  nll=0.9773
  test : top1=0.6723  nll=0.9659
  train-val gap: top1=+0.0455  nll=+0.1455(overfitting指標)
  param_counts: {'fc1': 25248, 'fc2': 33, 'embedding': 10144, 'mlp': 25281, 'total': 35425}

=== 本命 vs ベースライン(val split) ===
  ベースライン(option only): top1=0.5328  nll=1.3720
  本命(state ++ option ++ embed): top1=0.6586  nll=0.9773

=== select_type別 Top-1一致率(本命モデル, test split) ===
  select_type= 0  n=  7035  top1=0.6014  nll=1.2089
  select_type= 1  n=  2987  top1=0.6987  nll=0.8055
  select_type= 4  n=   186  top1=0.9462  nll=0.0946
  select_type= 7  n=   173  top1=0.9075  nll=0.3048
  select_type= 8  n=    33  top1=0.9394  nll=0.1060
  select_type= 9  n=  1086  top1=0.9669  nll=0.1220

重みを書き出しました: C:\Users\rinnz\Documents\pokemon\pokemon-tcg-ai-battle\sample_submission\ptcg_ai\learning\policy_weights_alakazam_ctl_deck06_s42.json (788.3 KB)

=== 自己検証: pure_python_forward(JSON再読込) vs PyTorchモデル出力(val split 50件, float64) ===
  検証件数=50  最大誤差=3.55271368e-15  許容=1e-06
  結果: PASS

============================================================
学習パイプライン完了サマリ
============================================================
  ベースライン(option only)      test: top1=0.5472 nll=1.3460
  本命(state ++ option ++ embed) test: top1=0.6723 nll=0.9659
  自己検証: 最大誤差=3.55271368e-15 -> PASS
  出力: C:\Users\rinnz\Documents\pokemon\pokemon-tcg-ai-battle\sample_submission\ptcg_ai\learning\policy_weights_alakazam_ctl_deck06_s42.json
  offline指標を書き出しました: archetype_runs\alakazam_ctl_deck06_s42_metrics.json
