features.npz を読み込み: features_alakazam_t1_deck06.npz
hand_card_vocab: 24種 [5, 13, 19, 65, 66, 140, 305, 343, 741, 742, 743, 1079, 1081, 1086, 1097, 1129, 1152, 1182, 1184, 1197, 1225, 1231, 1264, 1266]
opponent_card_vocab: 157種 [1, 2, 4, 5, 6, 7, 11, 12, 13, 14, 15, 16, 18, 19, 20, 31, 42, 44, 58, 63, 65, 66, 73, 74, 89, 90, 92, 93, 96, 100, 104, 108, 112, 117, 119, 120, 121, 131, 132, 133, 140, 149, 184, 230, 235, 240, 272, 305, 306, 318, 341, 342, 343, 344, 345, 379, 380, 381, 387, 400, 401, 414, 431, 432, 434, 463, 607, 646, 647, 648, 649, 687, 741, 742, 743, 756, 791, 860, 978, 1071, 1079, 1080, 1081, 1086, 1087, 1092, 1094, 1097, 1116, 1118, 1119, 1120, 1121, 1122, 1123, 1127, 1129, 1134, 1137, 1139, 1141, 1142, 1147, 1152, 1153, 1158, 1159, 1161, 1169, 1172, 1173, 1174, 1175, 1182, 1184, 1185, 1186, 1188, 1190, 1191, 1192, 1193, 1194, 1197, 1198, 1199, 1203, 1204, 1205, 1206, 1208, 1210, 1211, 1212, 1213, 1216, 1217, 1218, 1219, 1220, 1221, 1225, 1227, 1231, 1240, 1245, 1246, 1247, 1250, 1256, 1257, 1259, 1260, 1261, 1264, 1266, 1267]
card_id_max=1267  embedding table size=1268 x 8
train=89722 val=9537 test=11500 (全110759件)
option特徴の標準化元行列 shape=(762128, 65)

=== ベースライン: 線形モデル(選択肢特徴のみ、状態特徴・card embeddingなし) ===
    [baseline] epoch   1  train_loss=1.4407  val_nll=1.3929 (best=1.3929, no_improve=0)  val_top1=0.5229
    [baseline] epoch   5  train_loss=1.3844  val_nll=1.3778 (best=1.3778, no_improve=0)  val_top1=0.5329
    [baseline] epoch  10  train_loss=1.3796  val_nll=1.3721 (best=1.3721, no_improve=0)  val_top1=0.5331
    [baseline] epoch  15  train_loss=1.3791  val_nll=1.3748 (best=1.3721, no_improve=5)  val_top1=0.5328
    [baseline] epoch  20  train_loss=1.3780  val_nll=1.3744 (best=1.3721, no_improve=10)  val_top1=0.5326
    [baseline] 早期終了: epoch 20(val_nll が 10 epoch 改善せず)
  学習完了 (269.5s)
  val : top1=0.5331  nll=1.3721
  test: top1=0.5470  nll=1.3461

=== 本命: MLP(PolicyScorer(T1), embedding(card_id) ++ Linear(in,32) -> ReLU -> Linear(32,1)) ===
    [main] epoch   1  train_loss=1.1493  val_nll=1.0827 (best=1.0827, no_improve=0)  val_top1=0.6259
    [main] epoch   5  train_loss=0.8747  val_nll=1.0183 (best=1.0183, no_improve=0)  val_top1=0.6458
    [main] epoch  10  train_loss=0.8031  val_nll=1.0235 (best=1.0183, no_improve=5)  val_top1=0.6525
    [main] epoch  15  train_loss=0.7666  val_nll=1.0701 (best=1.0183, no_improve=10)  val_top1=0.6492
    [main] 早期終了: epoch 15(val_nll が 10 epoch 改善せず)
  学習完了 (288.7s, 15 epochs)
  train: top1=0.6990  nll=0.8419
  val  : top1=0.6458  nll=1.0183
  test : top1=0.6560  nll=0.9980
  train-val gap: top1=+0.0532  nll=+0.1764(overfitting指標)
  param_counts: {'fc1': 25248, 'fc2': 33, 'embedding': 10144, 'mlp': 25281, 'total': 35425}

=== 本命 vs ベースライン(val split) ===
  ベースライン(option only): top1=0.5331  nll=1.3721
  本命(state ++ option ++ embed): top1=0.6458  nll=1.0183

=== select_type別 Top-1一致率(本命モデル, test split) ===
  select_type= 0  n=  7035  top1=0.5750  nll=1.2501
  select_type= 1  n=  2987  top1=0.6987  nll=0.8318
  select_type= 4  n=   186  top1=0.9516  nll=0.1296
  select_type= 7  n=   173  top1=0.9133  nll=0.2615
  select_type= 8  n=    33  top1=0.9394  nll=0.1866
  select_type= 9  n=  1086  top1=0.9632  nll=0.1220

重みを書き出しました: C:\Users\USER\Documents\pokemon\pokemon-tcg-ai-battle\sample_submission\ptcg_ai\learning\policy_weights_alakazam_t1_deck06_s42.json (796.6 KB)

=== 自己検証: pure_python_forward(JSON再読込) vs PyTorchモデル出力(val split 50件, float64) ===
  検証件数=50  最大誤差=2.44249065e-15  許容=1e-06
  結果: PASS

============================================================
学習パイプライン完了サマリ
============================================================
  ベースライン(option only)      test: top1=0.5470 nll=1.3461
  本命(state ++ option ++ embed) test: top1=0.6560 nll=0.9980
  自己検証: 最大誤差=2.44249065e-15 -> PASS
  出力: C:\Users\USER\Documents\pokemon\pokemon-tcg-ai-battle\sample_submission\ptcg_ai\learning\policy_weights_alakazam_t1_deck06_s42.json
  offline指標を書き出しました: archetype_runs\alakazam_t1_deck06_s42_metrics.json
