features.npz を読み込み: features_archaludon_ex_seq.npz
card_id_max=1267  embedding table size=1268 x 8
train=2185 val=105 test=268 (全2558件)
option特徴の標準化元行列 shape=(11285, 79)

=== ベースライン: 線形モデル(選択肢特徴のみ、状態特徴・card embeddingなし) ===
    [baseline] epoch   1  train_loss=1.4026  val_nll=1.1620 (best=1.1620, no_improve=0)  val_top1=0.6095
    [baseline] epoch   5  train_loss=1.2395  val_nll=1.0063 (best=1.0063, no_improve=0)  val_top1=0.6190
    [baseline] epoch  10  train_loss=1.1872  val_nll=0.9567 (best=0.9567, no_improve=0)  val_top1=0.6286
    [baseline] epoch  15  train_loss=1.1823  val_nll=0.9334 (best=0.9334, no_improve=0)  val_top1=0.6476
    [baseline] epoch  20  train_loss=1.1626  val_nll=0.9303 (best=0.9247, no_improve=1)  val_top1=0.6571
    [baseline] epoch  25  train_loss=1.1475  val_nll=0.9195 (best=0.9195, no_improve=0)  val_top1=0.6571
    [baseline] epoch  30  train_loss=1.1473  val_nll=0.9179 (best=0.9178, no_improve=2)  val_top1=0.6571
    [baseline] epoch  35  train_loss=1.1369  val_nll=0.9165 (best=0.9160, no_improve=1)  val_top1=0.6476
    [baseline] epoch  40  train_loss=1.1225  val_nll=0.9156 (best=0.9117, no_improve=3)  val_top1=0.6476
    [baseline] epoch  45  train_loss=1.1460  val_nll=0.9126 (best=0.9117, no_improve=1)  val_top1=0.6571
    [baseline] epoch  50  train_loss=1.1248  val_nll=0.9123 (best=0.9117, no_improve=6)  val_top1=0.6571
    [baseline] epoch  55  train_loss=1.1309  val_nll=0.9112 (best=0.9089, no_improve=2)  val_top1=0.6476
    [baseline] epoch  60  train_loss=1.1438  val_nll=0.9147 (best=0.9089, no_improve=7)  val_top1=0.6571
    [baseline] 早期終了: epoch 63(val_nll が 10 epoch 改善せず)
  学習完了 (16.1s)
  val : top1=0.6476  nll=0.9089
  test: top1=0.5299  nll=1.2128

=== 本命: MLP(embedding(card_id) ++ Linear(in,32) -> ReLU -> Linear(32,1)) ===
    [main] epoch   1  train_loss=1.3247  val_nll=1.0008 (best=1.0008, no_improve=0)  val_top1=0.6476
    [main] epoch   5  train_loss=0.9447  val_nll=0.7372 (best=0.7372, no_improve=0)  val_top1=0.6857
    [main] epoch  10  train_loss=0.7650  val_nll=0.6759 (best=0.6759, no_improve=0)  val_top1=0.7143
    [main] epoch  15  train_loss=0.6604  val_nll=0.6549 (best=0.6549, no_improve=0)  val_top1=0.7333
    [main] epoch  20  train_loss=0.5732  val_nll=0.6468 (best=0.6405, no_improve=1)  val_top1=0.7333
    [main] epoch  25  train_loss=0.5033  val_nll=0.6576 (best=0.6405, no_improve=6)  val_top1=0.7429
    [main] 早期終了: epoch 29(val_nll が 10 epoch 改善せず)
  学習完了 (7.6s, 29 epochs)
  train: top1=0.8256  nll=0.5579
  val  : top1=0.7429  nll=0.6405
  test : top1=0.6306  nll=1.0148
  train-val gap: top1=+0.0828  nll=+0.0827(overfitting指標)
  param_counts: {'fc1': 8128, 'fc2': 33, 'embedding': 10144, 'mlp': 8161, 'total': 18305}

=== 本命 vs ベースライン(val split) ===
  ベースライン(option only): top1=0.6476  nll=0.9089
  本命(state ++ option ++ embed): top1=0.7429  nll=0.6405

=== select_type別 Top-1一致率(本命モデル, test split) ===
  select_type= 0  n=   161  top1=0.4783  nll=1.3930
  select_type= 1  n=    92  top1=0.8370  nll=0.5164
  select_type= 9  n=    15  top1=1.0000  nll=0.0129

重みを書き出しました: ..\..\sample_submission\ptcg_ai\learning\policy_weights_archaludon_ex_seq.json (400.4 KB)

=== 自己検証: pure_python_forward(JSON再読込) vs PyTorchモデル出力(val split 50件, float64) ===
  検証件数=50  最大誤差=1.77635684e-15  許容=1e-06
  結果: PASS

============================================================
学習パイプライン完了サマリ
============================================================
  ベースライン(option only)      test: top1=0.5299 nll=1.2128
  本命(state ++ option ++ embed) test: top1=0.6306 nll=1.0148
  自己検証: 最大誤差=1.77635684e-15 -> PASS
  出力: ..\..\sample_submission\ptcg_ai\learning\policy_weights_archaludon_ex_seq.json
