features.npz を読み込み: features_archaludon_ex_enc2.npz
card_id_max=1267  embedding table size=1268 x 8
train=2185 val=105 test=268 (全2558件)
option特徴の標準化元行列 shape=(11285, 67)

=== ベースライン: 線形モデル(選択肢特徴のみ、状態特徴・card embeddingなし) ===
    [baseline] epoch   1  train_loss=1.4789  val_nll=1.2939 (best=1.2939, no_improve=0)  val_top1=0.4000
    [baseline] epoch   5  train_loss=1.2663  val_nll=1.0576 (best=1.0576, no_improve=0)  val_top1=0.6095
    [baseline] epoch  10  train_loss=1.1990  val_nll=0.9801 (best=0.9801, no_improve=0)  val_top1=0.6190
    [baseline] epoch  15  train_loss=1.2003  val_nll=0.9524 (best=0.9524, no_improve=0)  val_top1=0.6286
    [baseline] epoch  20  train_loss=1.1847  val_nll=0.9488 (best=0.9442, no_improve=1)  val_top1=0.6286
    [baseline] epoch  25  train_loss=1.1795  val_nll=0.9393 (best=0.9393, no_improve=0)  val_top1=0.6286
    [baseline] epoch  30  train_loss=1.1770  val_nll=0.9394 (best=0.9387, no_improve=2)  val_top1=0.6000
    [baseline] epoch  35  train_loss=1.1684  val_nll=0.9388 (best=0.9382, no_improve=1)  val_top1=0.6000
    [baseline] epoch  40  train_loss=1.1556  val_nll=0.9388 (best=0.9344, no_improve=3)  val_top1=0.6095
    [baseline] epoch  45  train_loss=1.1828  val_nll=0.9370 (best=0.9344, no_improve=8)  val_top1=0.6095
    [baseline] 早期終了: epoch 47(val_nll が 10 epoch 改善せず)
  学習完了 (17.9s)
  val : top1=0.6190  nll=0.9344
  test: top1=0.5224  nll=1.2330

=== 本命: MLP(embedding(card_id) ++ Linear(in,32) -> ReLU -> Linear(32,1)) ===
    [main] epoch   1  train_loss=1.3325  val_nll=1.0262 (best=1.0262, no_improve=0)  val_top1=0.6381
    [main] epoch   5  train_loss=0.9492  val_nll=0.7603 (best=0.7603, no_improve=0)  val_top1=0.6667
    [main] epoch  10  train_loss=0.7746  val_nll=0.6780 (best=0.6780, no_improve=0)  val_top1=0.7238
    [main] epoch  15  train_loss=0.6606  val_nll=0.6605 (best=0.6589, no_improve=2)  val_top1=0.7429
    [main] epoch  20  train_loss=0.5829  val_nll=0.6466 (best=0.6466, no_improve=0)  val_top1=0.7524
    [main] epoch  25  train_loss=0.5083  val_nll=0.6579 (best=0.6466, no_improve=5)  val_top1=0.7619
    [main] epoch  30  train_loss=0.4533  val_nll=0.6826 (best=0.6466, no_improve=10)  val_top1=0.7429
    [main] 早期終了: epoch 30(val_nll が 10 epoch 改善せず)
  学習完了 (12.4s, 30 epochs)
  train: top1=0.8256  nll=0.5489
  val  : top1=0.7524  nll=0.6466
  test : top1=0.6493  nll=0.9879
  train-val gap: top1=+0.0732  nll=+0.0977(overfitting指標)
  param_counts: {'fc1': 8512, 'fc2': 33, 'embedding': 10144, 'mlp': 8545, 'total': 18689}

=== 本命 vs ベースライン(val split) ===
  ベースライン(option only): top1=0.6190  nll=0.9344
  本命(state ++ option ++ embed): top1=0.7524  nll=0.6466

=== select_type別 Top-1一致率(本命モデル, test split) ===
  select_type= 0  n=   161  top1=0.5155  nll=1.3484
  select_type= 1  n=    92  top1=0.8261  nll=0.5157
  select_type= 9  n=    15  top1=1.0000  nll=0.0132

重みを書き出しました: ..\..\sample_submission\ptcg_ai\learning\policy_weights_archaludon_ex_enc2.json (409.4 KB)

=== 自己検証: pure_python_forward(JSON再読込) vs PyTorchモデル出力(val split 50件, float64) ===
  検証件数=50  最大誤差=1.33226763e-15  許容=1e-06
  結果: PASS

============================================================
学習パイプライン完了サマリ
============================================================
  ベースライン(option only)      test: top1=0.5224 nll=1.2330
  本命(state ++ option ++ embed) test: top1=0.6493 nll=0.9879
  自己検証: 最大誤差=1.33226763e-15 -> PASS
  出力: ..\..\sample_submission\ptcg_ai\learning\policy_weights_archaludon_ex_enc2.json
