card_id_max = 1267(all_card_data() から動的に計算)
読み込み開始: ..\training_data\policy_positions_crustle.jsonl.gz
weight スキーム: concentrated
  5000 件処理済み(経過 3.6s、1403.2 rows/sec)
  10000 件処理済み(経過 6.9s、1457.6 rows/sec)
  15000 件処理済み(経過 10.3s、1459.6 rows/sec)
  20000 件処理済み(経過 13.7s、1457.5 rows/sec)
  25000 件処理済み(経過 17.3s、1447.5 rows/sec)
  30000 件処理済み(経過 20.7s、1452.6 rows/sec)
  35000 件処理済み(経過 24.2s、1443.4 rows/sec)
  40000 件処理済み(経過 27.9s、1435.4 rows/sec)
  45000 件処理済み(経過 31.2s、1444.5 rows/sec)
  50000 件処理済み(経過 34.5s、1447.9 rows/sec)
  55000 件処理済み(経過 38.0s、1448.5 rows/sec)
  60000 件処理済み(経過 41.4s、1449.8 rows/sec)
  65000 件処理済み(経過 44.6s、1456.3 rows/sec)
完了: 採用 69782 件(経過 48.0s)
state_features shape=(69782, 190) dtype=float32
split 内訳: train=55730 val=7199 test=6853
書き出し完了: features_crustle_enc2.npz (9.2 MB)
注意: option_features/option_card_ids は object 配列(ragged)。読み込みは np.load(path, allow_pickle=True) を使うこと。card_id_max はスカラー(data['card_id_max'].item() で取り出す)。
