card_id_max = 1267(all_card_data() から動的に計算)
読み込み開始: C:\Users\USER\Documents\pokemon\pokemon-tcg-ai-battle\kaggle_replays\training_data\policy_positions_crustle.jsonl.gz
weight スキーム: concentrated
  5000 件処理済み(経過 1.6s、3032.0 rows/sec)
  10000 件処理済み(経過 3.3s、3063.3 rows/sec)
  15000 件処理済み(経過 4.8s、3094.8 rows/sec)
  20000 件処理済み(経過 6.6s、3047.4 rows/sec)
  25000 件処理済み(経過 8.2s、3044.3 rows/sec)
  30000 件処理済み(経過 9.8s、3047.5 rows/sec)
  35000 件処理済み(経過 11.5s、3041.1 rows/sec)
  40000 件処理済み(経過 13.1s、3042.6 rows/sec)
  45000 件処理済み(経過 14.9s、3028.6 rows/sec)
  50000 件処理済み(経過 16.5s、3026.0 rows/sec)
  55000 件処理済み(経過 18.2s、3023.7 rows/sec)
  60000 件処理済み(経過 19.8s、3024.4 rows/sec)
  65000 件処理済み(経過 21.5s、3022.6 rows/sec)
完了: 採用 69782 件(経過 23.1s)
state_features shape=(69782, 166) dtype=float32
split 内訳: train=55730 val=7199 test=6853
書き出し完了: C:\Users\USER\Documents\pokemon\pokemon-tcg-ai-battle\kaggle_replays\policy_net\features_crustle.npz (9.0 MB)
注意: option_features/option_card_ids は object 配列(ragged)。読み込みは np.load(path, allow_pickle=True) を使うこと。card_id_max はスカラー(data['card_id_max'].item() で取り出す)。
