features.npz を読み込み: features_crustle_seq.npz
card_id_max=1267  embedding table size=1268 x 8
train=55730 val=7199 test=6853 (全69782件)
option特徴の標準化元行列 shape=(360915, 79)

=== ベースライン: 線形モデル(選択肢特徴のみ、状態特徴・card embeddingなし) ===
    [baseline] epoch   1  train_loss=1.4348  val_nll=1.4056 (best=1.4056, no_improve=0)  val_top1=0.4781
    [baseline] epoch   5  train_loss=1.3934  val_nll=1.3894 (best=1.3894, no_improve=0)  val_top1=0.4802
    [baseline] epoch  10  train_loss=1.3898  val_nll=1.3838 (best=1.3838, no_improve=0)  val_top1=0.4858
    [baseline] epoch  15  train_loss=1.3892  val_nll=1.3837 (best=1.3837, no_improve=0)  val_top1=0.4948
    [baseline] epoch  20  train_loss=1.3885  val_nll=1.3818 (best=1.3818, no_improve=0)  val_top1=0.4935
    [baseline] epoch  25  train_loss=1.3881  val_nll=1.3821 (best=1.3818, no_improve=5)  val_top1=0.4883
    [baseline] epoch  30  train_loss=1.3883  val_nll=1.3809 (best=1.3805, no_improve=2)  val_top1=0.4960
    [baseline] epoch  35  train_loss=1.3883  val_nll=1.3803 (best=1.3803, no_improve=0)  val_top1=0.4920
    [baseline] epoch  40  train_loss=1.3883  val_nll=1.3820 (best=1.3803, no_improve=5)  val_top1=0.4917
    [baseline] epoch  45  train_loss=1.3893  val_nll=1.3813 (best=1.3803, no_improve=10)  val_top1=0.4908
    [baseline] 早期終了: epoch 45(val_nll が 10 epoch 改善せず)
  学習完了 (250.5s)
  val : top1=0.4920  nll=1.3803
  test: top1=0.4735  nll=1.4164

=== 本命: MLP(embedding(card_id) ++ Linear(in,32) -> ReLU -> Linear(32,1)) ===
    [main] epoch   1  train_loss=1.2199  val_nll=1.1415 (best=1.1415, no_improve=0)  val_top1=0.5724
    [main] epoch   5  train_loss=1.0075  val_nll=1.0746 (best=1.0746, no_improve=0)  val_top1=0.5899
    [main] epoch  10  train_loss=0.9551  val_nll=1.0628 (best=1.0615, no_improve=2)  val_top1=0.5994
    [main] epoch  15  train_loss=0.9275  val_nll=1.0843 (best=1.0615, no_improve=7)  val_top1=0.5930
    [main] 早期終了: epoch 18(val_nll が 10 epoch 改善せず)
  学習完了 (125.4s, 18 epochs)
  train: top1=0.6271  nll=0.9448
  val  : top1=0.5942  nll=1.0615
  test : top1=0.5916  nll=1.0743
  train-val gap: top1=+0.0328  nll=+0.1167(overfitting指標)
  param_counts: {'fc1': 8128, 'fc2': 33, 'embedding': 10144, 'mlp': 8161, 'total': 18305}

=== 本命 vs ベースライン(val split) ===
  ベースライン(option only): top1=0.4920  nll=1.3803
  本命(state ++ option ++ embed): top1=0.5942  nll=1.0615

=== select_type別 Top-1一致率(本命モデル, test split) ===
  select_type= 0  n=  5037  top1=0.5499  nll=1.1386
  select_type= 1  n=  1645  top1=0.6851  nll=0.9640
  select_type= 4  n=    66  top1=0.7879  nll=0.5801
  select_type= 8  n=    35  top1=1.0000  nll=0.0637
  select_type= 9  n=    70  top1=1.0000  nll=0.0001

重みを書き出しました: ..\..\sample_submission\ptcg_ai\learning\policy_weights_crustle_seq.json (399.4 KB)

=== 自己検証: pure_python_forward(JSON再読込) vs PyTorchモデル出力(val split 50件, float64) ===
  検証件数=50  最大誤差=2.66453526e-15  許容=1e-06
  結果: PASS

============================================================
学習パイプライン完了サマリ
============================================================
  ベースライン(option only)      test: top1=0.4735 nll=1.4164
  本命(state ++ option ++ embed) test: top1=0.5916 nll=1.0743
  自己検証: 最大誤差=2.66453526e-15 -> PASS
  出力: ..\..\sample_submission\ptcg_ai\learning\policy_weights_crustle_seq.json
