features.npz を読み込み: C:\Users\USER\Documents\pokemon\pokemon-tcg-ai-battle\kaggle_replays\policy_net\features_dragapult_ex.npz
card_id_max=1267  embedding table size=1268 x 8
train=29721 val=4676 test=4079 (全38476件)
option特徴の標準化元行列 shape=(193909, 65)

=== ベースライン: 線形モデル(選択肢特徴のみ、状態特徴・card embeddingなし) ===
    [baseline] epoch   1  train_loss=1.4030  val_nll=1.3508 (best=1.3508, no_improve=0)  val_top1=0.5066
    [baseline] epoch   5  train_loss=1.3068  val_nll=1.3231 (best=1.3231, no_improve=0)  val_top1=0.5160
    [baseline] epoch  10  train_loss=1.2980  val_nll=1.3187 (best=1.3187, no_improve=0)  val_top1=0.5154
    [baseline] epoch  15  train_loss=1.2936  val_nll=1.3161 (best=1.3161, no_improve=0)  val_top1=0.5216
    [baseline] epoch  20  train_loss=1.2908  val_nll=1.3151 (best=1.3147, no_improve=3)  val_top1=0.5160
    [baseline] epoch  25  train_loss=1.2895  val_nll=1.3131 (best=1.3129, no_improve=1)  val_top1=0.5205
    [baseline] epoch  30  train_loss=1.2891  val_nll=1.3128 (best=1.3128, no_improve=0)  val_top1=0.5220
    [baseline] epoch  35  train_loss=1.2890  val_nll=1.3136 (best=1.3122, no_improve=2)  val_top1=0.5261
    [baseline] epoch  40  train_loss=1.2890  val_nll=1.3134 (best=1.3122, no_improve=7)  val_top1=0.5244
    [baseline] 早期終了: epoch 43(val_nll が 10 epoch 改善せず)
  学習完了 (120.6s)
  val : top1=0.5244  nll=1.3122
  test: top1=0.5036  nll=1.3118

=== 本命: MLP(embedding(card_id) ++ Linear(in,32) -> ReLU -> Linear(32,1)) ===
    [main] epoch   1  train_loss=1.2433  val_nll=1.1966 (best=1.1966, no_improve=0)  val_top1=0.5505
    [main] epoch   5  train_loss=0.9890  val_nll=1.1100 (best=1.1100, no_improve=0)  val_top1=0.5736
    [main] epoch  10  train_loss=0.9026  val_nll=1.1145 (best=1.1053, no_improve=3)  val_top1=0.5791
    [main] epoch  15  train_loss=0.8550  val_nll=1.1534 (best=1.1053, no_improve=8)  val_top1=0.5770
    [main] 早期終了: epoch 17(val_nll が 10 epoch 改善せず)
  学習完了 (59.8s, 17 epochs)
  train: top1=0.6248  nll=0.9104
  val  : top1=0.5757  nll=1.1053
  test : top1=0.5818  nll=1.0829
  train-val gap: top1=+0.0491  nll=+0.1949(overfitting指標)
  param_counts: {'fc1': 7680, 'fc2': 33, 'embedding': 10144, 'mlp': 7713, 'total': 17857}

=== 本命 vs ベースライン(val split) ===
  ベースライン(option only): top1=0.5244  nll=1.3122
  本命(state ++ option ++ embed): top1=0.5757  nll=1.1053

=== select_type別 Top-1一致率(本命モデル, test split) ===
  select_type= 0  n=  2022  top1=0.5188  nll=1.2890
  select_type= 1  n=  1836  top1=0.6095  nll=0.9527
  select_type= 4  n=    91  top1=0.9011  nll=0.3227
  select_type= 7  n=     3  top1=1.0000  nll=0.0000
  select_type= 8  n=    91  top1=0.9231  nll=0.2552
  select_type= 9  n=    36  top1=1.0000  nll=0.0057

重みを書き出しました: C:\Users\USER\Documents\pokemon\pokemon-tcg-ai-battle\sample_submission\ptcg_ai\learning\policy_weights_dragapult_ex.json (389.5 KB)

=== 自己検証: pure_python_forward(JSON再読込) vs PyTorchモデル出力(val split 50件, float64) ===
  検証件数=50  最大誤差=1.77635684e-15  許容=1e-06
  結果: PASS

============================================================
学習パイプライン完了サマリ
============================================================
  ベースライン(option only)      test: top1=0.5036 nll=1.3118
  本命(state ++ option ++ embed) test: top1=0.5818 nll=1.0829
  自己検証: 最大誤差=1.77635684e-15 -> PASS
  出力: C:\Users\USER\Documents\pokemon\pokemon-tcg-ai-battle\sample_submission\ptcg_ai\learning\policy_weights_dragapult_ex.json
