features.npz を読み込み: features_dragapult_ex_v715.npz
hand_card_vocab: 37種 [2, 5, 7, 12, 31, 66, 112, 119, 120, 121, 131, 132, 133, 140, 184, 235, 272, 305, 306, 343, 791, 1071, 1079, 1080, 1086, 1097, 1120, 1121, 1152, 1182, 1198, 1213, 1227, 1240, 1246, 1256, 1260]
opponent_card_vocab: 157種 [1, 2, 4, 5, 6, 7, 11, 12, 13, 14, 15, 16, 18, 19, 20, 31, 42, 44, 58, 63, 65, 66, 73, 74, 89, 90, 92, 93, 96, 100, 104, 108, 112, 117, 119, 120, 121, 131, 132, 133, 140, 149, 184, 230, 235, 240, 272, 305, 306, 318, 341, 342, 343, 344, 345, 379, 380, 381, 387, 400, 401, 414, 431, 432, 434, 463, 607, 646, 647, 648, 649, 687, 741, 742, 743, 756, 791, 860, 978, 1071, 1079, 1080, 1081, 1086, 1087, 1092, 1094, 1097, 1116, 1118, 1119, 1120, 1121, 1122, 1123, 1127, 1129, 1134, 1137, 1139, 1141, 1142, 1147, 1152, 1153, 1158, 1159, 1161, 1169, 1172, 1173, 1174, 1175, 1182, 1184, 1185, 1186, 1188, 1190, 1191, 1192, 1193, 1194, 1197, 1198, 1199, 1203, 1204, 1205, 1206, 1208, 1210, 1211, 1212, 1213, 1216, 1217, 1218, 1219, 1220, 1221, 1225, 1227, 1231, 1240, 1245, 1246, 1247, 1250, 1256, 1257, 1259, 1260, 1261, 1264, 1266, 1267]
  ablate: 状態側 464 次元 / 選択肢側 0 次元を 0 で潰した ['self_board_card_slot', 'self_discard_card_slot', 'opp_board_card_slot', 'opp_discard_card_slot']
card_id_max=1267  embedding table size=1268 x 8
train=96607 val=12904 test=15546 (全125057件)
option特徴の標準化元行列 shape=(644348, 65)
  ablate対策: 状態側 464 / 選択肢側 0 次元の std を 0 に修正(std<1e-6クリップの上書き。measurement-plan-2026-08-04.md §3.1)

=== ベースライン: 線形モデル(選択肢特徴のみ、状態特徴・card embeddingなし) ===
    [baseline] epoch   1  train_loss=1.3567  val_nll=1.3299 (best=1.3299, no_improve=0)  val_top1=0.5211
    [baseline] epoch   5  train_loss=1.3046  val_nll=1.3136 (best=1.3136, no_improve=0)  val_top1=0.5275
    [baseline] epoch  10  train_loss=1.3010  val_nll=1.3132 (best=1.3117, no_improve=3)  val_top1=0.5278
    [baseline] epoch  15  train_loss=1.2997  val_nll=1.3094 (best=1.3094, no_improve=1)  val_top1=0.5300
    [baseline] epoch  20  train_loss=1.2991  val_nll=1.3126 (best=1.3094, no_improve=6)  val_top1=0.5284
    [baseline] 早期終了: epoch 24(val_nll が 10 epoch 改善せず)
  学習完了 (282.6s)
  val : top1=0.5291  nll=1.3094
  test: top1=0.5199  nll=1.3322

=== 本命: MLP(PolicyScorer(T1), embedding(card_id) ++ Linear(in,32) -> ReLU -> Linear(32,1)) ===
    [main] epoch   1  train_loss=1.1797  val_nll=1.1261 (best=1.1261, no_improve=0)  val_top1=0.5714
    [main] epoch   5  train_loss=1.0042  val_nll=1.0566 (best=1.0566, no_improve=0)  val_top1=0.5877
    [main] epoch  10  train_loss=0.9560  val_nll=1.0651 (best=1.0566, no_improve=5)  val_top1=0.5913
    [main] epoch  15  train_loss=0.9309  val_nll=1.0753 (best=1.0566, no_improve=10)  val_top1=0.5877
    [main] 早期終了: epoch 15(val_nll が 10 epoch 改善せず)
  学習完了 (270.0s, 15 epochs)
  train: top1=0.6126  nll=0.9755
  val  : top1=0.5877  nll=1.0566
  test : top1=0.5801  nll=1.1222
  train-val gap: top1=+0.0249  nll=+0.0812(overfitting指標)
  param_counts: {'fc1': 25248, 'fc2': 33, 'embedding': 10144, 'mlp': 25281, 'total': 35425}

=== 本命 vs ベースライン(val split) ===
  ベースライン(option only): top1=0.5291  nll=1.3094
  本命(state ++ option ++ embed): top1=0.5877  nll=1.0566

=== select_type別 Top-1一致率(本命モデル, test split) ===
  select_type= 0  n=  7627  top1=0.5077  nll=1.3828
  select_type= 1  n=  7122  top1=0.6210  nll=0.9351
  select_type= 4  n=   353  top1=0.8244  nll=0.3888
  select_type= 7  n=    16  top1=0.8750  nll=0.1697
  select_type= 8  n=   298  top1=0.9732  nll=0.1415
  select_type= 9  n=   130  top1=0.9846  nll=0.0799

重みを書き出しました: C:\Users\rinnz\Documents\pokemon\pokemon-tcg-ai-battle\sample_submission\ptcg_ai\learning\policy_weights_dragapult_ex_v715_s42.json (788.8 KB)

=== 自己検証: pure_python_forward(JSON再読込) vs PyTorchモデル出力(val split 50件, float64) ===
  検証件数=50  最大誤差=1.77635684e-15  許容=1e-06
  結果: PASS

============================================================
学習パイプライン完了サマリ
============================================================
  ベースライン(option only)      test: top1=0.5199 nll=1.3322
  本命(state ++ option ++ embed) test: top1=0.5801 nll=1.1222
  自己検証: 最大誤差=1.77635684e-15 -> PASS
  出力: C:\Users\rinnz\Documents\pokemon\pokemon-tcg-ai-battle\sample_submission\ptcg_ai\learning\policy_weights_dragapult_ex_v715_s42.json
  offline指標を書き出しました: archetype_runs\dragapult_ex_v715_s42_metrics.json
