features.npz を読み込み: features_marnie_grimmsnarl_ex.npz
  ablate: 状態側 24 次元 / 選択肢側 2 次元を 0 で潰した ['retreat_cost', 'prize_value']
card_id_max=1267  embedding table size=1268 x 8
train=649343 val=83789 test=85218 (全818350件)
option特徴の標準化元行列 shape=(3507301, 67)

=== ベースライン: 線形モデル(選択肢特徴のみ、状態特徴・card embeddingなし) ===
    [baseline] epoch   1  train_loss=1.0859  val_nll=1.0647 (best=1.0647, no_improve=0)  val_top1=0.6002
    [baseline] epoch   5  train_loss=1.0646  val_nll=1.0624 (best=1.0623, no_improve=1)  val_top1=0.6016
    [baseline] epoch  10  train_loss=1.0646  val_nll=1.0622 (best=1.0622, no_improve=0)  val_top1=0.6005
    [baseline] epoch  15  train_loss=1.0646  val_nll=1.0622 (best=1.0615, no_improve=2)  val_top1=0.6007
    [baseline] epoch  20  train_loss=1.0647  val_nll=1.0618 (best=1.0615, no_improve=7)  val_top1=0.6011
    [baseline] 早期終了: epoch 23(val_nll が 10 epoch 改善せず)
  学習完了 (1472.7s)
  val : top1=0.6000  nll=1.0615
  test: top1=0.6041  nll=1.0563

=== 本命: MLP(embedding(card_id) ++ Linear(in,32) -> ReLU -> Linear(32,1)) ===
    [main] epoch   1  train_loss=0.8163  val_nll=0.7817 (best=0.7817, no_improve=0)  val_top1=0.7188
    [main] epoch   5  train_loss=0.7417  val_nll=0.7553 (best=0.7545, no_improve=1)  val_top1=0.7271
    [main] epoch  10  train_loss=0.7271  val_nll=0.7459 (best=0.7455, no_improve=1)  val_top1=0.7270
    [main] epoch  15  train_loss=0.7186  val_nll=0.7391 (best=0.7391, no_improve=0)  val_top1=0.7297
    [main] epoch  20  train_loss=0.7120  val_nll=0.7314 (best=0.7314, no_improve=0)  val_top1=0.7339
    [main] epoch  25  train_loss=0.7080  val_nll=0.7291 (best=0.7291, no_improve=0)  val_top1=0.7316
    [main] epoch  30  train_loss=0.7054  val_nll=0.7294 (best=0.7285, no_improve=2)  val_top1=0.7334
    [main] epoch  35  train_loss=0.7027  val_nll=0.7286 (best=0.7254, no_improve=3)  val_top1=0.7348
    [main] epoch  40  train_loss=0.7010  val_nll=0.7254 (best=0.7243, no_improve=1)  val_top1=0.7356
    [main] epoch  45  train_loss=0.7000  val_nll=0.7252 (best=0.7226, no_improve=4)  val_top1=0.7347
    [main] epoch  50  train_loss=0.6984  val_nll=0.7229 (best=0.7225, no_improve=1)  val_top1=0.7352
    [main] epoch  55  train_loss=0.6976  val_nll=0.7256 (best=0.7225, no_improve=6)  val_top1=0.7353
    [main] epoch  60  train_loss=0.6965  val_nll=0.7244 (best=0.7209, no_improve=2)  val_top1=0.7362
    [main] epoch  65  train_loss=0.6958  val_nll=0.7228 (best=0.7209, no_improve=7)  val_top1=0.7353
    [main] 早期終了: epoch 68(val_nll が 10 epoch 改善せず)
  学習完了 (5885.2s, 68 epochs)
  train: top1=0.7456  nll=0.6904
  val  : top1=0.7353  nll=0.7209
  test : top1=0.7392  nll=0.7216
  train-val gap: top1=+0.0103  nll=+0.0305(overfitting指標)
  param_counts: {'fc1': 8512, 'fc2': 33, 'embedding': 10144, 'mlp': 8545, 'total': 18689}

=== 本命 vs ベースライン(val split) ===
  ベースライン(option only): top1=0.6000  nll=1.0615
  本命(state ++ option ++ embed): top1=0.7353  nll=0.7209

=== select_type別 Top-1一致率(本命モデル, test split) ===
  select_type= 0  n= 38915  top1=0.6781  nll=0.8831
  select_type= 1  n= 36309  top1=0.7403  nll=0.7200
  select_type= 2  n=    64  top1=1.0000  nll=0.0000
  select_type= 4  n=  1318  top1=0.8900  nll=0.3457
  select_type= 7  n=   818  top1=0.9719  nll=0.1385
  select_type= 8  n=  5278  top1=0.9896  nll=0.0688
  select_type= 9  n=  2516  top1=0.9821  nll=0.0711

重みを書き出しました: ..\..\sample_submission\ptcg_ai\learning\policy_weights_marnie_ctrl_s2.json (403.2 KB)

=== 自己検証: pure_python_forward(JSON再読込) vs PyTorchモデル出力(val split 50件, float64) ===
  検証件数=50  最大誤差=2.84217094e-14  許容=1e-06
  結果: PASS

============================================================
学習パイプライン完了サマリ
============================================================
  ベースライン(option only)      test: top1=0.6041 nll=1.0563
  本命(state ++ option ++ embed) test: top1=0.7392 nll=0.7216
  自己検証: 最大誤差=2.84217094e-14 -> PASS
  出力: ..\..\sample_submission\ptcg_ai\learning\policy_weights_marnie_ctrl_s2.json
