features.npz を読み込み: features_marnie_grimmsnarl_ex.npz
card_id_max=1267  embedding table size=1268 x 8
train=649343 val=83789 test=85218 (全818350件)
option特徴の標準化元行列 shape=(3507301, 65)

=== ベースライン: 線形モデル(選択肢特徴のみ、状態特徴・card embeddingなし) ===
    [baseline] epoch   1  train_loss=1.0834  val_nll=1.0646 (best=1.0646, no_improve=0)  val_top1=0.5994
    [baseline] epoch   5  train_loss=1.0647  val_nll=1.0618 (best=1.0618, no_improve=0)  val_top1=0.6007
    [baseline] epoch  10  train_loss=1.0646  val_nll=1.0627 (best=1.0618, no_improve=1)  val_top1=0.6008
    [baseline] epoch  15  train_loss=1.0646  val_nll=1.0628 (best=1.0617, no_improve=4)  val_top1=0.6011
    [baseline] epoch  20  train_loss=1.0648  val_nll=1.0626 (best=1.0617, no_improve=9)  val_top1=0.6014
    [baseline] 早期終了: epoch 21(val_nll が 10 epoch 改善せず)
  学習完了 (1467.8s)
  val : top1=0.5994  nll=1.0617
  test: top1=0.6036  nll=1.0570

=== 本命: MLP(embedding(card_id) ++ Linear(in,128) -> ReLU -> Linear(128,1)) ===
    [main] epoch   1  train_loss=0.7977  val_nll=0.7724 (best=0.7724, no_improve=0)  val_top1=0.7207
    [main] epoch   5  train_loss=0.7171  val_nll=0.7401 (best=0.7401, no_improve=0)  val_top1=0.7317
    [main] epoch  10  train_loss=0.6930  val_nll=0.7356 (best=0.7295, no_improve=2)  val_top1=0.7317
    [main] epoch  15  train_loss=0.6809  val_nll=0.7311 (best=0.7236, no_improve=3)  val_top1=0.7345
    [main] epoch  20  train_loss=0.6726  val_nll=0.7284 (best=0.7236, no_improve=8)  val_top1=0.7360
    [main] 早期終了: epoch 22(val_nll が 10 epoch 改善せず)
  学習完了 (2030.6s, 22 epochs)
  train: top1=0.7496  nll=0.6744
  val  : top1=0.7348  nll=0.7236
  test : top1=0.7367  nll=0.7239
  train-val gap: top1=+0.0149  nll=+0.0492(overfitting指標)
  param_counts: {'fc1': 30720, 'fc2': 129, 'embedding': 10144, 'mlp': 30849, 'total': 40993}

=== 本命 vs ベースライン(val split) ===
  ベースライン(option only): top1=0.5994  nll=1.0617
  本命(state ++ option ++ embed): top1=0.7348  nll=0.7236

=== select_type別 Top-1一致率(本命モデル, test split) ===
  select_type= 0  n= 38915  top1=0.6738  nll=0.8890
  select_type= 1  n= 36309  top1=0.7391  nll=0.7190
  select_type= 2  n=    64  top1=1.0000  nll=0.0000
  select_type= 4  n=  1318  top1=0.8900  nll=0.3579
  select_type= 7  n=   818  top1=0.9719  nll=0.1408
  select_type= 8  n=  5278  top1=0.9896  nll=0.0664
  select_type= 9  n=  2516  top1=0.9817  nll=0.0708

重みを書き出しました: ..\..\sample_submission\ptcg_ai\learning\policy_weights_marnie_grimmsnarl_ex_m128.json (878.7 KB)

=== 自己検証: pure_python_forward(JSON再読込) vs PyTorchモデル出力(val split 50件, float64) ===
  検証件数=50  最大誤差=3.55271368e-15  許容=1e-06
  結果: PASS

============================================================
学習パイプライン完了サマリ
============================================================
  ベースライン(option only)      test: top1=0.6036 nll=1.0570
  本命(state ++ option ++ embed) test: top1=0.7367 nll=0.7239
  自己検証: 最大誤差=3.55271368e-15 -> PASS
  出力: ..\..\sample_submission\ptcg_ai\learning\policy_weights_marnie_grimmsnarl_ex_m128.json
