features.npz を読み込み: features_marnie_grimmsnarl_ex.npz
card_id_max=1267  embedding table size=1268 x 8
train=649343 val=83789 test=85218 (全818350件)
option特徴の標準化元行列 shape=(3507301, 67)

=== ベースライン: 線形モデル(選択肢特徴のみ、状態特徴・card embeddingなし) ===
    [baseline] epoch   1  train_loss=1.0833  val_nll=1.0648 (best=1.0648, no_improve=0)  val_top1=0.6002
    [baseline] epoch   5  train_loss=1.0642  val_nll=1.0607 (best=1.0607, no_improve=0)  val_top1=0.6030
    [baseline] epoch  10  train_loss=1.0639  val_nll=1.0615 (best=1.0606, no_improve=1)  val_top1=0.6040
    [baseline] epoch  15  train_loss=1.0639  val_nll=1.0615 (best=1.0605, no_improve=4)  val_top1=0.6032
    [baseline] epoch  20  train_loss=1.0641  val_nll=1.0614 (best=1.0605, no_improve=9)  val_top1=0.6042
    [baseline] 早期終了: epoch 21(val_nll が 10 epoch 改善せず)
  学習完了 (1369.0s)
  val : top1=0.6029  nll=1.0605
  test: top1=0.6073  nll=1.0563

=== 本命: MLP(embedding(card_id) ++ Linear(in,64) -> ReLU -> Linear(64,1)) ===
    [main] epoch   1  train_loss=0.8054  val_nll=0.7747 (best=0.7747, no_improve=0)  val_top1=0.7199
    [main] epoch   5  train_loss=0.7249  val_nll=0.7429 (best=0.7429, no_improve=0)  val_top1=0.7326
    [main] epoch  10  train_loss=0.7050  val_nll=0.7352 (best=0.7328, no_improve=2)  val_top1=0.7320
    [main] epoch  15  train_loss=0.6955  val_nll=0.7299 (best=0.7249, no_improve=3)  val_top1=0.7332
    [main] epoch  20  train_loss=0.6890  val_nll=0.7256 (best=0.7245, no_improve=2)  val_top1=0.7361
    [main] epoch  25  train_loss=0.6848  val_nll=0.7282 (best=0.7217, no_improve=3)  val_top1=0.7346
    [main] epoch  30  train_loss=0.6816  val_nll=0.7268 (best=0.7212, no_improve=4)  val_top1=0.7334
    [main] epoch  35  train_loss=0.6793  val_nll=0.7216 (best=0.7212, no_improve=9)  val_top1=0.7363
    [main] 早期終了: epoch 36(val_nll が 10 epoch 改善せず)
  学習完了 (3020.1s, 36 epochs)
  train: top1=0.7489  nll=0.6748
  val  : top1=0.7371  nll=0.7212
  test : top1=0.7391  nll=0.7202
  train-val gap: top1=+0.0118  nll=+0.0464(overfitting指標)
  param_counts: {'fc1': 17024, 'fc2': 65, 'embedding': 10144, 'mlp': 17089, 'total': 27233}

=== 本命 vs ベースライン(val split) ===
  ベースライン(option only): top1=0.6029  nll=1.0605
  本命(state ++ option ++ embed): top1=0.7371  nll=0.7212

=== select_type別 Top-1一致率(本命モデル, test split) ===
  select_type= 0  n= 38915  top1=0.6751  nll=0.8808
  select_type= 1  n= 36309  top1=0.7431  nll=0.7184
  select_type= 2  n=    64  top1=1.0000  nll=0.0000
  select_type= 4  n=  1318  top1=0.8900  nll=0.3592
  select_type= 7  n=   818  top1=0.9731  nll=0.1284
  select_type= 8  n=  5278  top1=0.9896  nll=0.0659
  select_type= 9  n=  2516  top1=0.9837  nll=0.0850

重みを書き出しました: ..\..\sample_submission\ptcg_ai\learning\policy_weights_marnie_grimmsnarl_ex_bc3_m64.json (584.0 KB)

=== 自己検証: pure_python_forward(JSON再読込) vs PyTorchモデル出力(val split 50件, float64) ===
  検証件数=50  最大誤差=7.10542736e-15  許容=1e-06
  結果: PASS

============================================================
学習パイプライン完了サマリ
============================================================
  ベースライン(option only)      test: top1=0.6073 nll=1.0563
  本命(state ++ option ++ embed) test: top1=0.7391 nll=0.7202
  自己検証: 最大誤差=7.10542736e-15 -> PASS
  出力: ..\..\sample_submission\ptcg_ai\learning\policy_weights_marnie_grimmsnarl_ex_bc3_m64.json
