features.npz を読み込み: features_marnie_grimmsnarl_ex.npz
card_id_max=1267  embedding table size=1268 x 8
train=649343 val=83789 test=85218 (全818350件)
option特徴の標準化元行列 shape=(3507301, 67)

=== ベースライン: 線形モデル(選択肢特徴のみ、状態特徴・card embeddingなし) ===
    [baseline] epoch   1  train_loss=1.0859  val_nll=1.0650 (best=1.0650, no_improve=0)  val_top1=0.6038
    [baseline] epoch   5  train_loss=1.0639  val_nll=1.0612 (best=1.0612, no_improve=0)  val_top1=0.5999
    [baseline] epoch  10  train_loss=1.0639  val_nll=1.0615 (best=1.0612, no_improve=5)  val_top1=0.6040
    [baseline] epoch  15  train_loss=1.0639  val_nll=1.0618 (best=1.0608, no_improve=2)  val_top1=0.6000
    [baseline] epoch  20  train_loss=1.0640  val_nll=1.0606 (best=1.0606, no_improve=4)  val_top1=0.6027
    [baseline] epoch  25  train_loss=1.0639  val_nll=1.0610 (best=1.0603, no_improve=4)  val_top1=0.6037
    [baseline] epoch  30  train_loss=1.0639  val_nll=1.0611 (best=1.0601, no_improve=1)  val_top1=0.6012
    [baseline] epoch  35  train_loss=1.0636  val_nll=1.0615 (best=1.0601, no_improve=6)  val_top1=0.6002
    [baseline] 早期終了: epoch 39(val_nll が 10 epoch 改善せず)
  学習完了 (3427.2s)
  val : top1=0.6042  nll=1.0601
  test: top1=0.6083  nll=1.0549

=== 本命: MLP(embedding(card_id) ++ Linear(in,32) -> ReLU -> Linear(32,1)) ===
    [main] epoch   1  train_loss=0.8144  val_nll=0.7844 (best=0.7844, no_improve=0)  val_top1=0.7183
    [main] epoch   5  train_loss=0.7390  val_nll=0.7525 (best=0.7525, no_improve=0)  val_top1=0.7237
    [main] epoch  10  train_loss=0.7239  val_nll=0.7405 (best=0.7405, no_improve=0)  val_top1=0.7293
    [main] epoch  15  train_loss=0.7156  val_nll=0.7371 (best=0.7371, no_improve=0)  val_top1=0.7315
    [main] epoch  20  train_loss=0.7108  val_nll=0.7331 (best=0.7323, no_improve=3)  val_top1=0.7329
    [main] epoch  25  train_loss=0.7076  val_nll=0.7337 (best=0.7307, no_improve=1)  val_top1=0.7338
    [main] epoch  30  train_loss=0.7049  val_nll=0.7304 (best=0.7300, no_improve=1)  val_top1=0.7342
    [main] epoch  35  train_loss=0.7027  val_nll=0.7308 (best=0.7285, no_improve=3)  val_top1=0.7329
    [main] epoch  40  train_loss=0.7009  val_nll=0.7272 (best=0.7265, no_improve=3)  val_top1=0.7327
    [main] epoch  45  train_loss=0.6997  val_nll=0.7274 (best=0.7265, no_improve=8)  val_top1=0.7357
    [main] epoch  50  train_loss=0.6983  val_nll=0.7299 (best=0.7263, no_improve=3)  val_top1=0.7330
    [main] epoch  55  train_loss=0.6973  val_nll=0.7256 (best=0.7256, no_improve=0)  val_top1=0.7343
    [main] epoch  60  train_loss=0.6966  val_nll=0.7252 (best=0.7246, no_improve=1)  val_top1=0.7333
    [main] epoch  65  train_loss=0.6954  val_nll=0.7242 (best=0.7239, no_improve=3)  val_top1=0.7337
    [main] epoch  70  train_loss=0.6950  val_nll=0.7275 (best=0.7239, no_improve=8)  val_top1=0.7342
    [main] 早期終了: epoch 72(val_nll が 10 epoch 改善せず)
  学習完了 (10393.5s, 72 epochs)
  train: top1=0.7434  nll=0.6922
  val  : top1=0.7334  nll=0.7239
  test : top1=0.7349  nll=0.7264
  train-val gap: top1=+0.0100  nll=+0.0317(overfitting指標)
  param_counts: {'fc1': 8512, 'fc2': 33, 'embedding': 10144, 'mlp': 8545, 'total': 18689}

=== 本命 vs ベースライン(val split) ===
  ベースライン(option only): top1=0.6042  nll=1.0601
  本命(state ++ option ++ embed): top1=0.7334  nll=0.7239

=== select_type別 Top-1一致率(本命モデル, test split) ===
  select_type= 0  n= 38915  top1=0.6709  nll=0.8908
  select_type= 1  n= 36309  top1=0.7378  nll=0.7231
  select_type= 2  n=    64  top1=1.0000  nll=0.0000
  select_type= 4  n=  1318  top1=0.8907  nll=0.3437
  select_type= 7  n=   818  top1=0.9719  nll=0.1384
  select_type= 8  n=  5278  top1=0.9898  nll=0.0677
  select_type= 9  n=  2516  top1=0.9829  nll=0.0732

重みを書き出しました: ..\..\sample_submission\ptcg_ai\learning\policy_weights_marnie_bc3_s1.json (402.2 KB)

=== 自己検証: pure_python_forward(JSON再読込) vs PyTorchモデル出力(val split 50件, float64) ===
  検証件数=50  最大誤差=8.88178420e-15  許容=1e-06
  結果: PASS

============================================================
学習パイプライン完了サマリ
============================================================
  ベースライン(option only)      test: top1=0.6083 nll=1.0549
  本命(state ++ option ++ embed) test: top1=0.7349 nll=0.7264
  自己検証: 最大誤差=8.88178420e-15 -> PASS
  出力: ..\..\sample_submission\ptcg_ai\learning\policy_weights_marnie_bc3_s1.json
