features.npz を読み込み: features_marnie_grimmsnarl_ex_seq.npz
card_id_max=1267  embedding table size=1268 x 8
train=649343 val=83789 test=85218 (全818350件)
option特徴の標準化元行列 shape=(3507301, 79)

=== ベースライン: 線形モデル(選択肢特徴のみ、状態特徴・card embeddingなし) ===
    [baseline] epoch   1  train_loss=1.0751  val_nll=1.0563 (best=1.0563, no_improve=0)  val_top1=0.6025
    [baseline] epoch   5  train_loss=1.0560  val_nll=1.0542 (best=1.0542, no_improve=0)  val_top1=0.6013
    [baseline] epoch  10  train_loss=1.0559  val_nll=1.0550 (best=1.0542, no_improve=1)  val_top1=0.6032
    [baseline] epoch  15  train_loss=1.0559  val_nll=1.0553 (best=1.0541, no_improve=4)  val_top1=0.6029
    [baseline] epoch  20  train_loss=1.0560  val_nll=1.0549 (best=1.0541, no_improve=9)  val_top1=0.6042
    [baseline] 早期終了: epoch 21(val_nll が 10 epoch 改善せず)
  学習完了 (1353.4s)
  val : top1=0.6017  nll=1.0541
  test: top1=0.6051  nll=1.0484

=== 本命: MLP(embedding(card_id) ++ Linear(in,32) -> ReLU -> Linear(32,1)) ===
    [main] epoch   1  train_loss=0.7995  val_nll=0.7708 (best=0.7708, no_improve=0)  val_top1=0.7220
    [main] epoch   5  train_loss=0.7246  val_nll=0.7386 (best=0.7386, no_improve=0)  val_top1=0.7332
    [main] epoch  10  train_loss=0.7083  val_nll=0.7281 (best=0.7281, no_improve=0)  val_top1=0.7346
    [main] epoch  15  train_loss=0.7006  val_nll=0.7225 (best=0.7225, no_improve=0)  val_top1=0.7356
    [main] epoch  20  train_loss=0.6954  val_nll=0.7176 (best=0.7165, no_improve=2)  val_top1=0.7380
    [main] epoch  25  train_loss=0.6925  val_nll=0.7175 (best=0.7128, no_improve=1)  val_top1=0.7384
    [main] epoch  30  train_loss=0.6901  val_nll=0.7157 (best=0.7125, no_improve=4)  val_top1=0.7380
    [main] epoch  35  train_loss=0.6882  val_nll=0.7098 (best=0.7098, no_improve=0)  val_top1=0.7410
    [main] epoch  40  train_loss=0.6868  val_nll=0.7117 (best=0.7093, no_improve=4)  val_top1=0.7421
    [main] epoch  45  train_loss=0.6854  val_nll=0.7111 (best=0.7091, no_improve=3)  val_top1=0.7405
    [main] epoch  50  train_loss=0.6841  val_nll=0.7111 (best=0.7085, no_improve=4)  val_top1=0.7415
    [main] epoch  55  train_loss=0.6836  val_nll=0.7107 (best=0.7083, no_improve=1)  val_top1=0.7400
    [main] epoch  60  train_loss=0.6824  val_nll=0.7082 (best=0.7062, no_improve=2)  val_top1=0.7399
    [main] epoch  65  train_loss=0.6819  val_nll=0.7081 (best=0.7060, no_improve=1)  val_top1=0.7422
    [main] epoch  70  train_loss=0.6808  val_nll=0.7116 (best=0.7060, no_improve=6)  val_top1=0.7407
    [main] 早期終了: epoch 74(val_nll が 10 epoch 改善せず)
  学習完了 (6687.2s, 74 epochs)
  train: top1=0.7494  nll=0.6767
  val  : top1=0.7404  nll=0.7060
  test : top1=0.7424  nll=0.7088
  train-val gap: top1=+0.0091  nll=+0.0293(overfitting指標)
  param_counts: {'fc1': 8128, 'fc2': 33, 'embedding': 10144, 'mlp': 8161, 'total': 18305}

=== 本命 vs ベースライン(val split) ===
  ベースライン(option only): top1=0.6017  nll=1.0541
  本命(state ++ option ++ embed): top1=0.7404  nll=0.7060

=== select_type別 Top-1一致率(本命モデル, test split) ===
  select_type= 0  n= 38915  top1=0.6854  nll=0.8551
  select_type= 1  n= 36309  top1=0.7400  nll=0.7200
  select_type= 2  n=    64  top1=1.0000  nll=0.0000
  select_type= 4  n=  1318  top1=0.8892  nll=0.3324
  select_type= 7  n=   818  top1=0.9707  nll=0.1445
  select_type= 8  n=  5278  top1=0.9898  nll=0.0705
  select_type= 9  n=  2516  top1=0.9829  nll=0.0718

重みを書き出しました: ..\..\sample_submission\ptcg_ai\learning\policy_weights_marnie_grimmsnarl_ex_seq.json (393.9 KB)

=== 自己検証: pure_python_forward(JSON再読込) vs PyTorchモデル出力(val split 50件, float64) ===
  検証件数=50  最大誤差=1.42108547e-14  許容=1e-06
  結果: PASS

============================================================
学習パイプライン完了サマリ
============================================================
  ベースライン(option only)      test: top1=0.6051 nll=1.0484
  本命(state ++ option ++ embed) test: top1=0.7424 nll=0.7088
  自己検証: 最大誤差=1.42108547e-14 -> PASS
  出力: ..\..\sample_submission\ptcg_ai\learning\policy_weights_marnie_grimmsnarl_ex_seq.json
