features.npz を読み込み: features_marnie_grimmsnarl_ex.npz
  ablate: 状態側 24 次元 / 選択肢側 2 次元を 0 で潰した ['retreat_cost', 'prize_value']
card_id_max=1267  embedding table size=1268 x 8
train=649343 val=83789 test=85218 (全818350件)
option特徴の標準化元行列 shape=(3507301, 67)

=== ベースライン: 線形モデル(選択肢特徴のみ、状態特徴・card embeddingなし) ===
    [baseline] epoch   1  train_loss=1.0852  val_nll=1.0649 (best=1.0649, no_improve=0)  val_top1=0.6026
    [baseline] epoch   5  train_loss=1.0645  val_nll=1.0620 (best=1.0620, no_improve=0)  val_top1=0.5992
    [baseline] epoch  10  train_loss=1.0645  val_nll=1.0626 (best=1.0620, no_improve=5)  val_top1=0.6032
    [baseline] epoch  15  train_loss=1.0646  val_nll=1.0630 (best=1.0620, no_improve=2)  val_top1=0.5971
    [baseline] epoch  20  train_loss=1.0647  val_nll=1.0619 (best=1.0618, no_improve=4)  val_top1=0.6007
    [baseline] epoch  25  train_loss=1.0646  val_nll=1.0621 (best=1.0615, no_improve=4)  val_top1=0.6008
    [baseline] epoch  30  train_loss=1.0645  val_nll=1.0624 (best=1.0614, no_improve=1)  val_top1=0.5980
    [baseline] epoch  35  train_loss=1.0643  val_nll=1.0627 (best=1.0614, no_improve=6)  val_top1=0.5973
    [baseline] 早期終了: epoch 39(val_nll が 10 epoch 改善せず)
  学習完了 (3785.3s)
  val : top1=0.6011  nll=1.0614
  test: top1=0.6045  nll=1.0556

=== 本命: MLP(embedding(card_id) ++ Linear(in,32) -> ReLU -> Linear(32,1)) ===
    [main] epoch   1  train_loss=0.8111  val_nll=0.7824 (best=0.7824, no_improve=0)  val_top1=0.7185
    [main] epoch   5  train_loss=0.7403  val_nll=0.7505 (best=0.7505, no_improve=0)  val_top1=0.7252
    [main] epoch  10  train_loss=0.7254  val_nll=0.7428 (best=0.7428, no_improve=0)  val_top1=0.7299
    [main] epoch  15  train_loss=0.7187  val_nll=0.7386 (best=0.7386, no_improve=0)  val_top1=0.7325
    [main] epoch  20  train_loss=0.7141  val_nll=0.7333 (best=0.7333, no_improve=0)  val_top1=0.7342
    [main] epoch  25  train_loss=0.7108  val_nll=0.7356 (best=0.7317, no_improve=1)  val_top1=0.7352
    [main] epoch  30  train_loss=0.7079  val_nll=0.7323 (best=0.7317, no_improve=6)  val_top1=0.7328
    [main] epoch  35  train_loss=0.7058  val_nll=0.7327 (best=0.7303, no_improve=3)  val_top1=0.7339
    [main] epoch  40  train_loss=0.7041  val_nll=0.7273 (best=0.7273, no_improve=0)  val_top1=0.7344
    [main] epoch  45  train_loss=0.7028  val_nll=0.7285 (best=0.7273, no_improve=5)  val_top1=0.7358
    [main] epoch  50  train_loss=0.7015  val_nll=0.7266 (best=0.7264, no_improve=4)  val_top1=0.7360
    [main] epoch  55  train_loss=0.7006  val_nll=0.7260 (best=0.7246, no_improve=4)  val_top1=0.7346
    [main] epoch  60  train_loss=0.7000  val_nll=0.7248 (best=0.7246, no_improve=9)  val_top1=0.7328
    [main] 早期終了: epoch 61(val_nll が 10 epoch 改善せず)
  学習完了 (42987.7s, 61 epochs)
  train: top1=0.7441  nll=0.6964
  val  : top1=0.7352  nll=0.7246
  test : top1=0.7367  nll=0.7275
  train-val gap: top1=+0.0089  nll=+0.0282(overfitting指標)
  param_counts: {'fc1': 8512, 'fc2': 33, 'embedding': 10144, 'mlp': 8545, 'total': 18689}

=== 本命 vs ベースライン(val split) ===
  ベースライン(option only): top1=0.6011  nll=1.0614
  本命(state ++ option ++ embed): top1=0.7352  nll=0.7246

=== select_type別 Top-1一致率(本命モデル, test split) ===
  select_type= 0  n= 38915  top1=0.6757  nll=0.8891
  select_type= 1  n= 36309  top1=0.7368  nll=0.7276
  select_type= 2  n=    64  top1=1.0000  nll=0.0000
  select_type= 4  n=  1318  top1=0.8907  nll=0.3344
  select_type= 7  n=   818  top1=0.9731  nll=0.1359
  select_type= 8  n=  5278  top1=0.9898  nll=0.0709
  select_type= 9  n=  2516  top1=0.9837  nll=0.0729

重みを書き出しました: ..\..\sample_submission\ptcg_ai\learning\policy_weights_marnie_ctrl_s1.json (403.5 KB)

=== 自己検証: pure_python_forward(JSON再読込) vs PyTorchモデル出力(val split 50件, float64) ===
  検証件数=50  最大誤差=4.44089210e-15  許容=1e-06
  結果: PASS

============================================================
学習パイプライン完了サマリ
============================================================
  ベースライン(option only)      test: top1=0.6045 nll=1.0556
  本命(state ++ option ++ embed) test: top1=0.7367 nll=0.7275
  自己検証: 最大誤差=4.44089210e-15 -> PASS
  出力: ..\..\sample_submission\ptcg_ai\learning\policy_weights_marnie_ctrl_s1.json
