features.npz を読み込み: features_marnie_grimmsnarl_ex.npz
card_id_max=1267  embedding table size=1268 x 8
train=649343 val=83789 test=85218 (全818350件)
option特徴の標準化元行列 shape=(3507301, 65)

=== ベースライン: 線形モデル(選択肢特徴のみ、状態特徴・card embeddingなし) ===
    [baseline] epoch   1  train_loss=1.0841  val_nll=1.0648 (best=1.0648, no_improve=0)  val_top1=0.6009
    [baseline] epoch   5  train_loss=1.0647  val_nll=1.0618 (best=1.0618, no_improve=0)  val_top1=0.6007
    [baseline] epoch  10  train_loss=1.0646  val_nll=1.0627 (best=1.0618, no_improve=1)  val_top1=0.6008
    [baseline] epoch  15  train_loss=1.0646  val_nll=1.0628 (best=1.0617, no_improve=4)  val_top1=0.6011
    [baseline] epoch  20  train_loss=1.0648  val_nll=1.0626 (best=1.0617, no_improve=9)  val_top1=0.6014
    [baseline] 早期終了: epoch 21(val_nll が 10 epoch 改善せず)
  学習完了 (1375.7s)
  val : top1=0.5994  nll=1.0617
  test: top1=0.6036  nll=1.0570

=== 本命: MLP(embedding(card_id) ++ Linear(in,64) -> ReLU -> Linear(64,1)) ===
    [main] epoch   1  train_loss=0.8047  val_nll=0.7761 (best=0.7761, no_improve=0)  val_top1=0.7211
    [main] epoch   5  train_loss=0.7269  val_nll=0.7425 (best=0.7425, no_improve=0)  val_top1=0.7321
    [main] epoch  10  train_loss=0.7075  val_nll=0.7354 (best=0.7354, no_improve=0)  val_top1=0.7310
    [main] epoch  15  train_loss=0.6984  val_nll=0.7317 (best=0.7271, no_improve=3)  val_top1=0.7324
    [main] epoch  20  train_loss=0.6923  val_nll=0.7276 (best=0.7263, no_improve=1)  val_top1=0.7341
    [main] epoch  25  train_loss=0.6887  val_nll=0.7300 (best=0.7233, no_improve=3)  val_top1=0.7336
    [main] epoch  30  train_loss=0.6859  val_nll=0.7295 (best=0.7233, no_improve=8)  val_top1=0.7314
    [main] 早期終了: epoch 32(val_nll が 10 epoch 改善せず)
  学習完了 (2671.6s, 32 epochs)
  train: top1=0.7461  nll=0.6819
  val  : top1=0.7336  nll=0.7233
  test : top1=0.7362  nll=0.7225
  train-val gap: top1=+0.0125  nll=+0.0415(overfitting指標)
  param_counts: {'fc1': 15360, 'fc2': 65, 'embedding': 10144, 'mlp': 15425, 'total': 25569}

=== 本命 vs ベースライン(val split) ===
  ベースライン(option only): top1=0.5994  nll=1.0617
  本命(state ++ option ++ embed): top1=0.7336  nll=0.7233

=== select_type別 Top-1一致率(本命モデル, test split) ===
  select_type= 0  n= 38915  top1=0.6737  nll=0.8808
  select_type= 1  n= 36309  top1=0.7380  nll=0.7256
  select_type= 2  n=    64  top1=1.0000  nll=0.0000
  select_type= 4  n=  1318  top1=0.8900  nll=0.3341
  select_type= 7  n=   818  top1=0.9707  nll=0.1328
  select_type= 8  n=  5278  top1=0.9898  nll=0.0653
  select_type= 9  n=  2516  top1=0.9829  nll=0.0715

重みを書き出しました: ..\..\sample_submission\ptcg_ai\learning\policy_weights_marnie_grimmsnarl_ex_m64.json (548.8 KB)

=== 自己検証: pure_python_forward(JSON再読込) vs PyTorchモデル出力(val split 50件, float64) ===
  検証件数=50  最大誤差=7.10542736e-15  許容=1e-06
  結果: PASS

============================================================
学習パイプライン完了サマリ
============================================================
  ベースライン(option only)      test: top1=0.6036 nll=1.0570
  本命(state ++ option ++ embed) test: top1=0.7362 nll=0.7225
  自己検証: 最大誤差=7.10542736e-15 -> PASS
  出力: ..\..\sample_submission\ptcg_ai\learning\policy_weights_marnie_grimmsnarl_ex_m64.json
