card_id_max = 1267(all_card_data() から動的に計算)
読み込み開始: ..\training_data\policy_positions_marnie_grimmsnarl_ex.jsonl.gz
weight スキーム: concentrated
  5000 件処理済み(経過 1.9s、2643.2 rows/sec)
  10000 件処理済み(経過 3.6s、2754.3 rows/sec)
  15000 件処理済み(経過 5.3s、2807.4 rows/sec)
  20000 件処理済み(経過 7.1s、2834.7 rows/sec)
  25000 件処理済み(経過 8.8s、2851.1 rows/sec)
  30000 件処理済み(経過 10.6s、2843.0 rows/sec)
  35000 件処理済み(経過 12.4s、2830.0 rows/sec)
  40000 件処理済み(経過 14.1s、2844.8 rows/sec)
  45000 件処理済み(経過 15.8s、2842.8 rows/sec)
  50000 件処理済み(経過 17.5s、2857.9 rows/sec)
  55000 件処理済み(経過 19.2s、2859.0 rows/sec)
  60000 件処理済み(経過 21.0s、2855.0 rows/sec)
  65000 件処理済み(経過 22.7s、2857.3 rows/sec)
  70000 件処理済み(経過 24.5s、2858.8 rows/sec)
  75000 件処理済み(経過 26.3s、2851.5 rows/sec)
  80000 件処理済み(経過 28.0s、2852.9 rows/sec)
  85000 件処理済み(経過 29.8s、2848.9 rows/sec)
  90000 件処理済み(経過 31.8s、2831.2 rows/sec)
  95000 件処理済み(経過 33.5s、2832.8 rows/sec)
  100000 件処理済み(経過 35.3s、2832.2 rows/sec)
  105000 件処理済み(経過 37.1s、2831.6 rows/sec)
  110000 件処理済み(経過 38.8s、2831.4 rows/sec)
  115000 件処理済み(経過 40.6s、2831.6 rows/sec)
  120000 件処理済み(経過 42.4s、2832.0 rows/sec)
  125000 件処理済み(経過 44.1s、2835.3 rows/sec)
  130000 件処理済み(経過 45.9s、2831.7 rows/sec)
  135000 件処理済み(経過 47.7s、2828.6 rows/sec)
  140000 件処理済み(経過 49.5s、2827.3 rows/sec)
  145000 件処理済み(経過 51.4s、2823.4 rows/sec)
  150000 件処理済み(経過 53.4s、2809.3 rows/sec)
  155000 件処理済み(経過 55.2s、2807.4 rows/sec)
  160000 件処理済み(経過 57.0s、2808.1 rows/sec)
  165000 件処理済み(経過 58.8s、2806.8 rows/sec)
  170000 件処理済み(経過 60.6s、2807.5 rows/sec)
  175000 件処理済み(経過 62.4s、2805.6 rows/sec)
  180000 件処理済み(経過 64.1s、2808.3 rows/sec)
  185000 件処理済み(経過 66.0s、2804.7 rows/sec)
  190000 件処理済み(経過 67.7s、2806.0 rows/sec)
  195000 件処理済み(経過 69.5s、2805.2 rows/sec)
  200000 件処理済み(経過 71.3s、2806.6 rows/sec)
  205000 件処理済み(経過 73.5s、2790.8 rows/sec)
  210000 件処理済み(経過 75.2s、2792.7 rows/sec)
  215000 件処理済み(経過 77.0s、2792.4 rows/sec)
  220000 件処理済み(経過 78.8s、2790.6 rows/sec)
  225000 件処理済み(経過 80.6s、2791.4 rows/sec)
  230000 件処理済み(経過 82.4s、2792.1 rows/sec)
  235000 件処理済み(経過 84.2s、2792.5 rows/sec)
  240000 件処理済み(経過 86.0s、2791.3 rows/sec)
  245000 件処理済み(経過 87.7s、2792.5 rows/sec)
  250000 件処理済み(経過 89.6s、2790.9 rows/sec)
  255000 件処理済み(経過 91.4s、2789.4 rows/sec)
  260000 件処理済み(経過 93.5s、2779.3 rows/sec)
  265000 件処理済み(経過 95.5s、2774.5 rows/sec)
  270000 件処理済み(経過 97.2s、2777.1 rows/sec)
  275000 件処理済み(経過 99.2s、2772.3 rows/sec)
  280000 件処理済み(経過 101.0s、2772.9 rows/sec)
  285000 件処理済み(経過 103.0s、2766.7 rows/sec)
  290000 件処理済み(経過 105.0s、2761.2 rows/sec)
  295000 件処理済み(経過 106.8s、2762.1 rows/sec)
  300000 件処理済み(経過 108.7s、2760.0 rows/sec)
  305000 件処理済み(経過 110.5s、2759.3 rows/sec)
  310000 件処理済み(経過 112.4s、2757.5 rows/sec)
  315000 件処理済み(経過 114.3s、2755.5 rows/sec)
  320000 件処理済み(経過 116.1s、2755.5 rows/sec)
  325000 件処理済み(経過 118.0s、2754.8 rows/sec)
  330000 件処理済み(経過 119.8s、2754.4 rows/sec)
  335000 件処理済み(経過 122.2s、2741.6 rows/sec)
  340000 件処理済み(経過 124.0s、2741.5 rows/sec)
  345000 件処理済み(経過 125.9s、2740.6 rows/sec)
  350000 件処理済み(経過 127.6s、2743.4 rows/sec)
  355000 件処理済み(経過 129.3s、2744.5 rows/sec)
  360000 件処理済み(経過 131.1s、2746.8 rows/sec)
  365000 件処理済み(経過 132.8s、2748.6 rows/sec)
  370000 件処理済み(経過 134.6s、2749.7 rows/sec)
  375000 件処理済み(経過 136.3s、2752.1 rows/sec)
  380000 件処理済み(経過 138.0s、2754.4 rows/sec)
  385000 件処理済み(経過 139.8s、2754.8 rows/sec)
  390000 件処理済み(経過 141.5s、2757.1 rows/sec)
  395000 件処理済み(経過 143.2s、2758.6 rows/sec)
  400000 件処理済み(経過 144.9s、2761.1 rows/sec)
  405000 件処理済み(経過 146.6s、2762.6 rows/sec)
  410000 件処理済み(経過 148.3s、2765.0 rows/sec)
  415000 件処理済み(経過 150.0s、2766.6 rows/sec)
  420000 件処理済み(経過 151.7s、2768.0 rows/sec)
  425000 件処理済み(経過 154.1s、2757.1 rows/sec)
  430000 件処理済み(経過 155.8s、2759.1 rows/sec)
  435000 件処理済み(経過 157.5s、2762.0 rows/sec)
  440000 件処理済み(経過 159.2s、2763.3 rows/sec)
  445000 件処理済み(経過 160.9s、2764.9 rows/sec)
  450000 件処理済み(経過 162.6s、2766.8 rows/sec)
  455000 件処理済み(経過 164.4s、2768.0 rows/sec)
  460000 件処理済み(経過 166.1s、2770.1 rows/sec)
  465000 件処理済み(経過 167.8s、2771.6 rows/sec)
  470000 件処理済み(経過 169.5s、2773.1 rows/sec)
  475000 件処理済み(経過 171.2s、2774.2 rows/sec)
  480000 件処理済み(経過 172.9s、2775.4 rows/sec)
  485000 件処理済み(経過 174.6s、2777.2 rows/sec)
  490000 件処理済み(経過 176.4s、2778.0 rows/sec)
  495000 件処理済み(経過 178.3s、2777.0 rows/sec)
  500000 件処理済み(経過 180.0s、2777.8 rows/sec)
  505000 件処理済み(経過 181.7s、2779.3 rows/sec)
  510000 件処理済み(経過 183.4s、2780.3 rows/sec)
  515000 件処理済み(経過 185.2s、2781.1 rows/sec)
  520000 件処理済み(経過 186.9s、2782.1 rows/sec)
  525000 件処理済み(経過 188.7s、2782.8 rows/sec)
  530000 件処理済み(経過 190.4s、2783.5 rows/sec)
  535000 件処理済み(経過 192.9s、2772.9 rows/sec)
  540000 件処理済み(経過 194.6s、2774.6 rows/sec)
  545000 件処理済み(経過 196.4s、2775.6 rows/sec)
  550000 件処理済み(経過 198.1s、2777.0 rows/sec)
  555000 件処理済み(経過 199.8s、2777.9 rows/sec)
  560000 件処理済み(経過 201.5s、2779.1 rows/sec)
  565000 件処理済み(経過 203.2s、2780.5 rows/sec)
  570000 件処理済み(経過 205.0s、2780.7 rows/sec)
  575000 件処理済み(経過 206.7s、2781.6 rows/sec)
  580000 件処理済み(経過 208.4s、2782.9 rows/sec)
  585000 件処理済み(経過 210.1s、2784.2 rows/sec)
  590000 件処理済み(経過 212.0s、2783.5 rows/sec)
  595000 件処理済み(経過 214.0s、2780.8 rows/sec)
  600000 件処理済み(経過 215.7s、2781.2 rows/sec)
  605000 件処理済み(経過 217.5s、2782.1 rows/sec)
  610000 件処理済み(経過 219.2s、2783.1 rows/sec)
  615000 件処理済み(経過 220.9s、2784.1 rows/sec)
  620000 件処理済み(経過 222.6s、2785.4 rows/sec)
  625000 件処理済み(経過 224.3s、2786.5 rows/sec)
  630000 件処理済み(経過 226.0s、2787.3 rows/sec)
  635000 件処理済み(経過 227.7s、2788.3 rows/sec)
  640000 件処理済み(経過 229.6s、2787.6 rows/sec)
  645000 件処理済み(経過 231.3s、2788.3 rows/sec)
  650000 件処理済み(経過 233.0s、2789.5 rows/sec)
  655000 件処理済み(経過 234.7s、2790.6 rows/sec)
  660000 件処理済み(経過 236.4s、2791.5 rows/sec)
  665000 件処理済み(経過 238.2s、2792.4 rows/sec)
  670000 件処理済み(経過 240.9s、2781.3 rows/sec)
  675000 件処理済み(経過 242.6s、2782.2 rows/sec)
  680000 件処理済み(経過 244.3s、2783.3 rows/sec)
  685000 件処理済み(経過 246.1s、2783.6 rows/sec)
  690000 件処理済み(経過 247.8s、2784.4 rows/sec)
  695000 件処理済み(経過 249.5s、2785.3 rows/sec)
  700000 件処理済み(経過 251.2s、2786.1 rows/sec)
  705000 件処理済み(経過 253.0s、2786.6 rows/sec)
  710000 件処理済み(経過 254.7s、2787.3 rows/sec)
  715000 件処理済み(経過 256.5s、2787.6 rows/sec)
  720000 件処理済み(経過 258.2s、2788.7 rows/sec)
  725000 件処理済み(経過 260.0s、2788.9 rows/sec)
  730000 件処理済み(経過 261.7s、2789.2 rows/sec)
  735000 件処理済み(経過 263.4s、2790.0 rows/sec)
  740000 件処理済み(経過 265.1s、2791.0 rows/sec)
  745000 件処理済み(経過 266.9s、2791.2 rows/sec)
  750000 件処理済み(経過 268.6s、2792.1 rows/sec)
  755000 件処理済み(経過 270.3s、2792.7 rows/sec)
  760000 件処理済み(経過 272.2s、2792.4 rows/sec)
  765000 件処理済み(経過 273.9s、2792.8 rows/sec)
  770000 件処理済み(経過 275.7s、2793.3 rows/sec)
  775000 件処理済み(経過 277.4s、2794.0 rows/sec)
  780000 件処理済み(経過 279.1s、2794.9 rows/sec)
  785000 件処理済み(経過 280.8s、2795.5 rows/sec)
  790000 件処理済み(経過 282.5s、2796.8 rows/sec)
  795000 件処理済み(経過 284.2s、2797.1 rows/sec)
  800000 件処理済み(経過 286.0s、2797.5 rows/sec)
  805000 件処理済み(経過 287.7s、2798.3 rows/sec)
  810000 件処理済み(経過 289.4s、2799.2 rows/sec)
  815000 件処理済み(経過 291.1s、2799.5 rows/sec)
完了: 採用 818350 件(経過 292.3s)
state_features shape=(818350, 166) dtype=float32
split 内訳: train=649343 val=83789 test=85218
書き出し完了: features_marnie_grimmsnarl_ex.npz (90.0 MB)
注意: option_features/option_card_ids は object 配列(ragged)。読み込みは np.load(path, allow_pickle=True) を使うこと。card_id_max はスカラー(data['card_id_max'].item() で取り出す)。
