features.npz を読み込み: C:\Users\rinnz\Documents\pokemon\pokemon-tcg-ai-battle\kaggle_replays\policy_net\features_ogerpon_teal_ex.npz
card_id_max=1267  embedding table size=1268 x 8
train=21926 val=2579 test=3190 (全27695件)
option特徴の標準化元行列 shape=(186377, 65)

=== ベースライン: 線形モデル(選択肢特徴のみ、状態特徴・card embeddingなし) ===
    [baseline] epoch   1  train_loss=1.5688  val_nll=1.5001 (best=1.5001, no_improve=0)  val_top1=0.4855
    [baseline] epoch   5  train_loss=1.4031  val_nll=1.4215 (best=1.4215, no_improve=0)  val_top1=0.5138
    [baseline] epoch  10  train_loss=1.3860  val_nll=1.4044 (best=1.4044, no_improve=0)  val_top1=0.5118
    [baseline] epoch  15  train_loss=1.3803  val_nll=1.3974 (best=1.3974, no_improve=0)  val_top1=0.5149
    [baseline] epoch  20  train_loss=1.3772  val_nll=1.3960 (best=1.3960, no_improve=1)  val_top1=0.5176
    [baseline] epoch  25  train_loss=1.3760  val_nll=1.3938 (best=1.3938, no_improve=0)  val_top1=0.5107
    [baseline] epoch  30  train_loss=1.3754  val_nll=1.3940 (best=1.3938, no_improve=5)  val_top1=0.5118
    [baseline] epoch  35  train_loss=1.3756  val_nll=1.3943 (best=1.3933, no_improve=3)  val_top1=0.5165
    [baseline] epoch  40  train_loss=1.3750  val_nll=1.3941 (best=1.3933, no_improve=8)  val_top1=0.5126
    [baseline] 早期終了: epoch 42(val_nll が 10 epoch 改善せず)
  学習完了 (91.9s)
  val : top1=0.5153  nll=1.3933
  test: top1=0.5329  nll=1.3461

=== 本命: MLP(embedding(card_id) ++ Linear(in,32) -> ReLU -> Linear(32,1)) ===
    [main] epoch   1  train_loss=1.3465  val_nll=1.2137 (best=1.2137, no_improve=0)  val_top1=0.5816
    [main] epoch   5  train_loss=0.9517  val_nll=1.0228 (best=1.0228, no_improve=0)  val_top1=0.6402
    [main] epoch  10  train_loss=0.8574  val_nll=1.0002 (best=0.9954, no_improve=2)  val_top1=0.6468
    [main] epoch  15  train_loss=0.8068  val_nll=0.9976 (best=0.9909, no_improve=1)  val_top1=0.6452
    [main] epoch  20  train_loss=0.7720  val_nll=1.0053 (best=0.9909, no_improve=6)  val_top1=0.6506
    [main] 早期終了: epoch 24(val_nll が 10 epoch 改善せず)
  学習完了 (67.4s, 24 epochs)
  train: top1=0.7191  nll=0.7838
  val  : top1=0.6483  nll=0.9909
  test : top1=0.6655  nll=0.9769
  train-val gap: top1=+0.0707  nll=+0.2070(overfitting指標)
  param_counts: {'fc1': 7680, 'fc2': 33, 'embedding': 10144, 'mlp': 7713, 'total': 17857}

=== 本命 vs ベースライン(val split) ===
  ベースライン(option only): top1=0.5153  nll=1.3933
  本命(state ++ option ++ embed): top1=0.6483  nll=0.9909

=== select_type別 Top-1一致率(本命モデル, test split) ===
  select_type= 0  n=  1766  top1=0.6331  nll=1.1396
  select_type= 1  n=  1170  top1=0.6556  nll=0.8915
  select_type= 2  n=    47  top1=0.6596  nll=1.3094
  select_type= 4  n=    78  top1=1.0000  nll=0.0200
  select_type= 8  n=    13  top1=1.0000  nll=0.0000
  select_type= 9  n=   116  top1=1.0000  nll=0.0000

重みを書き出しました: C:\Users\rinnz\Documents\pokemon\pokemon-tcg-ai-battle\sample_submission\ptcg_ai\learning\policy_weights_ogerpon_teal_ex.json (388.9 KB)

=== 自己検証: pure_python_forward(JSON再読込) vs PyTorchモデル出力(val split 50件, float64) ===
  検証件数=50  最大誤差=5.32907052e-15  許容=1e-06
  結果: PASS

============================================================
学習パイプライン完了サマリ
============================================================
  ベースライン(option only)      test: top1=0.5329 nll=1.3461
  本命(state ++ option ++ embed) test: top1=0.6655 nll=0.9769
  自己検証: 最大誤差=5.32907052e-15 -> PASS
  出力: C:\Users\rinnz\Documents\pokemon\pokemon-tcg-ai-battle\sample_submission\ptcg_ai\learning\policy_weights_ogerpon_teal_ex.json
