features.npz を読み込み: C:\Users\USER\Documents\pokemon\pokemon-tcg-ai-battle\kaggle_replays\policy_net\features_omatsuri_ondo.npz
card_id_max=1267  embedding table size=1268 x 8
train=22751 val=2820 test=3447 (全29018件)
option特徴の標準化元行列 shape=(175734, 65)

=== ベースライン: 線形モデル(選択肢特徴のみ、状態特徴・card embeddingなし) ===
    [baseline] epoch   1  train_loss=1.4385  val_nll=1.3440 (best=1.3440, no_improve=0)  val_top1=0.5667
    [baseline] epoch   5  train_loss=1.3497  val_nll=1.3138 (best=1.3138, no_improve=0)  val_top1=0.5638
    [baseline] epoch  10  train_loss=1.3392  val_nll=1.3011 (best=1.3011, no_improve=0)  val_top1=0.5621
    [baseline] epoch  15  train_loss=1.3324  val_nll=1.2941 (best=1.2941, no_improve=0)  val_top1=0.5741
    [baseline] epoch  20  train_loss=1.3280  val_nll=1.2891 (best=1.2891, no_improve=0)  val_top1=0.5759
    [baseline] epoch  25  train_loss=1.3233  val_nll=1.2858 (best=1.2858, no_improve=0)  val_top1=0.5791
    [baseline] epoch  30  train_loss=1.3208  val_nll=1.2831 (best=1.2829, no_improve=2)  val_top1=0.5848
    [baseline] epoch  35  train_loss=1.3178  val_nll=1.2792 (best=1.2792, no_improve=0)  val_top1=0.5812
    [baseline] epoch  40  train_loss=1.3164  val_nll=1.2781 (best=1.2781, no_improve=0)  val_top1=0.5801
    [baseline] epoch  45  train_loss=1.3155  val_nll=1.2769 (best=1.2763, no_improve=1)  val_top1=0.5844
    [baseline] epoch  50  train_loss=1.3137  val_nll=1.2742 (best=1.2742, no_improve=0)  val_top1=0.5791
    [baseline] epoch  55  train_loss=1.3128  val_nll=1.2740 (best=1.2740, no_improve=0)  val_top1=0.5784
    [baseline] epoch  60  train_loss=1.3119  val_nll=1.2723 (best=1.2723, no_improve=0)  val_top1=0.5791
    [baseline] epoch  65  train_loss=1.3108  val_nll=1.2714 (best=1.2711, no_improve=1)  val_top1=0.5801
    [baseline] epoch  70  train_loss=1.3107  val_nll=1.2734 (best=1.2706, no_improve=3)  val_top1=0.5791
    [baseline] epoch  75  train_loss=1.3101  val_nll=1.2708 (best=1.2706, no_improve=8)  val_top1=0.5784
    [baseline] epoch  80  train_loss=1.3101  val_nll=1.2711 (best=1.2698, no_improve=4)  val_top1=0.5716
    [baseline] epoch  85  train_loss=1.3099  val_nll=1.2706 (best=1.2695, no_improve=2)  val_top1=0.5777
    [baseline] epoch  90  train_loss=1.3088  val_nll=1.2700 (best=1.2688, no_improve=1)  val_top1=0.5837
    [baseline] epoch  95  train_loss=1.3092  val_nll=1.2689 (best=1.2688, no_improve=6)  val_top1=0.5837
    [baseline] 早期終了: epoch 99(val_nll が 10 epoch 改善せず)
  学習完了 (224.4s)
  val : top1=0.5805  nll=1.2688
  test: top1=0.5776  nll=1.2740

=== 本命: MLP(embedding(card_id) ++ Linear(in,32) -> ReLU -> Linear(32,1)) ===
    [main] epoch   1  train_loss=1.3075  val_nll=1.1789 (best=1.1789, no_improve=0)  val_top1=0.6206
    [main] epoch   5  train_loss=1.0478  val_nll=1.0881 (best=1.0881, no_improve=0)  val_top1=0.6365
    [main] epoch  10  train_loss=0.9805  val_nll=1.1008 (best=1.0881, no_improve=5)  val_top1=0.6277
    [main] epoch  15  train_loss=0.9437  val_nll=1.1170 (best=1.0881, no_improve=10)  val_top1=0.6355
    [main] 早期終了: epoch 15(val_nll が 10 epoch 改善せず)
  学習完了 (43.5s, 15 epochs)
  train: top1=0.6624  nll=1.0198
  val  : top1=0.6365  nll=1.0881
  test : top1=0.6368  nll=1.1049
  train-val gap: top1=+0.0259  nll=+0.0683(overfitting指標)
  param_counts: {'fc1': 7680, 'fc2': 33, 'embedding': 10144, 'mlp': 7713, 'total': 17857}

=== 本命 vs ベースライン(val split) ===
  ベースライン(option only): top1=0.5805  nll=1.2688
  本命(state ++ option ++ embed): top1=0.6365  nll=1.0881

=== select_type別 Top-1一致率(本命モデル, test split) ===
  select_type= 0  n=  2263  top1=0.6231  nll=1.1269
  select_type= 1  n=   973  top1=0.5899  nll=1.2888
  select_type= 2  n=    12  top1=1.0000  nll=0.0000
  select_type= 4  n=    31  top1=1.0000  nll=0.0044
  select_type= 6  n=   131  top1=1.0000  nll=0.0000
  select_type= 8  n=     9  top1=1.0000  nll=0.0000
  select_type= 9  n=    28  top1=1.0000  nll=0.0000

重みを書き出しました: C:\Users\USER\Documents\pokemon\pokemon-tcg-ai-battle\sample_submission\ptcg_ai\learning\policy_weights_omatsuri_ondo.json (390.1 KB)

=== 自己検証: pure_python_forward(JSON再読込) vs PyTorchモデル出力(val split 50件, float64) ===
  検証件数=50  最大誤差=1.11022302e-15  許容=1e-06
  結果: PASS

============================================================
学習パイプライン完了サマリ
============================================================
  ベースライン(option only)      test: top1=0.5776 nll=1.2740
  本命(state ++ option ++ embed) test: top1=0.6368 nll=1.1049
  自己検証: 最大誤差=1.11022302e-15 -> PASS
  出力: C:\Users\USER\Documents\pokemon\pokemon-tcg-ai-battle\sample_submission\ptcg_ai\learning\policy_weights_omatsuri_ondo.json
