features.npz を読み込み: C:\Users\USER\Documents\pokemon\pokemon-tcg-ai-battle\kaggle_replays\policy_net\features_rocket_mewtwo_ex.npz
card_id_max=1267  embedding table size=1268 x 8
train=44673 val=6265 test=4823 (全55761件)
option特徴の標準化元行列 shape=(322997, 65)

=== ベースライン: 線形モデル(選択肢特徴のみ、状態特徴・card embeddingなし) ===
    [baseline] epoch   1  train_loss=1.4353  val_nll=1.3160 (best=1.3160, no_improve=0)  val_top1=0.5318
    [baseline] epoch   5  train_loss=1.3532  val_nll=1.2922 (best=1.2922, no_improve=0)  val_top1=0.5342
    [baseline] epoch  10  train_loss=1.3474  val_nll=1.2848 (best=1.2848, no_improve=0)  val_top1=0.5370
    [baseline] epoch  15  train_loss=1.3457  val_nll=1.2828 (best=1.2828, no_improve=0)  val_top1=0.5344
    [baseline] epoch  20  train_loss=1.3413  val_nll=1.2802 (best=1.2802, no_improve=0)  val_top1=0.5368
    [baseline] epoch  25  train_loss=1.3409  val_nll=1.2798 (best=1.2785, no_improve=1)  val_top1=0.5370
    [baseline] epoch  30  train_loss=1.3420  val_nll=1.2796 (best=1.2785, no_improve=6)  val_top1=0.5342
    [baseline] epoch  35  train_loss=1.3400  val_nll=1.2810 (best=1.2774, no_improve=4)  val_top1=0.5323
    [baseline] epoch  40  train_loss=1.3397  val_nll=1.2788 (best=1.2768, no_improve=2)  val_top1=0.5349
    [baseline] epoch  45  train_loss=1.3415  val_nll=1.2796 (best=1.2768, no_improve=7)  val_top1=0.5330
    [baseline] epoch  50  train_loss=1.3417  val_nll=1.2787 (best=1.2761, no_improve=4)  val_top1=0.5341
    [baseline] epoch  55  train_loss=1.3396  val_nll=1.2774 (best=1.2761, no_improve=9)  val_top1=0.5368
    [baseline] 早期終了: epoch 56(val_nll が 10 epoch 改善せず)
  学習完了 (249.5s)
  val : top1=0.5357  nll=1.2761
  test: top1=0.5233  nll=1.3560

=== 本命: MLP(embedding(card_id) ++ Linear(in,32) -> ReLU -> Linear(32,1)) ===
    [main] epoch   1  train_loss=1.2510  val_nll=1.1097 (best=1.1097, no_improve=0)  val_top1=0.5949
    [main] epoch   5  train_loss=0.9931  val_nll=1.0169 (best=1.0169, no_improve=0)  val_top1=0.6180
    [main] epoch  10  train_loss=0.9315  val_nll=1.0299 (best=1.0153, no_improve=2)  val_top1=0.6139
    [main] epoch  15  train_loss=0.9019  val_nll=1.0304 (best=1.0153, no_improve=4)  val_top1=0.6193
    [main] epoch  20  train_loss=0.8757  val_nll=1.0401 (best=1.0153, no_improve=9)  val_top1=0.6166
    [main] 早期終了: epoch 21(val_nll が 10 epoch 改善せず)
  学習完了 (119.2s, 21 epochs)
  train: top1=0.6522  nll=0.8934
  val  : top1=0.6276  nll=1.0153
  test : top1=0.5951  nll=1.1090
  train-val gap: top1=+0.0246  nll=+0.1220(overfitting指標)
  param_counts: {'fc1': 7680, 'fc2': 33, 'embedding': 10144, 'mlp': 7713, 'total': 17857}

=== 本命 vs ベースライン(val split) ===
  ベースライン(option only): top1=0.5357  nll=1.2761
  本命(state ++ option ++ embed): top1=0.6276  nll=1.0153

=== select_type別 Top-1一致率(本命モデル, test split) ===
  select_type= 0  n=  3321  top1=0.5507  nll=1.2485
  select_type= 1  n=  1400  top1=0.6743  nll=0.8516
  select_type= 2  n=    15  top1=1.0000  nll=0.0934
  select_type= 4  n=    38  top1=0.9211  nll=0.1449
  select_type= 8  n=    16  top1=0.8750  nll=0.5312
  select_type= 9  n=    33  top1=1.0000  nll=0.0012

重みを書き出しました: C:\Users\USER\Documents\pokemon\pokemon-tcg-ai-battle\sample_submission\ptcg_ai\learning\policy_weights_rocket_mewtwo_ex.json (388.9 KB)

=== 自己検証: pure_python_forward(JSON再読込) vs PyTorchモデル出力(val split 50件, float64) ===
  検証件数=50  最大誤差=1.77635684e-15  許容=1e-06
  結果: PASS

============================================================
学習パイプライン完了サマリ
============================================================
  ベースライン(option only)      test: top1=0.5233 nll=1.3560
  本命(state ++ option ++ embed) test: top1=0.5951 nll=1.1090
  自己検証: 最大誤差=1.77635684e-15 -> PASS
  出力: C:\Users\USER\Documents\pokemon\pokemon-tcg-ai-battle\sample_submission\ptcg_ai\learning\policy_weights_rocket_mewtwo_ex.json
