[{"stream_name":"stderr","time":8.623135803,"data":"/usr/local/lib/python3.12/dist-packages/nbformat/__init__.py:96: MissingIDFieldWarning: Cell is missing an id field, this will become a hard error in future nbformat versions. You may want to use `normalize()` on your notebooks before validations (available since nbformat 5.1.4). Previous versions of nbformat are fixing this issue transparently, and will stop doing so in the future.\n"}
,{"stream_name":"stderr","time":8.624068443,"data":"  validate(nb)\n"}
,{"stream_name":"stderr","time":9.779464135,"data":"0.00s - Debugger warning: It seems that frozen modules are being used, which may\n"}
,{"stream_name":"stderr","time":9.779503313,"data":"0.00s - make the debugger miss breakpoints. Please pass -Xfrozen_modules=off\n"}
,{"stream_name":"stderr","time":9.779510019,"data":"0.00s - to python to disable frozen modules.\n"}
,{"stream_name":"stderr","time":9.779514446,"data":"0.00s - Note: Debugging will proceed. Set PYDEVD_DISABLE_FILE_VALIDATION=1 to disable this validation.\n"}
,{"stream_name":"stderr","time":10.615623421,"data":"0.00s - Debugger warning: It seems that frozen modules are being used, which may\n"}
,{"stream_name":"stderr","time":10.61566726,"data":"0.00s - make the debugger miss breakpoints. Please pass -Xfrozen_modules=off\n"}
,{"stream_name":"stderr","time":10.615673853,"data":"0.00s - to python to disable frozen modules.\n"}
,{"stream_name":"stderr","time":10.615679072,"data":"0.00s - Note: Debugging will proceed. Set PYDEVD_DISABLE_FILE_VALIDATION=1 to disable this validation.\n"}
,{"stream_name":"stdout","time":12.237225556,"data":"--- /kaggle/input ---\n"}
,{"stream_name":"stdout","time":12.67411642,"data":"  /kaggle/input/\n"}
,{"stream_name":"stdout","time":12.674144824,"data":"  /kaggle/input/datasets\n"}
,{"stream_name":"stdout","time":12.67415084,"data":"  /kaggle/input/datasets/koshin953\n"}
,{"stream_name":"stdout","time":12.674155075,"data":"  /kaggle/input/datasets/koshin953/ptcg-bc-pool-v251-code\n"}
,{"stream_name":"stdout","time":12.674159681999999,"data":"  /kaggle/input/datasets/koshin953/ptcg-bc-pool-v251-code/kaggle_replays\n"}
,{"stream_name":"stdout","time":12.674164529,"data":"  /kaggle/input/datasets/koshin953/ptcg-bc-pool-v251-code/kaggle_replays/meta_analysis\n"}
,{"stream_name":"stdout","time":12.674169378,"data":"  /kaggle/input/datasets/koshin953/ptcg-bc-pool-v251-code/kaggle_replays/meta_analysis/archetype_decks\n"}
,{"stream_name":"stdout","time":12.674174322,"data":"  /kaggle/input/datasets/koshin953/ptcg-bc-pool-v251-code/kaggle_replays/meta_analysis/archetype_decks/alakazam\n"}
,{"stream_name":"stdout","time":12.674179125,"data":"  /kaggle/input/datasets/koshin953/ptcg-bc-pool-v251-code/kaggle_replays/meta_analysis/archetype_decks/alakazam/01.csv\n"}
,{"stream_name":"stdout","time":12.674184009,"data":"  /kaggle/input/datasets/koshin953/ptcg-bc-pool-v251-code/kaggle_replays/meta_analysis/archetype_decks/alakazam/02.csv\n"}
,{"stream_name":"stdout","time":12.674218431,"data":"  /kaggle/input/datasets/koshin953/ptcg-bc-pool-v251-code/kaggle_replays/meta_analysis/archetype_decks/alakazam/03.csv\n"}
,{"stream_name":"stdout","time":12.674222513,"data":"  /kaggle/input/datasets/koshin953/ptcg-bc-pool-v251-code/kaggle_replays/meta_analysis/archetype_decks/alakazam/04.csv\n"}
,{"stream_name":"stdout","time":12.674225692,"data":"  /kaggle/input/datasets/koshin953/ptcg-bc-pool-v251-code/kaggle_replays/meta_analysis/archetype_decks/alakazam/05.csv\n"}
,{"stream_name":"stdout","time":12.674229434,"data":"  /kaggle/input/datasets/koshin953/ptcg-bc-pool-v251-code/kaggle_replays/meta_analysis/archetype_decks/alakazam/manifest.json\n"}
,{"stream_name":"stdout","time":12.674234322,"data":"  /kaggle/input/datasets/koshin953/ptcg-bc-pool-v251-code/kaggle_replays/meta_analysis/archetype_decks/archaludon_ex\n"}
,{"stream_name":"stdout","time":12.674252893,"data":"  /kaggle/input/datasets/koshin953/ptcg-bc-pool-v251-code/kaggle_replays/meta_analysis/archetype_decks/archaludon_ex/01.csv\n"}
,{"stream_name":"stdout","time":12.674258484,"data":"  /kaggle/input/datasets/koshin953/ptcg-bc-pool-v251-code/kaggle_replays/meta_analysis/archetype_decks/archaludon_ex/02.csv\n"}
,{"stream_name":"stdout","time":12.674263569,"data":"  /kaggle/input/datasets/koshin953/ptcg-bc-pool-v251-code/kaggle_replays/meta_analysis/archetype_decks/archaludon_ex/03.csv\n"}
,{"stream_name":"stdout","time":12.674268326,"data":"  /kaggle/input/datasets/koshin953/ptcg-bc-pool-v251-code/kaggle_replays/meta_analysis/archetype_decks/archaludon_ex/04.csv\n"}
,{"stream_name":"stdout","time":12.674273324,"data":"  /kaggle/input/datasets/koshin953/ptcg-bc-pool-v251-code/kaggle_replays/meta_analysis/archetype_decks/archaludon_ex/05.csv\n"}
,{"stream_name":"stdout","time":12.674279421,"data":"  /kaggle/input/datasets/koshin953/ptcg-bc-pool-v251-code/kaggle_replays/meta_analysis/archetype_decks/archaludon_ex/manifest.json\n"}
,{"stream_name":"stdout","time":12.674284385,"data":"  /kaggle/input/datasets/koshin953/ptcg-bc-pool-v251-code/kaggle_replays/meta_analysis/archetype_decks/crustle\n"}
,{"stream_name":"stdout","time":12.674289347,"data":"  /kaggle/input/datasets/koshin953/ptcg-bc-pool-v251-code/kaggle_replays/meta_analysis/archetype_decks/crustle/01.csv\n"}
,{"stream_name":"stdout","time":12.67429414,"data":"  /kaggle/input/datasets/koshin953/ptcg-bc-pool-v251-code/kaggle_replays/meta_analysis/archetype_decks/crustle/02.csv\n"}
,{"stream_name":"stdout","time":12.674298912,"data":"  /kaggle/input/datasets/koshin953/ptcg-bc-pool-v251-code/kaggle_replays/meta_analysis/archetype_decks/crustle/03.csv\n"}
,{"stream_name":"stdout","time":12.674303792,"data":"  /kaggle/input/datasets/koshin953/ptcg-bc-pool-v251-code/kaggle_replays/meta_analysis/archetype_decks/crustle/04.csv\n"}
,{"stream_name":"stdout","time":12.674308402,"data":"  /kaggle/input/datasets/koshin953/ptcg-bc-pool-v251-code/kaggle_replays/meta_analysis/archetype_decks/crustle/05.csv\n"}
,{"stream_name":"stdout","time":12.674313315,"data":"  /kaggle/input/datasets/koshin953/ptcg-bc-pool-v251-code/kaggle_replays/meta_analysis/archetype_decks/crustle/manifest.json\n"}
,{"stream_name":"stdout","time":12.674317995,"data":"  /kaggle/input/datasets/koshin953/ptcg-bc-pool-v251-code/kaggle_replays/meta_analysis/archetype_decks/dragapult_ex\n"}
,{"stream_name":"stdout","time":12.67432127,"data":"  /kaggle/input/datasets/koshin953/ptcg-bc-pool-v251-code/kaggle_replays/meta_analysis/archetype_decks/dragapult_ex/01.csv\n"}
,{"stream_name":"stdout","time":12.674324466,"data":"  /kaggle/input/datasets/koshin953/ptcg-bc-pool-v251-code/kaggle_replays/meta_analysis/archetype_decks/dragapult_ex/02.csv\n"}
,{"stream_name":"stdout","time":12.674327537,"data":"  /kaggle/input/datasets/koshin953/ptcg-bc-pool-v251-code/kaggle_replays/meta_analysis/archetype_decks/dragapult_ex/03.csv\n"}
,{"stream_name":"stdout","time":12.674331365,"data":"  /kaggle/input/datasets/koshin953/ptcg-bc-pool-v251-code/kaggle_replays/meta_analysis/archetype_decks/dragapult_ex/04.csv\n"}
,{"stream_name":"stdout","time":12.674336321,"data":"  /kaggle/input/datasets/koshin953/ptcg-bc-pool-v251-code/kaggle_replays/meta_analysis/archetype_decks/dragapult_ex/05.csv\n"}
,{"stream_name":"stdout","time":12.674341415,"data":"  /kaggle/input/datasets/koshin953/ptcg-bc-pool-v251-code/kaggle_replays/meta_analysis/archetype_decks/dragapult_ex/manifest.json\n"}
,{"stream_name":"stdout","time":12.674346275,"data":"  /kaggle/input/datasets/koshin953/ptcg-bc-pool-v251-code/kaggle_replays/meta_analysis/archetype_decks/gekkouga_ex\n"}
,{"stream_name":"stdout","time":12.674354778,"data":"  /kaggle/input/datasets/koshin953/ptcg-bc-pool-v251-code/kaggle_replays/meta_analysis/archetype_decks/gekkouga_ex/01.csv\n"}
,{"stream_name":"stdout","time":12.674360262,"data":"  /kaggle/input/datasets/koshin953/ptcg-bc-pool-v251-code/kaggle_replays/meta_analysis/archetype_decks/gekkouga_ex/manifest.json\n"}
,{"stream_name":"stdout","time":12.67436526,"data":"  /kaggle/input/datasets/koshin953/ptcg-bc-pool-v251-code/kaggle_replays/meta_analysis/archetype_decks/kamitsuorochi_ex\n"}
,{"stream_name":"stdout","time":12.67437024,"data":"  /kaggle/input/datasets/koshin953/ptcg-bc-pool-v251-code/kaggle_replays/meta_analysis/archetype_decks/kamitsuorochi_ex/01.csv\n"}
,{"stream_name":"stdout","time":12.674375134,"data":"  /kaggle/input/datasets/koshin953/ptcg-bc-pool-v251-code/kaggle_replays/meta_analysis/archetype_decks/kamitsuorochi_ex/02.csv\n"}
,{"stream_name":"stdout","time":12.674380062000001,"data":"  /kaggle/input/datasets/koshin953/ptcg-bc-pool-v251-code/kaggle_replays/meta_analysis/archetype_decks/kamitsuorochi_ex/03.csv\n"}
,{"stream_name":"stdout","time":12.674384932,"data":"  /kaggle/input/datasets/koshin953/ptcg-bc-pool-v251-code/kaggle_replays/meta_analysis/archetype_decks/kamitsuorochi_ex/04.csv\n"}
,{"stream_name":"stdout","time":12.674389818,"data":"  /kaggle/input/datasets/koshin953/ptcg-bc-pool-v251-code/kaggle_replays/meta_analysis/archetype_decks/kamitsuorochi_ex/05.csv\n"}
,{"stream_name":"stdout","time":12.674394714,"data":"  /kaggle/input/datasets/koshin953/ptcg-bc-pool-v251-code/kaggle_replays/meta_analysis/archetype_decks/kamitsuorochi_ex/manifest.json\n"}
,{"stream_name":"stdout","time":12.674399654,"data":"  /kaggle/input/datasets/koshin953/ptcg-bc-pool-v251-code/kaggle_replays/meta_analysis/archetype_decks/marnie_grimmsnarl_ex\n"}
,{"stream_name":"stdout","time":12.674404557,"data":"  /kaggle/input/datasets/koshin953/ptcg-bc-pool-v251-code/kaggle_replays/meta_analysis/archetype_decks/marnie_grimmsnarl_ex/01.csv\n"}
,{"stream_name":"stdout","time":12.674409497,"data":"  /kaggle/input/datasets/koshin953/ptcg-bc-pool-v251-code/kaggle_replays/meta_analysis/archetype_decks/marnie_grimmsnarl_ex/02.csv\n"}
,{"stream_name":"stdout","time":12.674415039,"data":"  /kaggle/input/datasets/koshin953/ptcg-bc-pool-v251-code/kaggle_replays/meta_analysis/archetype_decks/marnie_grimmsnarl_ex/03.csv\n"}
,{"stream_name":"stdout","time":12.674420124,"data":"  /kaggle/input/datasets/koshin953/ptcg-bc-pool-v251-code/kaggle_replays/meta_analysis/archetype_decks/marnie_grimmsnarl_ex/04.csv\n"}
,{"stream_name":"stdout","time":12.674424973,"data":"  /kaggle/input/datasets/koshin953/ptcg-bc-pool-v251-code/kaggle_replays/meta_analysis/archetype_decks/marnie_grimmsnarl_ex/05.csv\n"}
,{"stream_name":"stdout","time":12.674429539,"data":"  /kaggle/input/datasets/koshin953/ptcg-bc-pool-v251-code/kaggle_replays/meta_analysis/archetype_decks/marnie_grimmsnarl_ex/manifest.json\n"}
,{"stream_name":"stdout","time":12.674434797,"data":"  /kaggle/input/datasets/koshin953/ptcg-bc-pool-v251-code/kaggle_replays/meta_analysis/archetype_decks/mega_abomasnow_ex\n"}
,{"stream_name":"stdout","time":12.674440149,"data":"  /kaggle/input/datasets/koshin953/ptcg-bc-pool-v251-code/kaggle_replays/meta_analysis/archetype_decks/mega_abomasnow_ex/01.csv\n"}
,{"stream_name":"stdout","time":12.674445019,"data":"  /kaggle/input/datasets/koshin953/ptcg-bc-pool-v251-code/kaggle_replays/meta_analysis/archetype_decks/mega_abomasnow_ex/02.csv\n"}
,{"stream_name":"stdout","time":12.674449826,"data":"  /kaggle/input/datasets/koshin953/ptcg-bc-pool-v251-code/kaggle_replays/meta_analysis/archetype_decks/mega_abomasnow_ex/03.csv\n"}
,{"stream_name":"stdout","time":12.674454232,"data":"  /kaggle/input/datasets/koshin953/ptcg-bc-pool-v251-code/kaggle_replays/meta_analysis/archetype_decks/mega_abomasnow_ex/04.csv\n"}
,{"stream_name":"stdout","time":12.674462029,"data":"  /kaggle/input/datasets/koshin953/ptcg-bc-pool-v251-code/kaggle_replays/meta_analysis/archetype_decks/mega_abomasnow_ex/05.csv\n"}
,{"stream_name":"stdout","time":12.674467198,"data":"  /kaggle/input/datasets/koshin953/ptcg-bc-pool-v251-code/kaggle_replays/meta_analysis/archetype_decks/mega_abomasnow_ex/manifest.json\n"}
,{"stream_name":"stdout","time":12.674472273,"data":"  /kaggle/input/datasets/koshin953/ptcg-bc-pool-v251-code/kaggle_replays/meta_analysis/archetype_decks/mega_froslass_ex\n"}
,{"stream_name":"stdout","time":12.674477127,"data":"  /kaggle/input/datasets/koshin953/ptcg-bc-pool-v251-code/kaggle_replays/meta_analysis/archetype_decks/mega_froslass_ex/01.csv\n"}
,{"stream_name":"stdout","time":12.674482027,"data":"  /kaggle/input/datasets/koshin953/ptcg-bc-pool-v251-code/kaggle_replays/meta_analysis/archetype_decks/mega_froslass_ex/02.csv\n"}
,{"stream_name":"stdout","time":12.674486839,"data":"  /kaggle/input/datasets/koshin953/ptcg-bc-pool-v251-code/kaggle_replays/meta_analysis/archetype_decks/mega_froslass_ex/03.csv\n"}
,{"stream_name":"stdout","time":12.674491713,"data":"  /kaggle/input/datasets/koshin953/ptcg-bc-pool-v251-code/kaggle_replays/meta_analysis/archetype_decks/mega_froslass_ex/04.csv\n"}
,{"stream_name":"stdout","time":12.674496548,"data":"  /kaggle/input/datasets/koshin953/ptcg-bc-pool-v251-code/kaggle_replays/meta_analysis/archetype_decks/mega_froslass_ex/05.csv\n"}
,{"stream_name":"stdout","time":12.674501433,"data":"  /kaggle/input/datasets/koshin953/ptcg-bc-pool-v251-code/kaggle_replays/meta_analysis/archetype_decks/mega_froslass_ex/manifest.json\n"}
,{"stream_name":"stdout","time":12.674506334,"data":"  /kaggle/input/datasets/koshin953/ptcg-bc-pool-v251-code/kaggle_replays/meta_analysis/archetype_decks/mega_lucario_ex\n"}
,{"stream_name":"stdout","time":12.67451115,"data":"  /kaggle/input/datasets/koshin953/ptcg-bc-pool-v251-code/kaggle_replays/meta_analysis/archetype_decks/mega_lucario_ex/01.csv\n"}
,{"stream_name":"stdout","time":12.674516011,"data":"  /kaggle/input/datasets/koshin953/ptcg-bc-pool-v251-code/kaggle_replays/meta_analysis/archetype_decks/mega_lucario_ex/02.csv\n"}
,{"stream_name":"stdout","time":12.674521453,"data":"  /kaggle/input/datasets/koshin953/ptcg-bc-pool-v251-code/kaggle_replays/meta_analysis/archetype_decks/mega_lucario_ex/03.csv\n"}
,{"stream_name":"stdout","time":12.67452655,"data":"  /kaggle/input/datasets/koshin953/ptcg-bc-pool-v251-code/kaggle_replays/meta_analysis/archetype_decks/mega_lucario_ex/04.csv\n"}
,{"stream_name":"stdout","time":12.674530356,"data":"  /kaggle/input/datasets/koshin953/ptcg-bc-pool-v251-code/kaggle_replays/meta_analysis/archetype_decks/mega_lucario_ex/05.csv\n"}
,{"stream_name":"stdout","time":12.674535107,"data":"  /kaggle/input/datasets/koshin953/ptcg-bc-pool-v251-code/kaggle_replays/meta_analysis/archetype_decks/mega_lucario_ex/manifest.json\n"}
,{"stream_name":"stdout","time":12.67454021,"data":"  /kaggle/input/datasets/koshin953/ptcg-bc-pool-v251-code/kaggle_replays/meta_analysis/archetype_decks/mega_starmie_ex\n"}
,{"stream_name":"stdout","time":12.674545021,"data":"  /kaggle/input/datasets/koshin953/ptcg-bc-pool-v251-code/kaggle_replays/meta_analysis/archetype_decks/mega_starmie_ex/01.csv\n"}
,{"stream_name":"stdout","time":12.674549853,"data":"  /kaggle/input/datasets/koshin953/ptcg-bc-pool-v251-code/kaggle_replays/meta_analysis/archetype_decks/mega_starmie_ex/02.csv\n"}
,{"stream_name":"stdout","time":12.674554572,"data":"  /kaggle/input/datasets/koshin953/ptcg-bc-pool-v251-code/kaggle_replays/meta_analysis/archetype_decks/mega_starmie_ex/03.csv\n"}
,{"stream_name":"stdout","time":12.67455915,"data":"  /kaggle/input/datasets/koshin953/ptcg-bc-pool-v251-code/kaggle_replays/meta_analysis/archetype_decks/mega_starmie_ex/04.csv\n"}
,{"stream_name":"stdout","time":12.674567446,"data":"  /kaggle/input/datasets/koshin953/ptcg-bc-pool-v251-code/kaggle_replays/meta_analysis/archetype_decks/mega_starmie_ex/05.csv\n"}
,{"stream_name":"stdout","time":12.67457245,"data":"  /kaggle/input/datasets/koshin953/ptcg-bc-pool-v251-code/kaggle_replays/meta_analysis/archetype_decks/mega_starmie_ex/manifest.json\n"}
,{"stream_name":"stdout","time":12.67457729,"data":"コード: 展開済みツリーから複製: /kaggle/input/datasets/koshin953/ptcg-bc-pool-v251-code\n"}
,{"stream_name":"stdout","time":14.045382447,"data":"特徴量: /kaggle/input/datasets/koshin953/ptcg-bc-pool-v251-features/features_marnie_grimmsnarl_ex_v251.npz -\u003e /kaggle/working/repo/kaggle_replays/policy_net/features_marnie_grimmsnarl_ex_v251.npz\n"}
,{"stream_name":"stdout","time":15.283338273,"data":"\n"}
,{"stream_name":"stdout","time":15.283379251,"data":"--- 必要ファイルの確認 ---\n"}
,{"stream_name":"stdout","time":15.28338733,"data":"  OK   sample_submission/cg/libcg.so\n"}
,{"stream_name":"stdout","time":15.283393093,"data":"  OK   sample_submission/ptcg_ai/learning/encoder.py\n"}
,{"stream_name":"stdout","time":15.283398862,"data":"  OK   kaggle_replays/policy_net/train.py\n"}
,{"stream_name":"stdout","time":18.837611643,"data":"python       : 3.12.13 (main, Mar  4 2026, 09:23:07) [GCC 11.4.0]\n"}
,{"stream_name":"stdout","time":18.837653057,"data":"platform     : Linux-6.12.90+-x86_64-with-glibc2.35\n"}
,{"stream_name":"stdout","time":18.837669527,"data":"cpu_count    : 4\n"}
,{"stream_name":"stdout","time":18.837675626,"data":"torch        : 2.10.0+cpu\n"}
,{"stream_name":"stdout","time":18.8376814,"data":"torch.cuda   : False\n"}
,{"stream_name":"stdout","time":18.837687441,"data":"libcg.so     : OK ( /kaggle/working/repo/sample_submission/cg/libcg.so )\n"}
,{"stream_name":"stdout","time":18.856337357,"data":"=== train.py (BC学習, marnie_grimmsnarl_ex) ===\n"}
,{"stream_name":"stdout","time":18.857166288,"data":"$ /usr/bin/python3 -u train.py --features features_marnie_grimmsnarl_ex_v251.npz --out-weights policy_weights_marnie_grimmsnarl_ex_v251.json --seed 42 --metrics-out metrics_marnie_grimmsnarl_ex_v251.json\n"}
,{"stream_name":"stdout","time":20.821684877,"data":"features.npz を読み込み: features_marnie_grimmsnarl_ex_v251.npz\n"}
,{"stream_name":"stdout","time":41.489155763,"data":"hand_card_vocab: 29種 [7, 66, 104, 112, 235, 305, 646, 647, 648, 649, 860, 1079, 1080, 1086, 1097, 1119, 1122, 1137, 1139, 1152, 1159, 1161, 1174, 1182, 1197, 1219, 1227, 1231, 1259]\n"}
,{"stream_name":"stdout","time":41.489537341,"data":"card_id_max=1267  embedding table size=1268 x 8\n"}
,{"stream_name":"stdout","time":41.493697042,"data":"train=649343 val=83789 test=85218 (全818350件)\n"}
,{"stream_name":"stdout","time":44.286228404,"data":"option特徴の標準化元行列 shape=(3507301, 65)\n"}
,{"stream_name":"stdout","time":51.298238613,"data":"\n"}
,{"stream_name":"stdout","time":51.299355998,"data":"=== ベースライン: 線形モデル(選択肢特徴のみ、状態特徴・card embeddingなし) ===\n"}
,{"stream_name":"stdout","time":132.446021902,"data":"    [baseline] epoch   1  train_loss=1.0860  val_nll=1.0646 (best=1.0646, no_improve=0)  val_top1=0.6023\n"}
,{"stream_name":"stdout","time":429.143336333,"data":"    [baseline] epoch   5  train_loss=1.0643  val_nll=1.0615 (best=1.0615, no_improve=0)  val_top1=0.6015\n"}
,{"stream_name":"stdout","time":800.376082102,"data":"    [baseline] epoch  10  train_loss=1.0642  val_nll=1.0625 (best=1.0615, no_improve=5)  val_top1=0.6030\n"}
,{"stream_name":"stdout","time":1177.536295237,"data":"    [baseline] epoch  15  train_loss=1.0642  val_nll=1.0625 (best=1.0615, no_improve=10)  val_top1=0.6024\n"}
,{"stream_name":"stdout","time":1177.537395591,"data":"    [baseline] 早期終了: epoch 15(val_nll が 10 epoch 改善せず)\n"}
,{"stream_name":"stdout","time":1177.538353334,"data":"  学習完了 (1126.2s)\n"}
,{"stream_name":"stdout","time":1180.985854102,"data":"  val : top1=0.6015  nll=1.0615\n"}
,{"stream_name":"stdout","time":1180.987113535,"data":"  test: top1=0.6051  nll=1.0559\n"}
,{"stream_name":"stdout","time":1180.98814699,"data":"\n"}
,{"stream_name":"stdout","time":1180.989024663,"data":"=== 本命: MLP(embedding(card_id) ++ Linear(in,32) -\u003e ReLU -\u003e Linear(32,1)) ===\n"}
,{"stream_name":"stdout","time":1286.242401608,"data":"    [main] epoch   1  train_loss=0.8053  val_nll=0.7699 (best=0.7699, no_improve=0)  val_top1=0.7213\n"}
,{"stream_name":"stdout","time":1704.422799603,"data":"    [main] epoch   5  train_loss=0.7268  val_nll=0.7412 (best=0.7412, no_improve=0)  val_top1=0.7318\n"}
,{"stream_name":"stdout","time":2228.907840145,"data":"    [main] epoch  10  train_loss=0.7114  val_nll=0.7339 (best=0.7339, no_improve=0)  val_top1=0.7334\n"}
,{"stream_name":"stdout","time":2748.150130689,"data":"    [main] epoch  15  train_loss=0.7038  val_nll=0.7306 (best=0.7306, no_improve=0)  val_top1=0.7341\n"}
,{"stream_name":"stdout","time":3266.769862801,"data":"    [main] epoch  20  train_loss=0.6986  val_nll=0.7268 (best=0.7258, no_improve=1)  val_top1=0.7362\n"}
,{"stream_name":"stdout","time":3782.743249025,"data":"    [main] epoch  25  train_loss=0.6953  val_nll=0.7248 (best=0.7227, no_improve=1)  val_top1=0.7359\n"}
,{"stream_name":"stdout","time":4300.150119797,"data":"    [main] epoch  30  train_loss=0.6928  val_nll=0.7247 (best=0.7206, no_improve=4)  val_top1=0.7349\n"}
,{"stream_name":"stdout","time":4816.151039371,"data":"    [main] epoch  35  train_loss=0.6908  val_nll=0.7190 (best=0.7190, no_improve=0)  val_top1=0.7375\n"}
,{"stream_name":"stdout","time":5328.058708912,"data":"    [main] epoch  40  train_loss=0.6889  val_nll=0.7213 (best=0.7190, no_improve=5)  val_top1=0.7387\n"}
,{"stream_name":"stdout","time":5848.437505796,"data":"    [main] epoch  45  train_loss=0.6876  val_nll=0.7204 (best=0.7172, no_improve=1)  val_top1=0.7378\n"}
,{"stream_name":"stdout","time":6365.428665563,"data":"    [main] epoch  50  train_loss=0.6861  val_nll=0.7199 (best=0.7172, no_improve=6)  val_top1=0.7390\n"}
,{"stream_name":"stdout","time":6776.702105082,"data":"    [main] 早期終了: epoch 54(val_nll が 10 epoch 改善せず)\n"}
,{"stream_name":"stdout","time":6776.703191001,"data":"  学習完了 (5595.7s, 54 epochs)\n"}
,{"stream_name":"stdout","time":6806.67495679,"data":"  train: top1=0.7497  nll=0.6800\n"}
,{"stream_name":"stdout","time":6806.676507459,"data":"  val  : top1=0.7370  nll=0.7172\n"}
,{"stream_name":"stdout","time":6806.677862321,"data":"  test : top1=0.7412  nll=0.7170\n"}
,{"stream_name":"stdout","time":6806.679236874,"data":"  train-val gap: top1=+0.0127  nll=+0.0372(overfitting指標)\n"}
,{"stream_name":"stdout","time":6806.680506896,"data":"  param_counts: {'fc1': 10400, 'fc2': 33, 'embedding': 10144, 'mlp': 10433, 'total': 20577}\n"}
,{"stream_name":"stdout","time":6806.681544492,"data":"\n"}
,{"stream_name":"stdout","time":6806.682663022,"data":"=== 本命 vs ベースライン(val split) ===\n"}
,{"stream_name":"stdout","time":6806.683881192,"data":"  ベースライン(option only): top1=0.6015  nll=1.0615\n"}
,{"stream_name":"stdout","time":6806.684956706,"data":"  本命(state ++ option ++ embed): top1=0.7370  nll=0.7172\n"}
,{"stream_name":"stdout","time":6806.686008462,"data":"\n"}
,{"stream_name":"stdout","time":6806.687146902,"data":"=== select_type別 Top-1一致率(本命モデル, test split) ===\n"}
,{"stream_name":"stdout","time":6808.229434634,"data":"  select_type= 0  n= 38915  top1=0.6844  nll=0.8624\n"}
,{"stream_name":"stdout","time":6809.508406852,"data":"  select_type= 1  n= 36309  top1=0.7381  nll=0.7316\n"}
,{"stream_name":"stdout","time":6809.51208396,"data":"  select_type= 2  n=    64  top1=1.0000  nll=0.0000\n"}
,{"stream_name":"stdout","time":6809.556359806,"data":"  select_type= 4  n=  1318  top1=0.8907  nll=0.3521\n"}
,{"stream_name":"stdout","time":6809.583793278,"data":"  select_type= 7  n=   818  top1=0.9731  nll=0.1349\n"}
,{"stream_name":"stdout","time":6809.763102719,"data":"  select_type= 8  n=  5278  top1=0.9898  nll=0.0679\n"}
,{"stream_name":"stdout","time":6809.845560514,"data":"  select_type= 9  n=  2516  top1=0.9837  nll=0.0684\n"}
,{"stream_name":"stdout","time":6809.865586237,"data":"\n"}
,{"stream_name":"stdout","time":6809.866589164,"data":"重みを書き出しました: policy_weights_marnie_grimmsnarl_ex_v251.json (446.2 KB)\n"}
,{"stream_name":"stdout","time":6809.86750164,"data":"\n"}
,{"stream_name":"stdout","time":6809.868384214,"data":"=== 自己検証: pure_python_forward(JSON再読込) vs PyTorchモデル出力(val split 50件, float64) ===\n"}
,{"stream_name":"stdout","time":6809.939131789,"data":"  検証件数=50  最大誤差=1.06581410e-14  許容=1e-06\n"}
,{"stream_name":"stdout","time":6809.940181132,"data":"  結果: PASS\n"}
,{"stream_name":"stdout","time":6809.941357723,"data":"\n"}
,{"stream_name":"stdout","time":6809.94253071,"data":"============================================================\n"}
,{"stream_name":"stdout","time":6809.943669288,"data":"学習パイプライン完了サマリ\n"}
,{"stream_name":"stdout","time":6809.944549711,"data":"============================================================\n"}
,{"stream_name":"stdout","time":6809.945493961,"data":"  ベースライン(option only)      test: top1=0.6051 nll=1.0559\n"}
,{"stream_name":"stdout","time":6809.946343918,"data":"  本命(state ++ option ++ embed) test: top1=0.7412 nll=0.7170\n"}
,{"stream_name":"stdout","time":6809.9471453,"data":"  自己検証: 最大誤差=1.06581410e-14 -\u003e PASS\n"}
,{"stream_name":"stdout","time":6809.94795656,"data":"  出力: policy_weights_marnie_grimmsnarl_ex_v251.json\n"}
,{"stream_name":"stdout","time":6809.948772229,"data":"  offline指標を書き出しました: metrics_marnie_grimmsnarl_ex_v251.json\n"}
,{"stream_name":"stdout","time":6811.644445538,"data":"\n"}
,{"stream_name":"stdout","time":6811.644490958,"data":"[exit=0] 6793s elapsed\n"}
,{"stream_name":"stdout","time":6811.64548884,"data":"\n"}
,{"stream_name":"stdout","time":6811.645513931,"data":"[完了] 6793s elapsed\n"}
,{"stream_name":"stdout","time":6811.671041796,"data":"回収: /kaggle/working/policy_weights_marnie_grimmsnarl_ex_v251.json (0.446 MB)\n"}
,{"stream_name":"stdout","time":6811.671091406,"data":"回収: /kaggle/working/metrics_marnie_grimmsnarl_ex_v251.json (0.001 MB)\n"}
,{"stream_name":"stdout","time":6811.671097666,"data":"\n"}
,{"stream_name":"stdout","time":6811.671102615,"data":"--- /kaggle/working ---\n"}
,{"stream_name":"stdout","time":6811.671107512,"data":"  __notebook__.ipynb  (0.033 MB)\n"}
,{"stream_name":"stdout","time":6811.671113331,"data":"  metrics_marnie_grimmsnarl_ex_v251.json  (0.001 MB)\n"}
,{"stream_name":"stdout","time":6811.671117689,"data":"  policy_weights_marnie_grimmsnarl_ex_v251.json  (0.446 MB)\n"}
,{"stream_name":"stdout","time":6811.671122411,"data":"  repo/\n"}
,{"stream_name":"stdout","time":6811.671126886,"data":"  train_marnie_grimmsnarl_ex_v251.log  (0.004 MB)\n"}
,{"stream_name":"stderr","time":6815.601938983,"data":"/usr/local/lib/python3.12/dist-packages/mistune.py:435: SyntaxWarning: invalid escape sequence '\\|'\n"}
,{"stream_name":"stderr","time":6815.60198304,"data":"  cells[i][c] = re.sub('\\\\\\\\\\|', '|', cell)\n"}
,{"stream_name":"stderr","time":6815.817978479,"data":"/usr/local/lib/python3.12/dist-packages/nbconvert/filters/filter_links.py:36: SyntaxWarning: invalid escape sequence '\\_'\n"}
,{"stream_name":"stderr","time":6815.818013162,"data":"  text = re.sub(r'_', '\\_', text) # Escape underscores in display text\n"}
,{"stream_name":"stderr","time":6816.616450733,"data":"[NbConvertApp] Converting notebook __notebook__.ipynb to notebook\n"}
,{"stream_name":"stderr","time":6817.036542603,"data":"[NbConvertApp] Writing 27197 bytes to __notebook__.ipynb\n"}
,{"stream_name":"stderr","time":6820.227921848,"data":"[NbConvertApp] Converting notebook __notebook__.ipynb to html\n"}
,{"stream_name":"stderr","time":6821.382519932,"data":"[NbConvertApp] Writing 318615 bytes to __results__.html\n"}
]