features.npz を読み込み: features_marnie_grimmsnarl_ex_v251.npz
hand_card_vocab: 29種 [7, 66, 104, 112, 235, 305, 646, 647, 648, 649, 860, 1079, 1080, 1086, 1097, 1119, 1122, 1137, 1139, 1152, 1159, 1161, 1174, 1182, 1197, 1219, 1227, 1231, 1259]
card_id_max=1267  embedding table size=1268 x 8
train=649343 val=83789 test=85218 (全818350件)
option特徴の標準化元行列 shape=(3507301, 65)

=== ベースライン: 線形モデル(選択肢特徴のみ、状態特徴・card embeddingなし) ===
    [baseline] epoch   1  train_loss=1.0860  val_nll=1.0646 (best=1.0646, no_improve=0)  val_top1=0.6023
    [baseline] epoch   5  train_loss=1.0643  val_nll=1.0615 (best=1.0615, no_improve=0)  val_top1=0.6015
    [baseline] epoch  10  train_loss=1.0642  val_nll=1.0625 (best=1.0615, no_improve=5)  val_top1=0.6030
    [baseline] epoch  15  train_loss=1.0642  val_nll=1.0625 (best=1.0615, no_improve=10)  val_top1=0.6024
    [baseline] 早期終了: epoch 15(val_nll が 10 epoch 改善せず)
  学習完了 (1126.2s)
  val : top1=0.6015  nll=1.0615
  test: top1=0.6051  nll=1.0559

=== 本命: MLP(embedding(card_id) ++ Linear(in,32) -> ReLU -> Linear(32,1)) ===
    [main] epoch   1  train_loss=0.8053  val_nll=0.7699 (best=0.7699, no_improve=0)  val_top1=0.7213
    [main] epoch   5  train_loss=0.7268  val_nll=0.7412 (best=0.7412, no_improve=0)  val_top1=0.7318
    [main] epoch  10  train_loss=0.7114  val_nll=0.7339 (best=0.7339, no_improve=0)  val_top1=0.7334
    [main] epoch  15  train_loss=0.7038  val_nll=0.7306 (best=0.7306, no_improve=0)  val_top1=0.7341
    [main] epoch  20  train_loss=0.6986  val_nll=0.7268 (best=0.7258, no_improve=1)  val_top1=0.7362
    [main] epoch  25  train_loss=0.6953  val_nll=0.7248 (best=0.7227, no_improve=1)  val_top1=0.7359
    [main] epoch  30  train_loss=0.6928  val_nll=0.7247 (best=0.7206, no_improve=4)  val_top1=0.7349
    [main] epoch  35  train_loss=0.6908  val_nll=0.7190 (best=0.7190, no_improve=0)  val_top1=0.7375
    [main] epoch  40  train_loss=0.6889  val_nll=0.7213 (best=0.7190, no_improve=5)  val_top1=0.7387
    [main] epoch  45  train_loss=0.6876  val_nll=0.7204 (best=0.7172, no_improve=1)  val_top1=0.7378
    [main] epoch  50  train_loss=0.6861  val_nll=0.7199 (best=0.7172, no_improve=6)  val_top1=0.7390
    [main] 早期終了: epoch 54(val_nll が 10 epoch 改善せず)
  学習完了 (5595.7s, 54 epochs)
  train: top1=0.7497  nll=0.6800
  val  : top1=0.7370  nll=0.7172
  test : top1=0.7412  nll=0.7170
  train-val gap: top1=+0.0127  nll=+0.0372(overfitting指標)
  param_counts: {'fc1': 10400, 'fc2': 33, 'embedding': 10144, 'mlp': 10433, 'total': 20577}

=== 本命 vs ベースライン(val split) ===
  ベースライン(option only): top1=0.6015  nll=1.0615
  本命(state ++ option ++ embed): top1=0.7370  nll=0.7172

=== select_type別 Top-1一致率(本命モデル, test split) ===
  select_type= 0  n= 38915  top1=0.6844  nll=0.8624
  select_type= 1  n= 36309  top1=0.7381  nll=0.7316
  select_type= 2  n=    64  top1=1.0000  nll=0.0000
  select_type= 4  n=  1318  top1=0.8907  nll=0.3521
  select_type= 7  n=   818  top1=0.9731  nll=0.1349
  select_type= 8  n=  5278  top1=0.9898  nll=0.0679
  select_type= 9  n=  2516  top1=0.9837  nll=0.0684

重みを書き出しました: policy_weights_marnie_grimmsnarl_ex_v251.json (446.2 KB)

=== 自己検証: pure_python_forward(JSON再読込) vs PyTorchモデル出力(val split 50件, float64) ===
  検証件数=50  最大誤差=1.06581410e-14  許容=1e-06
  結果: PASS

============================================================
学習パイプライン完了サマリ
============================================================
  ベースライン(option only)      test: top1=0.6051 nll=1.0559
  本命(state ++ option ++ embed) test: top1=0.7412 nll=0.7170
  自己検証: 最大誤差=1.06581410e-14 -> PASS
  出力: policy_weights_marnie_grimmsnarl_ex_v251.json
  offline指標を書き出しました: metrics_marnie_grimmsnarl_ex_v251.json
