
written to: C:\Users\rinnz\Documents\pokemon\pokemon-tcg-ai-battle\scratchpad\runs\multisel_new\shard4.json
{
  "games_run": 20,
  "valid_games": 20,
  "errors": 0,
  "error_details": [],
  "wins": 2,
  "losses": 18,
  "draws": 0,
  "win_rate": 0.1,
  "wilson_95ci": [
    0.02786648121376822,
    0.3010336452284873
  ],
  "avg_turns": 21.0,
  "our_attacks_total": 106,
  "zero_damage_attacks": 77,
  "zero_damage_rate": 0.7264150943396226,
  "ex_vs_wall_zero_damage": 74,
  "mean_prizes_taken": 1.0,
  "kangaskhan_ko_distribution": {
    "2+": 2,
    "0": 16,
    "1": 2
  },
  "loss_reason_breakdown": {
    "prizes_taken": 9,
    "deckout": 9
  },
  "board_dev": {
    "150": {
      "name": "hydrapple_ex",
      "n_reached": 10,
      "n_games": 20,
      "reach_rate": 0.5,
      "median_turn": 9.0,
      "turns": [
        3,
        6,
        17,
        10,
        5,
        10,
        3,
        8,
        15,
        12
      ]
    },
    "710": {
      "name": "meganium",
      "n_reached": 14,
      "n_games": 20,
      "reach_rate": 0.7,
      "median_turn": 9.5,
      "turns": [
        14,
        3,
        8,
        6,
        11,
        16,
        7,
        4,
        22,
        6,
        11,
        16,
        7,
        18
      ]
    },
    "93": {
      "name": "dipplin",
      "n_reached": 15,
      "n_games": 20,
      "reach_rate": 0.75,
      "median_turn": 7,
      "turns": [
        3,
        3,
        4,
        7,
        12,
        17,
        8,
        3,
        10,
        3,
        5,
        13,
        8,
        15,
        4
      ]
    },
    "96": {
      "name": "ogerpon_ex",
      "n_reached": 20,
      "n_games": 20,
      "reach_rate": 1.0,
      "median_turn": 1.0,
      "turns": [
        1,
        2,
        1,
        2,
        1,
        2,
        1,
        1,
        1,
        2,
        1,
        2,
        3,
        1,
        5,
        1,
        1,
        2,
        1,
        1
      ]
    }
  },
  "elapsed_seconds": 439.70947194099426,
  "config_base": "abl_5_full",
  "deck_opp": "C:\\Users\\rinnz\\Documents\\pokemon\\pokemon-tcg-ai-battle\\kaggle_replays\\meta_analysis\\archetype_decks\\crustle\\06.csv",
  "deck_ours": "C:\\Users\\rinnz\\Documents\\pokemon\\pokemon-tcg-ai-battle\\kaggle_replays\\meta_analysis\\archetype_decks\\kamitsuorochi_ex\\06.csv",
  "weights_ours": "C:\\Users\\rinnz\\Documents\\pokemon\\pokemon-tcg-ai-battle\\sample_submission\\ptcg_ai\\learning\\policy_weights_kamitsuorochi_ex_multisel_s42.json",
  "weights_opp": "C:\\Users\\rinnz\\Documents\\pokemon\\pokemon-tcg-ai-battle\\sample_submission\\ptcg_ai\\learning\\policy_weights_crustle_v715b_s42.json"
}
