
written to: C:\Users\rinnz\Documents\pokemon\pokemon-tcg-ai-battle\scratchpad\runs\multisel_new\shard1.json
{
  "games_run": 20,
  "valid_games": 20,
  "errors": 0,
  "error_details": [],
  "wins": 0,
  "losses": 20,
  "draws": 0,
  "win_rate": 0.0,
  "wilson_95ci": [
    0.0,
    0.16112515805281938
  ],
  "avg_turns": 20.5,
  "our_attacks_total": 120,
  "zero_damage_attacks": 95,
  "zero_damage_rate": 0.7916666666666666,
  "ex_vs_wall_zero_damage": 94,
  "mean_prizes_taken": 0.55,
  "kangaskhan_ko_distribution": {
    "0": 17,
    "1": 3
  },
  "loss_reason_breakdown": {
    "prizes_taken": 10,
    "deckout": 10
  },
  "board_dev": {
    "150": {
      "name": "hydrapple_ex",
      "n_reached": 14,
      "n_games": 20,
      "reach_rate": 0.7,
      "median_turn": 8.0,
      "turns": [
        3,
        9,
        8,
        3,
        10,
        9,
        5,
        15,
        8,
        9,
        6,
        15,
        4,
        6
      ]
    },
    "710": {
      "name": "meganium",
      "n_reached": 13,
      "n_games": 20,
      "reach_rate": 0.65,
      "median_turn": 7,
      "turns": [
        3,
        8,
        5,
        3,
        18,
        7,
        8,
        7,
        11,
        21,
        3,
        7,
        16
      ]
    },
    "93": {
      "name": "dipplin",
      "n_reached": 17,
      "n_games": 20,
      "reach_rate": 0.85,
      "median_turn": 5,
      "turns": [
        3,
        9,
        8,
        8,
        3,
        4,
        7,
        4,
        3,
        5,
        6,
        9,
        4,
        15,
        4,
        7,
        4
      ]
    },
    "96": {
      "name": "ogerpon_ex",
      "n_reached": 20,
      "n_games": 20,
      "reach_rate": 1.0,
      "median_turn": 1.0,
      "turns": [
        1,
        2,
        1,
        2,
        1,
        1,
        1,
        1,
        1,
        6,
        1,
        2,
        1,
        1,
        1,
        2,
        1,
        2,
        1,
        1
      ]
    }
  },
  "elapsed_seconds": 457.6379351615906,
  "config_base": "abl_5_full",
  "deck_opp": "C:\\Users\\rinnz\\Documents\\pokemon\\pokemon-tcg-ai-battle\\kaggle_replays\\meta_analysis\\archetype_decks\\crustle\\06.csv",
  "deck_ours": "C:\\Users\\rinnz\\Documents\\pokemon\\pokemon-tcg-ai-battle\\kaggle_replays\\meta_analysis\\archetype_decks\\kamitsuorochi_ex\\06.csv",
  "weights_ours": "C:\\Users\\rinnz\\Documents\\pokemon\\pokemon-tcg-ai-battle\\sample_submission\\ptcg_ai\\learning\\policy_weights_kamitsuorochi_ex_multisel_s42.json",
  "weights_opp": "C:\\Users\\rinnz\\Documents\\pokemon\\pokemon-tcg-ai-battle\\sample_submission\\ptcg_ai\\learning\\policy_weights_crustle_v715b_s42.json"
}
