
written to: C:\Users\rinnz\Documents\pokemon\pokemon-tcg-ai-battle\scratchpad\runs\multisel_new\shard3.json
{
  "games_run": 20,
  "valid_games": 20,
  "errors": 0,
  "error_details": [],
  "wins": 0,
  "losses": 20,
  "draws": 0,
  "win_rate": 0.0,
  "wilson_95ci": [
    0.0,
    0.16112515805281938
  ],
  "avg_turns": 22.15,
  "our_attacks_total": 123,
  "zero_damage_attacks": 99,
  "zero_damage_rate": 0.8048780487804879,
  "ex_vs_wall_zero_damage": 99,
  "mean_prizes_taken": 0.65,
  "kangaskhan_ko_distribution": {
    "0": 17,
    "1": 3
  },
  "loss_reason_breakdown": {
    "deckout": 13,
    "prizes_taken": 7
  },
  "board_dev": {
    "150": {
      "name": "hydrapple_ex",
      "n_reached": 13,
      "n_games": 20,
      "reach_rate": 0.65,
      "median_turn": 6,
      "turns": [
        6,
        7,
        6,
        5,
        12,
        9,
        10,
        5,
        4,
        13,
        4,
        10,
        4
      ]
    },
    "710": {
      "name": "meganium",
      "n_reached": 16,
      "n_games": 20,
      "reach_rate": 0.8,
      "median_turn": 8.0,
      "turns": [
        11,
        6,
        11,
        8,
        21,
        8,
        4,
        3,
        6,
        11,
        10,
        7,
        8,
        5,
        6,
        17
      ]
    },
    "93": {
      "name": "dipplin",
      "n_reached": 19,
      "n_games": 20,
      "reach_rate": 0.95,
      "median_turn": 5,
      "turns": [
        5,
        6,
        3,
        6,
        21,
        4,
        5,
        4,
        5,
        4,
        5,
        4,
        11,
        4,
        7,
        10,
        11,
        4,
        4
      ]
    },
    "96": {
      "name": "ogerpon_ex",
      "n_reached": 19,
      "n_games": 20,
      "reach_rate": 0.95,
      "median_turn": 1,
      "turns": [
        1,
        2,
        1,
        2,
        1,
        1,
        2,
        1,
        1,
        1,
        1,
        1,
        1,
        1,
        10,
        1,
        1,
        3,
        2
      ]
    }
  },
  "elapsed_seconds": 471.4733159542084,
  "config_base": "abl_5_full",
  "deck_opp": "C:\\Users\\rinnz\\Documents\\pokemon\\pokemon-tcg-ai-battle\\kaggle_replays\\meta_analysis\\archetype_decks\\crustle\\06.csv",
  "deck_ours": "C:\\Users\\rinnz\\Documents\\pokemon\\pokemon-tcg-ai-battle\\kaggle_replays\\meta_analysis\\archetype_decks\\kamitsuorochi_ex\\06.csv",
  "weights_ours": "C:\\Users\\rinnz\\Documents\\pokemon\\pokemon-tcg-ai-battle\\sample_submission\\ptcg_ai\\learning\\policy_weights_kamitsuorochi_ex_multisel_s42.json",
  "weights_opp": "C:\\Users\\rinnz\\Documents\\pokemon\\pokemon-tcg-ai-battle\\sample_submission\\ptcg_ai\\learning\\policy_weights_crustle_v715b_s42.json"
}
