
written to: C:\Users\rinnz\Documents\pokemon\pokemon-tcg-ai-battle\scratchpad\runs\multisel_new\shard2.json
{
  "games_run": 20,
  "valid_games": 20,
  "errors": 0,
  "error_details": [],
  "wins": 1,
  "losses": 19,
  "draws": 0,
  "win_rate": 0.05,
  "wilson_95ci": [
    0.008881448800795402,
    0.23613119344674208
  ],
  "avg_turns": 20.65,
  "our_attacks_total": 116,
  "zero_damage_attacks": 83,
  "zero_damage_rate": 0.7155172413793104,
  "ex_vs_wall_zero_damage": 77,
  "mean_prizes_taken": 1.05,
  "kangaskhan_ko_distribution": {
    "0": 15,
    "1": 4,
    "2+": 1
  },
  "loss_reason_breakdown": {
    "deckout": 9,
    "prizes_taken": 9,
    "no_active_pokemon": 1
  },
  "board_dev": {
    "150": {
      "name": "hydrapple_ex",
      "n_reached": 18,
      "n_games": 20,
      "reach_rate": 0.9,
      "median_turn": 7.0,
      "turns": [
        3,
        6,
        20,
        9,
        6,
        13,
        5,
        14,
        17,
        6,
        7,
        10,
        7,
        8,
        7,
        12,
        3,
        6
      ]
    },
    "710": {
      "name": "meganium",
      "n_reached": 13,
      "n_games": 20,
      "reach_rate": 0.65,
      "median_turn": 11,
      "turns": [
        9,
        10,
        22,
        11,
        8,
        11,
        4,
        21,
        19,
        14,
        5,
        8,
        12
      ]
    },
    "93": {
      "name": "dipplin",
      "n_reached": 19,
      "n_games": 20,
      "reach_rate": 0.95,
      "median_turn": 6,
      "turns": [
        3,
        4,
        20,
        7,
        4,
        3,
        4,
        5,
        8,
        9,
        6,
        7,
        10,
        5,
        8,
        7,
        12,
        3,
        6
      ]
    },
    "96": {
      "name": "ogerpon_ex",
      "n_reached": 20,
      "n_games": 20,
      "reach_rate": 1.0,
      "median_turn": 1.0,
      "turns": [
        1,
        1,
        1,
        20,
        7,
        1,
        13,
        2,
        1,
        2,
        5,
        1,
        1,
        1,
        1,
        2,
        1,
        1,
        1,
        2
      ]
    }
  },
  "elapsed_seconds": 462.95316076278687,
  "config_base": "abl_5_full",
  "deck_opp": "C:\\Users\\rinnz\\Documents\\pokemon\\pokemon-tcg-ai-battle\\kaggle_replays\\meta_analysis\\archetype_decks\\crustle\\06.csv",
  "deck_ours": "C:\\Users\\rinnz\\Documents\\pokemon\\pokemon-tcg-ai-battle\\kaggle_replays\\meta_analysis\\archetype_decks\\kamitsuorochi_ex\\06.csv",
  "weights_ours": "C:\\Users\\rinnz\\Documents\\pokemon\\pokemon-tcg-ai-battle\\sample_submission\\ptcg_ai\\learning\\policy_weights_kamitsuorochi_ex_multisel_s42.json",
  "weights_opp": "C:\\Users\\rinnz\\Documents\\pokemon\\pokemon-tcg-ai-battle\\sample_submission\\ptcg_ai\\learning\\policy_weights_crustle_v715b_s42.json"
}
