
written to: C:\Users\rinnz\Documents\pokemon\pokemon-tcg-ai-battle\scratchpad\runs\multisel_new\shard0.json
{
  "games_run": 20,
  "valid_games": 20,
  "errors": 0,
  "error_details": [],
  "wins": 2,
  "losses": 18,
  "draws": 0,
  "win_rate": 0.1,
  "wilson_95ci": [
    0.02786648121376822,
    0.3010336452284873
  ],
  "avg_turns": 17.8,
  "our_attacks_total": 93,
  "zero_damage_attacks": 60,
  "zero_damage_rate": 0.6451612903225806,
  "ex_vs_wall_zero_damage": 57,
  "mean_prizes_taken": 1.35,
  "kangaskhan_ko_distribution": {
    "2+": 1,
    "0": 12,
    "1": 7
  },
  "loss_reason_breakdown": {
    "deckout": 12,
    "prizes_taken": 5,
    "no_active_pokemon": 1
  },
  "board_dev": {
    "150": {
      "name": "hydrapple_ex",
      "n_reached": 14,
      "n_games": 20,
      "reach_rate": 0.7,
      "median_turn": 5.0,
      "turns": [
        5,
        5,
        4,
        3,
        6,
        11,
        6,
        5,
        6,
        3,
        7,
        5,
        12,
        5
      ]
    },
    "710": {
      "name": "meganium",
      "n_reached": 14,
      "n_games": 20,
      "reach_rate": 0.7,
      "median_turn": 6.0,
      "turns": [
        5,
        12,
        10,
        5,
        11,
        6,
        6,
        3,
        5,
        12,
        15,
        10,
        5,
        4
      ]
    },
    "93": {
      "name": "dipplin",
      "n_reached": 19,
      "n_games": 20,
      "reach_rate": 0.95,
      "median_turn": 5,
      "turns": [
        3,
        6,
        3,
        4,
        3,
        6,
        11,
        4,
        5,
        6,
        3,
        4,
        7,
        12,
        3,
        8,
        16,
        3,
        10
      ]
    },
    "96": {
      "name": "ogerpon_ex",
      "n_reached": 19,
      "n_games": 20,
      "reach_rate": 0.95,
      "median_turn": 1,
      "turns": [
        1,
        1,
        1,
        1,
        1,
        1,
        11,
        1,
        5,
        2,
        9,
        1,
        2,
        3,
        2,
        1,
        1,
        1,
        1
      ]
    }
  },
  "elapsed_seconds": 448.22371792793274,
  "config_base": "abl_5_full",
  "deck_opp": "C:\\Users\\rinnz\\Documents\\pokemon\\pokemon-tcg-ai-battle\\kaggle_replays\\meta_analysis\\archetype_decks\\crustle\\06.csv",
  "deck_ours": "C:\\Users\\rinnz\\Documents\\pokemon\\pokemon-tcg-ai-battle\\kaggle_replays\\meta_analysis\\archetype_decks\\kamitsuorochi_ex\\06.csv",
  "weights_ours": "C:\\Users\\rinnz\\Documents\\pokemon\\pokemon-tcg-ai-battle\\sample_submission\\ptcg_ai\\learning\\policy_weights_kamitsuorochi_ex_multisel_s42.json",
  "weights_opp": "C:\\Users\\rinnz\\Documents\\pokemon\\pokemon-tcg-ai-battle\\sample_submission\\ptcg_ai\\learning\\policy_weights_crustle_v715b_s42.json"
}
