
written to: C:\Users\rinnz\Documents\pokemon\pokemon-tcg-ai-battle\scratchpad\runs\crustle_wallguard_fixed_instrumented.json
{
  "games_run": 100,
  "valid_games": 100,
  "errors": 0,
  "error_details": [],
  "wins": 48,
  "losses": 52,
  "draws": 0,
  "win_rate": 0.48,
  "wilson_95ci": [
    0.38464551758051896,
    0.5768342223477603
  ],
  "avg_turns": 18.96,
  "our_attacks_total": 630,
  "zero_damage_attacks": 290,
  "zero_damage_rate": 0.4603174603174603,
  "ex_vs_wall_zero_damage": 254,
  "mean_prizes_taken": 3.2,
  "kangaskhan_ko_distribution": {
    "1": 39,
    "2+": 28,
    "0": 33
  },
  "loss_reason_breakdown": {
    "prizes_taken": 26,
    "deckout": 25,
    "no_active_pokemon": 1
  },
  "wall_guard_stats": {
    "guard_a_checks": 2562,
    "guard_a_fired": 51,
    "guard_b_checks": 430,
    "guard_b_fired": 54,
    "pending_checks": 105,
    "pending_consumed": 105,
    "pending_dropped": 0
  },
  "elapsed_seconds": 423.4953167438507,
  "config_base": "abl_5_full_wallguard",
  "deck_opp": "kaggle_replays/meta_analysis/archetype_decks/crustle/06.csv",
  "deck_ours": null,
  "agent_opp": "rule_based"
}
