features.npz を読み込み: features_ogerpon_teal_ex_v251.npz
hand_card_vocab: 46種 [1, 2, 4, 5, 6, 7, 11, 12, 16, 19, 31, 44, 63, 96, 108, 112, 117, 140, 184, 230, 272, 318, 414, 687, 756, 978, 1071, 1080, 1094, 1097, 1116, 1118, 1119, 1121, 1122, 1127, 1172, 1182, 1188, 1197, 1198, 1205, 1210, 1221, 1227, 1250]
card_id_max=1267  embedding table size=1268 x 8
train=21926 val=2579 test=3190 (全27695件)
option特徴の標準化元行列 shape=(186377, 65)

=== ベースライン: 線形モデル(選択肢特徴のみ、状態特徴・card embeddingなし) ===
    [baseline] epoch   1  train_loss=1.6116  val_nll=1.5215 (best=1.5215, no_improve=0)  val_top1=0.4781
    [baseline] epoch   5  train_loss=1.4126  val_nll=1.4312 (best=1.4312, no_improve=0)  val_top1=0.5095
    [baseline] epoch  10  train_loss=1.3899  val_nll=1.4087 (best=1.4087, no_improve=0)  val_top1=0.5169
    [baseline] epoch  15  train_loss=1.3817  val_nll=1.3994 (best=1.3994, no_improve=0)  val_top1=0.5200
    [baseline] epoch  20  train_loss=1.3777  val_nll=1.3972 (best=1.3972, no_improve=0)  val_top1=0.5173
    [baseline] epoch  25  train_loss=1.3761  val_nll=1.3948 (best=1.3948, no_improve=0)  val_top1=0.5114
    [baseline] epoch  30  train_loss=1.3755  val_nll=1.3951 (best=1.3948, no_improve=5)  val_top1=0.5161
    [baseline] epoch  35  train_loss=1.3756  val_nll=1.3953 (best=1.3943, no_improve=3)  val_top1=0.5192
    [baseline] epoch  40  train_loss=1.3750  val_nll=1.3953 (best=1.3943, no_improve=8)  val_top1=0.5145
    [baseline] 早期終了: epoch 42(val_nll が 10 epoch 改善せず)
  学習完了 (105.3s)
  val : top1=0.5169  nll=1.3943
  test: top1=0.5320  nll=1.3464

=== 本命: MLP(embedding(card_id) ++ Linear(in,32) -> ReLU -> Linear(32,1)) ===
    [main] epoch   1  train_loss=1.3415  val_nll=1.2032 (best=1.2032, no_improve=0)  val_top1=0.5886
    [main] epoch   5  train_loss=0.9161  val_nll=1.0117 (best=1.0117, no_improve=0)  val_top1=0.6409
    [main] epoch  10  train_loss=0.8062  val_nll=0.9897 (best=0.9890, no_improve=2)  val_top1=0.6518
    [main] epoch  15  train_loss=0.7471  val_nll=0.9985 (best=0.9818, no_improve=3)  val_top1=0.6588
    [main] epoch  20  train_loss=0.7050  val_nll=1.0307 (best=0.9818, no_improve=8)  val_top1=0.6634
    [main] 早期終了: epoch 22(val_nll が 10 epoch 改善せず)
  学習完了 (72.1s, 22 epochs)
  train: top1=0.7310  nll=0.7494
  val  : top1=0.6607  nll=0.9818
  test : top1=0.6592  nll=1.0230
  train-val gap: top1=+0.0703  nll=+0.2324(overfitting指標)
  param_counts: {'fc1': 10400, 'fc2': 33, 'embedding': 10144, 'mlp': 10433, 'total': 20577}

=== 本命 vs ベースライン(val split) ===
  ベースライン(option only): top1=0.5169  nll=1.3943
  本命(state ++ option ++ embed): top1=0.6607  nll=0.9818

=== select_type別 Top-1一致率(本命モデル, test split) ===
  select_type= 0  n=  1766  top1=0.6285  nll=1.1911
  select_type= 1  n=  1170  top1=0.6530  nll=0.9323
  select_type= 2  n=    47  top1=0.4681  nll=1.5006
  select_type= 4  n=    78  top1=1.0000  nll=0.0136
  select_type= 8  n=    13  top1=1.0000  nll=0.0000
  select_type= 9  n=   116  top1=1.0000  nll=0.0000

重みを書き出しました: policy_weights_ogerpon_teal_ex_v251.json (452.1 KB)

=== 自己検証: pure_python_forward(JSON再読込) vs PyTorchモデル出力(val split 50件, float64) ===
  検証件数=50  最大誤差=3.55271368e-15  許容=1e-06
  結果: PASS

============================================================
学習パイプライン完了サマリ
============================================================
  ベースライン(option only)      test: top1=0.5320 nll=1.3464
  本命(state ++ option ++ embed) test: top1=0.6592 nll=1.0230
  自己検証: 最大誤差=3.55271368e-15 -> PASS
  出力: policy_weights_ogerpon_teal_ex_v251.json
  offline指標を書き出しました: metrics_ogerpon_teal_ex_v251.json
