[info] running 120 games across 7 worker processes
[progress] 10/120 games done (32.0s)
[progress] 20/120 games done (57.2s)
[progress] 30/120 games done (81.9s)
[progress] 40/120 games done (108.4s)
[progress] 50/120 games done (140.6s)
[progress] 60/120 games done (180.8s)
[progress] 70/120 games done (209.0s)
[progress] 80/120 games done (239.0s)
[progress] 90/120 games done (267.1s)
[progress] 100/120 games done (291.0s)
[progress] 110/120 games done (317.5s)
[progress] 120/120 games done (361.0s)
=== hammer diagnostic: alakazam(ml_policy/abl_5_full_tie0100) vs crustle, shirona_garchomp_ex ===
tie_eps(pipeline)=0.01 (config=abl_5_full_tie0100; PTCG_AI_ML_CONFIG env override確認用)
games: 120/120 valid (0 errors), elapsed 361.0s, workers=7

条件緩和内訳(階層的。cond2 ⊇ cond2&3 ⊇ cond2&3&4 ⊇ qualifying=cond2&3&4&5):
  cond2(Alakazamでハンマー先発可能なエネルギー)               2600 件
  cond2&3(+ いまは倒せない)                                   1600 件
  cond2&3&4(+ 特殊エネ1枚剥がせば倒せる)                       240 件
  qualifying = cond2&3&4&5(+ 手札にハンマーがありプレイ可能)    85 件

該当決定点            85 件（120 試合中）
  ハンマーを使った     37 件（43.5%）
  使わなかった        48 件（56.5%）
    代わりに選んだ手の内訳（OptionType 別、上位5件）
      PLAY: 17 件（35.4%）
      ABILITY: 16 件（33.3%）
      EVOLVE: 15 件（31.2%）

--- run2拡張: 経路 / pipeline未起動理由 / ハンマーの方策順位 ---
  [該当決定点 全体] 85 件
    行動を決めた経路
      lethal             0 件（0.0%）
      pipeline          81 件（95.3%）
      attack_hybrid      0 件（0.0%）
      policy 単体          4 件（4.7%）
    pipeline が深い探索(Step3-5)を行わなかった理由の内訳
      lethal が先に発火(pipeline未到達)                   0 件（0.0%）
      maxCount!=1 / 選択肢なし                         0 件（0.0%）
      自分の手番でない/決着済み                               0 件（0.0%）
      スコア取得失敗/選択肢数と不一致                            0 件（0.0%）
      top1集中でスキップ (prob >= top1_shortcut_prob)    0 件（0.0%）
      深い探索を実行したが結果を得られず(scored空/例外等)              4 件（4.7%）
      深い探索(Step3-5)が実際に走り、結果を採用                  81 件（95.3%）
    ハンマーの方策順位（Step2 再現）
      1位       34 件 / 2〜4位    42 件 / 5位以下     9 件（順位計算できたのは 85/85 件）
      top_k=4 に入っていた              76 件（89.4%）
      top1 確率の中央値                0.291

  [使わなかった48件のみ] 48 件
    行動を決めた経路
      lethal             0 件（0.0%）
      pipeline          46 件（95.8%）
      attack_hybrid      0 件（0.0%）
      policy 単体          2 件（4.2%）
    pipeline が深い探索(Step3-5)を行わなかった理由の内訳
      lethal が先に発火(pipeline未到達)                   0 件（0.0%）
      maxCount!=1 / 選択肢なし                         0 件（0.0%）
      自分の手番でない/決着済み                               0 件（0.0%）
      スコア取得失敗/選択肢数と不一致                            0 件（0.0%）
      top1集中でスキップ (prob >= top1_shortcut_prob)    0 件（0.0%）
      深い探索を実行したが結果を得られず(scored空/例外等)              2 件（4.2%）
      深い探索(Step3-5)が実際に走り、結果を採用                  46 件（95.8%）
    ハンマーの方策順位（Step2 再現）
      1位        4 件 / 2〜4位    35 件 / 5位以下     9 件（順位計算できたのは 48/48 件）
      top_k=4 に入っていた              39 件（81.2%）
      top1 確率の中央値                0.285

  [使った37件のみ(比較用)] 37 件
    行動を決めた経路
      lethal             0 件（0.0%）
      pipeline          35 件（94.6%）
      attack_hybrid      0 件（0.0%）
      policy 単体          2 件（5.4%）
    pipeline が深い探索(Step3-5)を行わなかった理由の内訳
      lethal が先に発火(pipeline未到達)                   0 件（0.0%）
      maxCount!=1 / 選択肢なし                         0 件（0.0%）
      自分の手番でない/決着済み                               0 件（0.0%）
      スコア取得失敗/選択肢数と不一致                            0 件（0.0%）
      top1集中でスキップ (prob >= top1_shortcut_prob)    0 件（0.0%）
      深い探索を実行したが結果を得られず(scored空/例外等)              2 件（5.4%）
      深い探索(Step3-5)が実際に走り、結果を採用                  35 件（94.6%）
    ハンマーの方策順位（Step2 再現）
      1位       30 件 / 2〜4位     7 件 / 5位以下     0 件（順位計算できたのは 37/37 件）
      top_k=4 に入っていた              37 件（100.0%）
      top1 確率の中央値                0.297

--- 相手アーキタイプ別 ---
  crustle                qualifying=  35  used=  15  (42.9%)
  shirona_garchomp_ex    qualifying=  50  used=  22  (44.0%)

--- 使わなかった事例（最大3件、全 48 件中）---
  [1] opponent=crustle game=3
      手札枚数: 9
      相手: Crustle  HP 160/170
      付いている特殊エネ: ['Grow Grass Energy', 'Mist Energy']
      現状の想定ダメージ: 0  (Mist Energy を剥がした場合: 180)
      実際に選んだ手: PLAY(Hilda)
  [2] opponent=crustle game=3
      手札枚数: 10
      相手: Crustle  HP 160/170
      付いている特殊エネ: ['Grow Grass Energy', 'Mist Energy']
      現状の想定ダメージ: 0  (Mist Energy を剥がした場合: 200)
      実際に選んだ手: EVOLVE(Dudunsparce)
  [3] opponent=crustle game=3
      手札枚数: 9
      相手: Crustle  HP 160/170
      付いている特殊エネ: ['Grow Grass Energy', 'Mist Energy']
      現状の想定ダメージ: 0  (Mist Energy を剥がした場合: 180)
      実際に選んだ手: ABILITY(Dudunsparce)

=== 問い1: ハンマーの無駄打ちを測る ===
実際にプレイされた Enhanced Hammer  263 件
  ① そのターンに倒せるようになった                  36 件（13.7%）
  ② 自分の攻撃の無効化を解いた(倒せない)              26 件（9.9%）
  ③ 打点に無関係                          201 件（76.4%）
    ③の内訳(合計 201 件):
      その瞬間 Alakazam の Powerful Hand が使えない(未進化/エネ不足)   149 件
      アクティブ以外(ベンチ)から剥がした                            24 件
      上記以外(実際に打点計算しても無関係だった)                      28 件

「倒せたのにハンマー無し」が発生した試合数           24 件
  そのうち、それ以前に①以外のハンマーを撃っていた試合   19 件（79.2%）
  平均で、その時点までに撃っていた①以外の枚数        1.50 枚
  デッキのハンマーは4枚。使い切っていた試合            1 件（4.2%）

=== 問い2: 葉評価を値ネットに替えたら直りそうか ===
value 評価器に使った重み: C:\Users\USER\Documents\pokemon\pokemon-tcg-ai-battle\kaggle_replays\value_net\value_weights_wired_2026-08-07.json
逃した局面 48 件中、比較可能  46 件
  handcrafted  ハンマー後 > 選択手後 だった件数     39 (84.8%)   平均差 +0.013
  値ネット         ハンマー後 > 選択手後 だった件数     35 (76.1%)   平均差 +0.067

result written to: C:\Users\USER\Documents\pokemon\pokemon-tcg-ai-battle\kaggle_replays\rl\hammer_diagnostic_out\sweep_tie0100.json
